/home/honeykill/STM32_Project/f407_ele/App/Emm_V5_App.c:70:17:Emm_V5_App_Lock	16	static,ignoring_inline_asm
/home/honeykill/STM32_Project/f407_ele/App/Emm_V5_App.c:77:13:Emm_V5_App_Unlock	16	static,ignoring_inline_asm
/home/honeykill/STM32_Project/f407_ele/App/Emm_V5_App.c:84:16:Emm_V5_App_QueueNext	16	static
/home/honeykill/STM32_Project/f407_ele/App/Emm_V5_App.c:93:13:Emm_V5_App_QueueClearLocked	4	static
/home/honeykill/STM32_Project/f407_ele/App/Emm_V5_App.c:98:16:Emm_V5_App_QueueDepthLocked	4	static
/home/honeykill/STM32_Project/f407_ele/App/Emm_V5_App.c:106:13:Emm_V5_App_QueuePushLocked	24	static
/home/honeykill/STM32_Project/f407_ele/App/Emm_V5_App.c:120:16:Emm_V5_App_QueuePopLocked	24	static
/home/honeykill/STM32_Project/f407_ele/App/Emm_V5_App.c:133:13:Emm_V5_App_USB_Reply	24	static
/home/honeykill/STM32_Project/f407_ele/App/Emm_V5_App.c:145:13:Emm_V5_App_BuildDebugText	224	static
/home/honeykill/STM32_Project/f407_ele/App/Emm_V5_App.c:194:13:Emm_V5_App_ReplyWithDebug	280	static
/home/honeykill/STM32_Project/f407_ele/App/Emm_V5_App.c:228:13:Emm_V5_App_ToUpper	16	static
/home/honeykill/STM32_Project/f407_ele/App/Emm_V5_App.c:238:16:Emm_V5_App_ClampRpm	16	static
/home/honeykill/STM32_Project/f407_ele/App/Emm_V5_App.c:249:14:Emm_V5_App_AbsFloat	16	static
/home/honeykill/STM32_Project/f407_ele/App/Emm_V5_App.c:254:14:Emm_V5_App_DecodeLEFloat	24	static
/home/honeykill/STM32_Project/f407_ele/App/Emm_V5_App.c:269:16:Emm_V5_App_FloatToRpm	16	static
/home/honeykill/STM32_Project/f407_ele/App/Emm_V5_App.c:280:17:Emm_V5_App_AbsRpm	16	static
/home/honeykill/STM32_Project/f407_ele/App/Emm_V5_App.c:285:16:Emm_V5_App_GetDir	24	static
/home/honeykill/STM32_Project/f407_ele/App/Emm_V5_App.c:296:13:Emm_V5_App_SendAxisVelocity	32	static
/home/honeykill/STM32_Project/f407_ele/App/Emm_V5_App.c:304:13:Emm_V5_App_MapEnableState	16	static
/home/honeykill/STM32_Project/f407_ele/App/Emm_V5_App.c:313:13:Emm_V5_App_SetVelocityAxis1	16	static
/home/honeykill/STM32_Project/f407_ele/App/Emm_V5_App.c:324:13:Emm_V5_App_SetVelocityAxis2	16	static
/home/honeykill/STM32_Project/f407_ele/App/Emm_V5_App.c:335:13:Emm_V5_App_QueueVel	32	static
/home/honeykill/STM32_Project/f407_ele/App/Emm_V5_App.c:350:13:Emm_V5_App_QueueEnable	32	static
/home/honeykill/STM32_Project/f407_ele/App/Emm_V5_App.c:369:13:Emm_V5_App_QueueStop	24	static
/home/honeykill/STM32_Project/f407_ele/App/Emm_V5_App.c:388:13:Emm_V5_App_HandleVofaFrame	32	static
/home/honeykill/STM32_Project/f407_ele/App/Emm_V5_App.c:428:13:Emm_V5_App_VofaFeedByte	24	static
/home/honeykill/STM32_Project/f407_ele/App/Emm_V5_App.c:485:13:Emm_V5_App_PollVofaUartInput	16	static
/home/honeykill/STM32_Project/f407_ele/App/Emm_V5_App.c:499:13:Emm_V5_App_VofaControlTask	32	static
/home/honeykill/STM32_Project/f407_ele/App/Emm_V5_App.c:565:13:Emm_V5_App_ProcessCmd	120	static
/home/honeykill/STM32_Project/f407_ele/App/Emm_V5_App.c:649:6:Emm_V5_App_Init	16	static
/home/honeykill/STM32_Project/f407_ele/App/Emm_V5_App.c:668:6:Emm_V5_App_Task	32	static
/home/honeykill/STM32_Project/f407_ele/App/Emm_V5_App.c:748:6:Emm_V5_App_SetEnable	16	static
/home/honeykill/STM32_Project/f407_ele/App/Emm_V5_App.c:753:6:Emm_V5_App_SetVelocity	16	static
/home/honeykill/STM32_Project/f407_ele/App/Emm_V5_App.c:758:6:Emm_V5_App_Stop	8	static
/home/honeykill/STM32_Project/f407_ele/App/Emm_V5_App.c:763:6:Emm_V5_App_USB_CDC_Input	24	static
