/home/honeykill/STM32_Project/f407_ele/App/Uart1_Dma.c:21:17:UART1_Lock	16	static
/home/honeykill/STM32_Project/f407_ele/App/Uart1_Dma.c:28:13:UART1_Unlock	16	static
/home/honeykill/STM32_Project/f407_ele/App/Uart1_Dma.c:35:13:UART1_RingPushByte	24	static
/home/honeykill/STM32_Project/f407_ele/App/Uart1_Dma.c:47:13:UART1_RingPushBlock	24	static
/home/honeykill/STM32_Project/f407_ele/App/Uart1_Dma.c:56:13:UART1_RxCheck	16	static
/home/honeykill/STM32_Project/f407_ele/App/Uart1_Dma.c:84:26:UART1_TxStart	24	static
/home/honeykill/STM32_Project/f407_ele/App/Uart1_Dma.c:97:6:UART1_DmaCommInit	8	static
/home/honeykill/STM32_Project/f407_ele/App/Uart1_Dma.c:114:6:UART1_DmaIrqHandler	16	static
/home/honeykill/STM32_Project/f407_ele/App/Uart1_Dma.c:123:19:UART1_DmaTxEnqueue	24	static
/home/honeykill/STM32_Project/f407_ele/App/Uart1_Dma.c:160:10:UART1_DmaRxAvailable	24	static
/home/honeykill/STM32_Project/f407_ele/App/Uart1_Dma.c:181:10:UART1_DmaRxRead	24	static
/home/honeykill/STM32_Project/f407_ele/App/Uart1_Dma.c:201:6:HAL_UART_TxCpltCallback	24	static
/home/honeykill/STM32_Project/f407_ele/App/Uart1_Dma.c:221:6:HAL_UART_RxHalfCpltCallback	16	static
/home/honeykill/STM32_Project/f407_ele/App/Uart1_Dma.c:230:6:HAL_UART_RxCpltCallback	16	static
/home/honeykill/STM32_Project/f407_ele/App/Uart1_Dma.c:239:6:HAL_UART_ErrorCallback	16	static
