/home/honeykill/STM32_Project/f407_ele/App/Uart1_Dma.c:32:17:UART1_Lock	16	static,ignoring_inline_asm
/home/honeykill/STM32_Project/f407_ele/App/Uart1_Dma.c:39:13:UART1_Unlock	16	static,ignoring_inline_asm
/home/honeykill/STM32_Project/f407_ele/App/Uart1_Dma.c:46:13:UART1_RingPushByte	24	static
/home/honeykill/STM32_Project/f407_ele/App/Uart1_Dma.c:64:13:UART1_RingPushBlock	24	static
/home/honeykill/STM32_Project/f407_ele/App/Uart1_Dma.c:74:13:UART1_RxCheck	16	static
/home/honeykill/STM32_Project/f407_ele/App/Uart1_Dma.c:102:26:UART1_TxStart	24	static
/home/honeykill/STM32_Project/f407_ele/App/Uart1_Dma.c:118:6:UART1_DmaCommInit	8	static
/home/honeykill/STM32_Project/f407_ele/App/Uart1_Dma.c:146:6:UART1_DmaIrqHandler	16	static
/home/honeykill/STM32_Project/f407_ele/App/Uart1_Dma.c:155:19:UART1_DmaTxEnqueue	24	static
/home/honeykill/STM32_Project/f407_ele/App/Uart1_Dma.c:198:10:UART1_DmaRxAvailable	24	static
/home/honeykill/STM32_Project/f407_ele/App/Uart1_Dma.c:219:10:UART1_DmaRxRead	24	static
/home/honeykill/STM32_Project/f407_ele/App/Uart1_Dma.c:239:6:HAL_UART_TxCpltCallback	24	static
/home/honeykill/STM32_Project/f407_ele/App/Uart1_Dma.c:260:6:HAL_UART_RxHalfCpltCallback	16	static
/home/honeykill/STM32_Project/f407_ele/App/Uart1_Dma.c:269:6:HAL_UART_RxCpltCallback	16	static
/home/honeykill/STM32_Project/f407_ele/App/Uart1_Dma.c:278:6:HAL_UART_ErrorCallback	16	static
/home/honeykill/STM32_Project/f407_ele/App/Uart1_Dma.c:292:6:UART1_DmaGetDebugInfo	24	static
