Archive member included to satisfy reference by file (symbol)

/usr/lib/gcc/arm-none-eabi/13.2.1/thumb/v7e-m+fp/hard/libgcc.a(_aeabi_uldivmod.o)
                              cmake/stm32cubemx/CMakeFiles/STM32_Drivers.dir/__/__/Drivers/STM32F4xx_HAL_Driver/Src/stm32f4xx_hal_rcc.c.obj (__aeabi_uldivmod)
/usr/lib/gcc/arm-none-eabi/13.2.1/thumb/v7e-m+fp/hard/libgcc.a(_udivmoddi4.o)
                              /usr/lib/gcc/arm-none-eabi/13.2.1/thumb/v7e-m+fp/hard/libgcc.a(_aeabi_uldivmod.o) (__udivmoddi4)
/usr/lib/gcc/arm-none-eabi/13.2.1/thumb/v7e-m+fp/hard/libgcc.a(_dvmd_tls.o)
                              /usr/lib/gcc/arm-none-eabi/13.2.1/thumb/v7e-m+fp/hard/libgcc.a(_aeabi_uldivmod.o) (__aeabi_ldiv0)
/usr/lib/gcc/arm-none-eabi/13.2.1/../../../arm-none-eabi/lib/thumb/v7e-m+fp/hard/libg_nano.a(libc_a-init.o)
                              /usr/lib/gcc/arm-none-eabi/13.2.1/../../../arm-none-eabi/lib/thumb/v7e-m+fp/hard/crt0.o (__libc_init_array)
/usr/lib/gcc/arm-none-eabi/13.2.1/../../../arm-none-eabi/lib/thumb/v7e-m+fp/hard/libg_nano.a(libc_a-sscanf.o)
                              CMakeFiles/f407-fish.dir/App/Emm_V5_App.c.obj (sscanf)
/usr/lib/gcc/arm-none-eabi/13.2.1/../../../arm-none-eabi/lib/thumb/v7e-m+fp/hard/libg_nano.a(libc_a-strlen.o)
                              /usr/lib/gcc/arm-none-eabi/13.2.1/../../../arm-none-eabi/lib/thumb/v7e-m+fp/hard/libg_nano.a(libc_a-sscanf.o) (strlen)
/usr/lib/gcc/arm-none-eabi/13.2.1/../../../arm-none-eabi/lib/thumb/v7e-m+fp/hard/libg_nano.a(libc_a-memset.o)
                              /usr/lib/gcc/arm-none-eabi/13.2.1/../../../arm-none-eabi/lib/thumb/v7e-m+fp/hard/crt0.o (memset)
/usr/lib/gcc/arm-none-eabi/13.2.1/../../../arm-none-eabi/lib/thumb/v7e-m+fp/hard/libg_nano.a(libc_a-errno.o)
                              CMakeFiles/f407-fish.dir/Core/Src/sysmem.c.obj (__errno)
/usr/lib/gcc/arm-none-eabi/13.2.1/../../../arm-none-eabi/lib/thumb/v7e-m+fp/hard/libg_nano.a(libc_a-memcpy.o)
                              CMakeFiles/f407-fish.dir/App/Emm_V5_App.c.obj (memcpy)
/usr/lib/gcc/arm-none-eabi/13.2.1/../../../arm-none-eabi/lib/thumb/v7e-m+fp/hard/libg_nano.a(libc_a-strcmp.o)
                              CMakeFiles/f407-fish.dir/App/Emm_V5_App.c.obj (strcmp)
/usr/lib/gcc/arm-none-eabi/13.2.1/../../../arm-none-eabi/lib/thumb/v7e-m+fp/hard/libg_nano.a(libc_a-exit.o)
                              /usr/lib/gcc/arm-none-eabi/13.2.1/../../../arm-none-eabi/lib/thumb/v7e-m+fp/hard/crt0.o (exit)
/usr/lib/gcc/arm-none-eabi/13.2.1/../../../arm-none-eabi/lib/thumb/v7e-m+fp/hard/libg_nano.a(libc_a-atexit.o)
                              /usr/lib/gcc/arm-none-eabi/13.2.1/../../../arm-none-eabi/lib/thumb/v7e-m+fp/hard/crt0.o (atexit)
/usr/lib/gcc/arm-none-eabi/13.2.1/../../../arm-none-eabi/lib/thumb/v7e-m+fp/hard/libg_nano.a(libc_a-snprintf.o)
                              CMakeFiles/f407-fish.dir/App/Emm_V5_App.c.obj (snprintf)
/usr/lib/gcc/arm-none-eabi/13.2.1/../../../arm-none-eabi/lib/thumb/v7e-m+fp/hard/libg_nano.a(libc_a-strnlen.o)
                              CMakeFiles/f407-fish.dir/App/Emm_V5_App.c.obj (strnlen)
/usr/lib/gcc/arm-none-eabi/13.2.1/../../../arm-none-eabi/lib/thumb/v7e-m+fp/hard/libg_nano.a(libc_a-fini.o)
                              /usr/lib/gcc/arm-none-eabi/13.2.1/../../../arm-none-eabi/lib/thumb/v7e-m+fp/hard/crt0.o (__libc_fini_array)
/usr/lib/gcc/arm-none-eabi/13.2.1/../../../arm-none-eabi/lib/thumb/v7e-m+fp/hard/libg_nano.a(libc_a-stdio.o)
                              /usr/lib/gcc/arm-none-eabi/13.2.1/../../../arm-none-eabi/lib/thumb/v7e-m+fp/hard/libg_nano.a(libc_a-sscanf.o) (__seofread)
/usr/lib/gcc/arm-none-eabi/13.2.1/../../../arm-none-eabi/lib/thumb/v7e-m+fp/hard/libg_nano.a(libc_a-impure.o)
                              /usr/lib/gcc/arm-none-eabi/13.2.1/../../../arm-none-eabi/lib/thumb/v7e-m+fp/hard/libg_nano.a(libc_a-sscanf.o) (_impure_ptr)
/usr/lib/gcc/arm-none-eabi/13.2.1/../../../arm-none-eabi/lib/thumb/v7e-m+fp/hard/libg_nano.a(libc_a-nano-svfprintf.o)
                              /usr/lib/gcc/arm-none-eabi/13.2.1/../../../arm-none-eabi/lib/thumb/v7e-m+fp/hard/libg_nano.a(libc_a-snprintf.o) (_svfprintf_r)
/usr/lib/gcc/arm-none-eabi/13.2.1/../../../arm-none-eabi/lib/thumb/v7e-m+fp/hard/libg_nano.a(libc_a-nano-svfscanf.o)
                              /usr/lib/gcc/arm-none-eabi/13.2.1/../../../arm-none-eabi/lib/thumb/v7e-m+fp/hard/libg_nano.a(libc_a-sscanf.o) (__ssvfscanf_r)
/usr/lib/gcc/arm-none-eabi/13.2.1/../../../arm-none-eabi/lib/thumb/v7e-m+fp/hard/libg_nano.a(libc_a-nano-vfscanf_i.o)
                              /usr/lib/gcc/arm-none-eabi/13.2.1/../../../arm-none-eabi/lib/thumb/v7e-m+fp/hard/libg_nano.a(libc_a-nano-svfscanf.o) (_scanf_chars)
/usr/lib/gcc/arm-none-eabi/13.2.1/../../../arm-none-eabi/lib/thumb/v7e-m+fp/hard/libg_nano.a(libc_a-findfp.o)
                              /usr/lib/gcc/arm-none-eabi/13.2.1/../../../arm-none-eabi/lib/thumb/v7e-m+fp/hard/libg_nano.a(libc_a-exit.o) (__stdio_exit_handler)
[...]
Memory Configuration

Name             Origin             Length             Attributes
RAM              0x20000000         0x00020000         xrw
CCMRAM           0x10000000         0x00010000         xrw
FLASH            0x08000000         0x00080000         xr
*default*        0x00000000         0xffffffff

Linker script and memory map

LOAD /usr/lib/gcc/arm-none-eabi/13.2.1/thumb/v7e-m+fp/hard/crti.o
LOAD /usr/lib/gcc/arm-none-eabi/13.2.1/thumb/v7e-m+fp/hard/crtbegin.o
LOAD /usr/lib/gcc/arm-none-eabi/13.2.1/../../../arm-none-eabi/lib/thumb/v7e-m+fp/hard/crt0.o
LOAD cmake/stm32cubemx/CMakeFiles/STM32_Drivers.dir/__/__/Core/Src/system_stm32f4xx.c.obj
LOAD cmake/stm32cubemx/CMakeFiles/STM32_Drivers.dir/__/__/Drivers/STM32F4xx_HAL_Driver/Src/stm32f4xx_hal_pcd.c.obj
LOAD cmake/stm32cubemx/CMakeFiles/STM32_Drivers.dir/__/__/Drivers/STM32F4xx_HAL_Driver/Src/stm32f4xx_hal_pcd_ex.c.obj
LOAD cmake/stm32cubemx/CMakeFiles/STM32_Drivers.dir/__/__/Drivers/STM32F4xx_HAL_Driver/Src/stm32f4xx_ll_usb.c.obj
LOAD cmake/stm32cubemx/CMakeFiles/STM32_Drivers.dir/__/__/Drivers/STM32F4xx_HAL_Driver/Src/stm32f4xx_hal_rcc.c.obj
LOAD cmake/stm32cubemx/CMakeFiles/STM32_Drivers.dir/__/__/Drivers/STM32F4xx_HAL_Driver/Src/stm32f4xx_hal_rcc_ex.c.obj
LOAD cmake/stm32cubemx/CMakeFiles/STM32_Drivers.dir/__/__/Drivers/STM32F4xx_HAL_Driver/Src/stm32f4xx_hal_flash.c.obj
LOAD cmake/stm32cubemx/CMakeFiles/STM32_Drivers.dir/__/__/Drivers/STM32F4xx_HAL_Driver/Src/stm32f4xx_hal_flash_ex.c.obj
LOAD cmake/stm32cubemx/CMakeFiles/STM32_Drivers.dir/__/__/Drivers/STM32F4xx_HAL_Driver/Src/stm32f4xx_hal_flash_ramfunc.c.obj
LOAD cmake/stm32cubemx/CMakeFiles/STM32_Drivers.dir/__/__/Drivers/STM32F4xx_HAL_Driver/Src/stm32f4xx_hal_gpio.c.obj
LOAD cmake/stm32cubemx/CMakeFiles/STM32_Drivers.dir/__/__/Drivers/STM32F4xx_HAL_Driver/Src/stm32f4xx_hal_dma_ex.c.obj
LOAD cmake/stm32cubemx/CMakeFiles/STM32_Drivers.dir/__/__/Drivers/STM32F4xx_HAL_Driver/Src/stm32f4xx_hal_dma.c.obj
LOAD cmake/stm32cubemx/CMakeFiles/STM32_Drivers.dir/__/__/Drivers/STM32F4xx_HAL_Driver/Src/stm32f4xx_hal_pwr.c.obj
LOAD cmake/stm32cubemx/CMakeFiles/STM32_Drivers.dir/__/__/Drivers/STM32F4xx_HAL_Driver/Src/stm32f4xx_hal_pwr_ex.c.obj
LOAD cmake/stm32cubemx/CMakeFiles/STM32_Drivers.dir/__/__/Drivers/STM32F4xx_HAL_Driver/Src/stm32f4xx_hal_cortex.c.obj
LOAD cmake/stm32cubemx/CMakeFiles/STM32_Drivers.dir/__/__/Drivers/STM32F4xx_HAL_Driver/Src/stm32f4xx_hal.c.obj
LOAD cmake/stm32cubemx/CMakeFiles/STM32_Drivers.dir/__/__/Drivers/STM32F4xx_HAL_Driver/Src/stm32f4xx_hal_exti.c.obj
LOAD cmake/stm32cubemx/CMakeFiles/STM32_Drivers.dir/__/__/Drivers/STM32F4xx_HAL_Driver/Src/stm32f4xx_hal_uart.c.obj
LOAD cmake/stm32cubemx/CMakeFiles/USB_Device_Library.dir/__/__/Middlewares/ST/STM32_USB_Device_Library/Core/Src/usbd_core.c.obj
LOAD cmake/stm32cubemx/CMakeFiles/USB_Device_Library.dir/__/__/Middlewares/ST/STM32_USB_Device_Library/Core/Src/usbd_ctlreq.c.obj
LOAD cmake/stm32cubemx/CMakeFiles/USB_Device_Library.dir/__/__/Middlewares/ST/STM32_USB_Device_Library/Core/Src/usbd_ioreq.c.obj
LOAD cmake/stm32cubemx/CMakeFiles/USB_Device_Library.dir/__/__/Middlewares/ST/STM32_USB_Device_Library/Class/CDC/Src/usbd_cdc.c.obj
LOAD CMakeFiles/f407-fish.dir/USB_DEVICE/Target/usbd_conf.c.obj
LOAD CMakeFiles/f407-fish.dir/USB_DEVICE/App/usb_device.c.obj
LOAD CMakeFiles/f407-fish.dir/USB_DEVICE/App/usbd_desc.c.obj
LOAD CMakeFiles/f407-fish.dir/USB_DEVICE/App/usbd_cdc_if.c.obj
LOAD CMakeFiles/f407-fish.dir/Core/Src/main.c.obj
LOAD CMakeFiles/f407-fish.dir/Core/Src/gpio.c.obj
LOAD CMakeFiles/f407-fish.dir/Core/Src/dma.c.obj
LOAD CMakeFiles/f407-fish.dir/Core/Src/usart.c.obj
LOAD CMakeFiles/f407-fish.dir/Core/Src/stm32f4xx_it.c.obj
LOAD CMakeFiles/f407-fish.dir/Core/Src/stm32f4xx_hal_msp.c.obj
LOAD CMakeFiles/f407-fish.dir/Core/Src/sysmem.c.obj
LOAD CMakeFiles/f407-fish.dir/Core/Src/syscalls.c.obj
LOAD CMakeFiles/f407-fish.dir/startup_stm32f407xx.s.obj
LOAD CMakeFiles/f407-fish.dir/App/Emm_V5.c.obj
LOAD CMakeFiles/f407-fish.dir/App/Emm_V5_App.c.obj
LOAD CMakeFiles/f407-fish.dir/App/Uart1_Dma.c.obj
LOAD /usr/lib/gcc/arm-none-eabi/13.2.1/../../../arm-none-eabi/lib/thumb/v7e-m+fp/hard/libm.a
START GROUP
LOAD /usr/lib/gcc/arm-none-eabi/13.2.1/thumb/v7e-m+fp/hard/libgcc.a
LOAD /usr/lib/gcc/arm-none-eabi/13.2.1/../../../arm-none-eabi/lib/thumb/v7e-m+fp/hard/libg_nano.a
LOAD /usr/lib/gcc/arm-none-eabi/13.2.1/../../../arm-none-eabi/lib/thumb/v7e-m+fp/hard/libc_nano.a
END GROUP
START GROUP
LOAD /usr/lib/gcc/arm-none-eabi/13.2.1/thumb/v7e-m+fp/hard/libgcc.a
LOAD /usr/lib/gcc/arm-none-eabi/13.2.1/../../../arm-none-eabi/lib/thumb/v7e-m+fp/hard/libc_nano.a
END GROUP
LOAD /usr/lib/gcc/arm-none-eabi/13.2.1/thumb/v7e-m+fp/hard/crtend.o
LOAD /usr/lib/gcc/arm-none-eabi/13.2.1/thumb/v7e-m+fp/hard/crtn.o
                0x20020000                        _estack = (ORIGIN (RAM) + LENGTH (RAM))
                0x2001fc00                        _sstack = (_estack - _Min_Stack_Size)
                0x00000200                        _Min_Heap_Size = 0x200
                0x00000400                        _Min_Stack_Size = 0x400

.isr_vector     0x08000000      0x188
                0x08000000                        . = ALIGN (0x4)
 *(.isr_vector)
 .isr_vector    0x08000000      0x188 CMakeFiles/f407-fish.dir/startup_stm32f407xx.s.obj
                0x08000000                g_pfnVectors
                0x08000188                        . = ALIGN (0x4)

.text           0x080001c0     0xbb94
                0x080001c0                        . = ALIGN (0x4)
 *(.text)
 .text          0x080001c0       0x88 /usr/lib/gcc/arm-none-eabi/13.2.1/thumb/v7e-m+fp/hard/crtbegin.o
 .text          0x08000248       0x30 /usr/lib/gcc/arm-none-eabi/13.2.1/thumb/v7e-m+fp/hard/libgcc.a(_aeabi_uldivmod.o)
                0x08000248                __aeabi_uldivmod
 .text          0x08000278      0x2bc /usr/lib/gcc/arm-none-eabi/13.2.1/thumb/v7e-m+fp/hard/libgcc.a(_udivmoddi4.o)
                0x08000278                __udivmoddi4
 .text          0x08000534        0x4 /usr/lib/gcc/arm-none-eabi/13.2.1/thumb/v7e-m+fp/hard/libgcc.a(_dvmd_tls.o)
                0x08000534                __aeabi_ldiv0
                0x08000534                __aeabi_idiv0
 .text          0x08000538       0x50 /usr/lib/gcc/arm-none-eabi/13.2.1/../../../arm-none-eabi/lib/thumb/v7e-m+fp/hard/libg_nano.a(libc_a-init.o)
                0x08000538                __libc_init_array
 .text          0x08000588       0xb0 /usr/lib/gcc/arm-none-eabi/13.2.1/../../../arm-none-eabi/lib/thumb/v7e-m+fp/hard/libg_nano.a(libc_a-sscanf.o)
                0x08000588                sscanf
                0x08000588                siscanf
                0x080005e0                _siscanf_r
                0x080005e0                _sscanf_r
 *fill*         0x08000638        0x8 
 .text          0x08000640       0xd8 /usr/lib/gcc/arm-none-eabi/13.2.1/../../../arm-none-eabi/lib/thumb/v7e-m+fp/hard/libg_nano.a(libc_a-strlen.o)
                0x08000640                strlen
 .text          0x08000718       0xa4 /usr/lib/gcc/arm-none-eabi/13.2.1/../../../arm-none-eabi/lib/thumb/v7e-m+fp/hard/libg_nano.a(libc_a-memset.o)
                0x08000718                memset
 .text          0x080007bc        0xc /usr/lib/gcc/arm-none-eabi/13.2.1/../../../arm-none-eabi/lib/thumb/v7e-m+fp/hard/libg_nano.a(libc_a-errno.o)
                0x080007bc                __errno
 .text          0x080007c8      0x134 /usr/lib/gcc/arm-none-eabi/13.2.1/../../../arm-none-eabi/lib/thumb/v7e-m+fp/hard/libg_nano.a(libc_a-memcpy.o)
                0x080007c8                memcpy
 *fill*         0x080008fc        0x4 
 .text          0x08000900      0x2e0 /usr/lib/gcc/arm-none-eabi/13.2.1/../../../arm-none-eabi/lib/thumb/v7e-m+fp/hard/libg_nano.a(libc_a-strcmp.o)
                0x08000900                strcmp
 .text          0x08000be0      0x114 /usr/lib/gcc/arm-none-eabi/13.2.1/../../../arm-none-eabi/lib/thumb/v7e-m+fp/hard/libg_nano.a(libc_a-snprintf.o)
                0x08000be0                _sniprintf_r
                0x08000be0                _snprintf_r
                0x08000c64                snprintf
                0x08000c64                sniprintf
 .text          0x08000cf4       0x24 /usr/lib/gcc/arm-none-eabi/13.2.1/../../../arm-none-eabi/lib/thumb/v7e-m+fp/hard/libg_nano.a(libc_a-strnlen.o)
                0x08000cf4                strnlen
 .text          0x08000d18       0x94 /usr/lib/gcc/arm-none-eabi/13.2.1/../../../arm-none-eabi/lib/thumb/v7e-m+fp/hard/libg_nano.a(libc_a-stdio.o)
                0x08000d18                __sread
                0x08000d3c                __seofread
                0x08000d40                __swrite
                0x08000d80                __sseek
                0x08000da4                __sclose
 .text          0x08000dac      0x400 /usr/lib/gcc/arm-none-eabi/13.2.1/../../../arm-none-eabi/lib/thumb/v7e-m+fp/hard/libg_nano.a(libc_a-nano-svfprintf.o)
                0x08000dac                __ssputs_r
                0x08000e6c                __ssprint_r
                0x08000f74                _svfprintf_r
                0x08000f74                _svfiprintf_r
 .text          0x080011ac      0x438 /usr/lib/gcc/arm-none-eabi/13.2.1/../../../arm-none-eabi/lib/thumb/v7e-m+fp/hard/libg_nano.a(libc_a-nano-svfscanf.o)
                0x080011ac                _sungetc_r
                0x08001228                __ssrefill_r
                0x08001260                __ssvfscanf_r
                0x08001260                __ssvfiscanf_r
 .text          0x080015e4      0x308 /usr/lib/gcc/arm-none-eabi/13.2.1/../../../arm-none-eabi/lib/thumb/v7e-m+fp/hard/libg_nano.a(libc_a-nano-vfscanf_i.o)
                0x080015e4                _scanf_chars
                0x080016b4                _scanf_i
 .text          0x080018ec      0x224 /usr/lib/gcc/arm-none-eabi/13.2.1/../../../arm-none-eabi/lib/thumb/v7e-m+fp/hard/libg_nano.a(libc_a-findfp.o)
                0x08001a1c                __sfp
                0x08001ac0                __sinit
                0x08001ae0                __sfp_lock_acquire
                0x08001ae4                __sfp_lock_release
                0x08001ae8                __fp_lock_all
                0x08001afc                __fp_unlock_all
 .text          0x08001b10       0x24 /usr/lib/gcc/arm-none-eabi/13.2.1/../../../arm-none-eabi/lib/thumb/v7e-m+fp/hard/libg_nano.a(libc_a-closer.o)
                0x08001b10                _close_r
 .text          0x08001b34      0x1a8 /usr/lib/gcc/arm-none-eabi/13.2.1/../../../arm-none-eabi/lib/thumb/v7e-m+fp/hard/libg_nano.a(libc_a-fflush.o)
                0x08001b34                __sflush_r
                0x08001c58                _fflush_r
                0x08001c90                fflush
 .text          0x08001cdc      0x148 /usr/lib/gcc/arm-none-eabi/13.2.1/../../../arm-none-eabi/lib/thumb/v7e-m+fp/hard/libg_nano.a(libc_a-mallocr.o)
                0x08001d24                _malloc_r
 .text          0x08001e24       0xbc /usr/lib/gcc/arm-none-eabi/13.2.1/../../../arm-none-eabi/lib/thumb/v7e-m+fp/hard/libg_nano.a(libc_a-freer.o)
                0x08001e24                _free_r
 .text          0x08001ee0      0x100 /usr/lib/gcc/arm-none-eabi/13.2.1/../../../arm-none-eabi/lib/thumb/v7e-m+fp/hard/libg_nano.a(libc_a-memmove.o)
                0x08001ee0                memmove
 .text          0x08001fe0      0x16c /usr/lib/gcc/arm-none-eabi/13.2.1/../../../arm-none-eabi/lib/thumb/v7e-m+fp/hard/libg_nano.a(libc_a-strtol.o)
                0x08002118                _strtol_r
                0x0800211c                strtol_l
                0x08002134                strtol
 .text          0x0800214c       0x44 /usr/lib/gcc/arm-none-eabi/13.2.1/../../../arm-none-eabi/lib/thumb/v7e-m+fp/hard/libg_nano.a(libc_a-fwalk.o)
                0x0800214c                _fwalk_sglue
 .text          0x08002190       0xa0 /usr/lib/gcc/arm-none-eabi/13.2.1/../../../arm-none-eabi/lib/thumb/v7e-m+fp/hard/libg_nano.a(libc_a-memchr.o)
                0x08002190                memchr
 .text          0x08002230       0x2c /usr/lib/gcc/arm-none-eabi/13.2.1/../../../arm-none-eabi/lib/thumb/v7e-m+fp/hard/libg_nano.a(libc_a-readr.o)
                0x08002230                _read_r
 .text          0x0800225c       0x64 /usr/lib/gcc/arm-none-eabi/13.2.1/../../../arm-none-eabi/lib/thumb/v7e-m+fp/hard/libg_nano.a(libc_a-reallocr.o)
                0x0800225c                _realloc_r
 .text          0x080022c0      0x3a8 /usr/lib/gcc/arm-none-eabi/13.2.1/../../../arm-none-eabi/lib/thumb/v7e-m+fp/hard/libg_nano.a(libc_a-nano-vfprintf_i.o)
                0x080022c0                _printf_common
                0x080023e4                _printf_i
 .text          0x08002668       0x98 /usr/lib/gcc/arm-none-eabi/13.2.1/../../../arm-none-eabi/lib/thumb/v7e-m+fp/hard/libg_nano.a(libc_a-sccl.o)
                0x08002668                __sccl
 .text          0x08002700        0x8 /usr/lib/gcc/arm-none-eabi/13.2.1/../../../arm-none-eabi/lib/thumb/v7e-m+fp/hard/libg_nano.a(libc_a-mlock.o)
                0x08002700                __malloc_lock
                0x08002704                __malloc_unlock
 .text          0x08002708       0x2c /usr/lib/gcc/arm-none-eabi/13.2.1/../../../arm-none-eabi/lib/thumb/v7e-m+fp/hard/libg_nano.a(libc_a-lseekr.o)
                0x08002708                _lseek_r
 .text          0x08002734      0x14c /usr/lib/gcc/arm-none-eabi/13.2.1/../../../arm-none-eabi/lib/thumb/v7e-m+fp/hard/libg_nano.a(libc_a-ungetc.o)
                0x08002734                __submore
                0x080027a8                _ungetc_r
                0x08002868                ungetc
 .text          0x08002880       0x2c /usr/lib/gcc/arm-none-eabi/13.2.1/../../../arm-none-eabi/lib/thumb/v7e-m+fp/hard/libg_nano.a(libc_a-writer.o)
                0x08002880                _write_r
 .text          0x080028ac       0x24 /usr/lib/gcc/arm-none-eabi/13.2.1/../../../arm-none-eabi/lib/thumb/v7e-m+fp/hard/libg_nano.a(libc_a-sbrkr.o)
                0x080028ac                _sbrk_r
 .text          0x080028d0       0x10 /usr/lib/gcc/arm-none-eabi/13.2.1/../../../arm-none-eabi/lib/thumb/v7e-m+fp/hard/libg_nano.a(libc_a-msizer.o)
                0x080028d0                _malloc_usable_size_r
 .text          0x080028e0      0x168 /usr/lib/gcc/arm-none-eabi/13.2.1/../../../arm-none-eabi/lib/thumb/v7e-m+fp/hard/libg_nano.a(libc_a-strtoul.o)
                0x08002a14                _strtoul_r
                0x08002a18                strtoul_l
                0x08002a30                strtoul
 *(.text*)
 .text.SystemInit
                0x08002a48       0x24 cmake/stm32cubemx/CMakeFiles/STM32_Drivers.dir/__/__/Core/Src/system_stm32f4xx.c.obj
                0x08002a48                SystemInit
 .text.HAL_PCD_Init
                0x08002a6c      0x21e cmake/stm32cubemx/CMakeFiles/STM32_Drivers.dir/__/__/Drivers/STM32F4xx_HAL_Driver/Src/stm32f4xx_hal_pcd.c.obj
                0x08002a6c                HAL_PCD_Init
 .text.HAL_PCD_Start
                0x08002c8a       0x6a cmake/stm32cubemx/CMakeFiles/STM32_Drivers.dir/__/__/Drivers/STM32F4xx_HAL_Driver/Src/stm32f4xx_hal_pcd.c.obj
                0x08002c8a                HAL_PCD_Start
 .text.HAL_PCD_IRQHandler
                0x08002cf4      0x942 cmake/stm32cubemx/CMakeFiles/STM32_Drivers.dir/__/__/Drivers/STM32F4xx_HAL_Driver/Src/stm32f4xx_hal_pcd.c.obj
                0x08002cf4                HAL_PCD_IRQHandler
 .text.HAL_PCD_SetAddress
                0x08003636       0x48 cmake/stm32cubemx/CMakeFiles/STM32_Drivers.dir/__/__/Drivers/STM32F4xx_HAL_Driver/Src/stm32f4xx_hal_pcd.c.obj
                0x08003636                HAL_PCD_SetAddress
 .text.HAL_PCD_EP_Open
                0x0800367e       0xd4 cmake/stm32cubemx/CMakeFiles/STM32_Drivers.dir/__/__/Drivers/STM32F4xx_HAL_Driver/Src/stm32f4xx_hal_pcd.c.obj
                0x0800367e                HAL_PCD_EP_Open
 .text.HAL_PCD_EP_Close
                0x08003752       0x94 cmake/stm32cubemx/CMakeFiles/STM32_Drivers.dir/__/__/Drivers/STM32F4xx_HAL_Driver/Src/stm32f4xx_hal_pcd.c.obj
                0x08003752                HAL_PCD_EP_Close
 .text.HAL_PCD_EP_Receive
                0x080037e6       0x76 cmake/stm32cubemx/CMakeFiles/STM32_Drivers.dir/__/__/Drivers/STM32F4xx_HAL_Driver/Src/stm32f4xx_hal_pcd.c.obj
                0x080037e6                HAL_PCD_EP_Receive
 .text.HAL_PCD_EP_GetRxCount
                0x0800385c       0x30 cmake/stm32cubemx/CMakeFiles/STM32_Drivers.dir/__/__/Drivers/STM32F4xx_HAL_Driver/Src/stm32f4xx_hal_pcd.c.obj
                0x0800385c                HAL_PCD_EP_GetRxCount
 .text.HAL_PCD_EP_Transmit
                0x0800388c       0x74 cmake/stm32cubemx/CMakeFiles/STM32_Drivers.dir/__/__/Drivers/STM32F4xx_HAL_Driver/Src/stm32f4xx_hal_pcd.c.obj
                0x0800388c                HAL_PCD_EP_Transmit
 .text.HAL_PCD_EP_SetStall
                0x08003900       0xc6 cmake/stm32cubemx/CMakeFiles/STM32_Drivers.dir/__/__/Drivers/STM32F4xx_HAL_Driver/Src/stm32f4xx_hal_pcd.c.obj
                0x08003900                HAL_PCD_EP_SetStall
 .text.HAL_PCD_EP_ClrStall
                0x080039c6       0xac cmake/stm32cubemx/CMakeFiles/STM32_Drivers.dir/__/__/Drivers/STM32F4xx_HAL_Driver/Src/stm32f4xx_hal_pcd.c.obj
                0x080039c6                HAL_PCD_EP_ClrStall
 .text.HAL_PCD_EP_Abort
                0x08003a72       0x62 cmake/stm32cubemx/CMakeFiles/STM32_Drivers.dir/__/__/Drivers/STM32F4xx_HAL_Driver/Src/stm32f4xx_hal_pcd.c.obj
                0x08003a72                HAL_PCD_EP_Abort
 .text.PCD_WriteEmptyTxFifo
                0x08003ad4      0x118 cmake/stm32cubemx/CMakeFiles/STM32_Drivers.dir/__/__/Drivers/STM32F4xx_HAL_Driver/Src/stm32f4xx_hal_pcd.c.obj
 .text.PCD_EP_OutXfrComplete_int
                0x08003bec      0x1d0 cmake/stm32cubemx/CMakeFiles/STM32_Drivers.dir/__/__/Drivers/STM32F4xx_HAL_Driver/Src/stm32f4xx_hal_pcd.c.obj
 .text.PCD_EP_OutSetupPacket_int
                0x08003dbc       0x8c cmake/stm32cubemx/CMakeFiles/STM32_Drivers.dir/__/__/Drivers/STM32F4xx_HAL_Driver/Src/stm32f4xx_hal_pcd.c.obj
 .text.HAL_PCDEx_SetTxFiFo
                0x08003e48       0x8e cmake/stm32cubemx/CMakeFiles/STM32_Drivers.dir/__/__/Drivers/STM32F4xx_HAL_Driver/Src/stm32f4xx_hal_pcd_ex.c.obj
                0x08003e48                HAL_PCDEx_SetTxFiFo
 .text.HAL_PCDEx_SetRxFiFo
                0x08003ed6       0x22 cmake/stm32cubemx/CMakeFiles/STM32_Drivers.dir/__/__/Drivers/STM32F4xx_HAL_Driver/Src/stm32f4xx_hal_pcd_ex.c.obj
                0x08003ed6                HAL_PCDEx_SetRxFiFo
 .text.HAL_PCDEx_LPM_Callback
                0x08003ef8       0x18 cmake/stm32cubemx/CMakeFiles/STM32_Drivers.dir/__/__/Drivers/STM32F4xx_HAL_Driver/Src/stm32f4xx_hal_pcd_ex.c.obj
                0x08003ef8                HAL_PCDEx_LPM_Callback
 .text.USB_CoreInit
                0x08003f10       0xc8 cmake/stm32cubemx/CMakeFiles/STM32_Drivers.dir/__/__/Drivers/STM32F4xx_HAL_Driver/Src/stm32f4xx_ll_usb.c.obj
                0x08003f10                USB_CoreInit
 .text.USB_SetTurnaroundTime
                0x08003fd8      0x144 cmake/stm32cubemx/CMakeFiles/STM32_Drivers.dir/__/__/Drivers/STM32F4xx_HAL_Driver/Src/stm32f4xx_ll_usb.c.obj
                0x08003fd8                USB_SetTurnaroundTime
 .text.USB_EnableGlobalInt
                0x0800411c       0x22 cmake/stm32cubemx/CMakeFiles/STM32_Drivers.dir/__/__/Drivers/STM32F4xx_HAL_Driver/Src/stm32f4xx_ll_usb.c.obj
                0x0800411c                USB_EnableGlobalInt
 .text.USB_DisableGlobalInt
                0x0800413e       0x22 cmake/stm32cubemx/CMakeFiles/STM32_Drivers.dir/__/__/Drivers/STM32F4xx_HAL_Driver/Src/stm32f4xx_ll_usb.c.obj
                0x0800413e                USB_DisableGlobalInt
 .text.USB_SetCurrentMode
                0x08004160       0x98 cmake/stm32cubemx/CMakeFiles/STM32_Drivers.dir/__/__/Drivers/STM32F4xx_HAL_Driver/Src/stm32f4xx_ll_usb.c.obj
                0x08004160                USB_SetCurrentMode
 .text.USB_DevInit
                0x080041f8      0x2c8 cmake/stm32cubemx/CMakeFiles/STM32_Drivers.dir/__/__/Drivers/STM32F4xx_HAL_Driver/Src/stm32f4xx_ll_usb.c.obj
                0x080041f8                USB_DevInit
 .text.USB_FlushTxFifo
                0x080044c0       0x64 cmake/stm32cubemx/CMakeFiles/STM32_Drivers.dir/__/__/Drivers/STM32F4xx_HAL_Driver/Src/stm32f4xx_ll_usb.c.obj
                0x080044c0                USB_FlushTxFifo
 .text.USB_FlushRxFifo
                0x08004524       0x5c cmake/stm32cubemx/CMakeFiles/STM32_Drivers.dir/__/__/Drivers/STM32F4xx_HAL_Driver/Src/stm32f4xx_ll_usb.c.obj
                0x08004524                USB_FlushRxFifo
 .text.USB_SetDevSpeed
                0x08004580       0x32 cmake/stm32cubemx/CMakeFiles/STM32_Drivers.dir/__/__/Drivers/STM32F4xx_HAL_Driver/Src/stm32f4xx_ll_usb.c.obj
                0x08004580                USB_SetDevSpeed
 .text.USB_GetDevSpeed
                0x080045b2       0x4a cmake/stm32cubemx/CMakeFiles/STM32_Drivers.dir/__/__/Drivers/STM32F4xx_HAL_Driver/Src/stm32f4xx_ll_usb.c.obj
                0x080045b2                USB_GetDevSpeed
 .text.USB_ActivateEndpoint
                0x080045fc      0x10e cmake/stm32cubemx/CMakeFiles/STM32_Drivers.dir/__/__/Drivers/STM32F4xx_HAL_Driver/Src/stm32f4xx_ll_usb.c.obj
                0x080045fc                USB_ActivateEndpoint
 *fill*         0x0800470a        0x2 
 .text.USB_DeactivateEndpoint
                0x0800470c      0x1b8 cmake/stm32cubemx/CMakeFiles/STM32_Drivers.dir/__/__/Drivers/STM32F4xx_HAL_Driver/Src/stm32f4xx_ll_usb.c.obj
                0x0800470c                USB_DeactivateEndpoint
 .text.USB_EPStartXfer
                0x080048c4      0x53c cmake/stm32cubemx/CMakeFiles/STM32_Drivers.dir/__/__/Drivers/STM32F4xx_HAL_Driver/Src/stm32f4xx_ll_usb.c.obj
                0x080048c4                USB_EPStartXfer
 .text.USB_EPStopXfer
                0x08004e00      0x154 cmake/stm32cubemx/CMakeFiles/STM32_Drivers.dir/__/__/Drivers/STM32F4xx_HAL_Driver/Src/stm32f4xx_ll_usb.c.obj
                0x08004e00                USB_EPStopXfer
 .text.USB_WritePacket
                0x08004f54       0x7c cmake/stm32cubemx/CMakeFiles/STM32_Drivers.dir/__/__/Drivers/STM32F4xx_HAL_Driver/Src/stm32f4xx_ll_usb.c.obj
                0x08004f54                USB_WritePacket
 .text.USB_ReadPacket
                0x08004fd0       0xb0 cmake/stm32cubemx/CMakeFiles/STM32_Drivers.dir/__/__/Drivers/STM32F4xx_HAL_Driver/Src/stm32f4xx_ll_usb.c.obj
                0x08004fd0                USB_ReadPacket
 .text.USB_EPSetStall
                0x08005080       0xdc cmake/stm32cubemx/CMakeFiles/STM32_Drivers.dir/__/__/Drivers/STM32F4xx_HAL_Driver/Src/stm32f4xx_ll_usb.c.obj
                0x08005080                USB_EPSetStall
 .text.USB_EPClearStall
                0x0800515c       0xcc cmake/stm32cubemx/CMakeFiles/STM32_Drivers.dir/__/__/Drivers/STM32F4xx_HAL_Driver/Src/stm32f4xx_ll_usb.c.obj
                0x0800515c                USB_EPClearStall
 .text.USB_SetDevAddress
                0x08005228       0x4c cmake/stm32cubemx/CMakeFiles/STM32_Drivers.dir/__/__/Drivers/STM32F4xx_HAL_Driver/Src/stm32f4xx_ll_usb.c.obj
                0x08005228                USB_SetDevAddress
 .text.USB_DevConnect
                0x08005274       0x42 cmake/stm32cubemx/CMakeFiles/STM32_Drivers.dir/__/__/Drivers/STM32F4xx_HAL_Driver/Src/stm32f4xx_ll_usb.c.obj
                0x08005274                USB_DevConnect
 .text.USB_DevDisconnect
                0x080052b6       0x42 cmake/stm32cubemx/CMakeFiles/STM32_Drivers.dir/__/__/Drivers/STM32F4xx_HAL_Driver/Src/stm32f4xx_ll_usb.c.obj
                0x080052b6                USB_DevDisconnect
 .text.USB_ReadInterrupts
                0x080052f8       0x26 cmake/stm32cubemx/CMakeFiles/STM32_Drivers.dir/__/__/Drivers/STM32F4xx_HAL_Driver/Src/stm32f4xx_ll_usb.c.obj
                0x080052f8                USB_ReadInterrupts
 .text.USB_ReadDevAllOutEpInterrupt
                0x0800531e       0x34 cmake/stm32cubemx/CMakeFiles/STM32_Drivers.dir/__/__/Drivers/STM32F4xx_HAL_Driver/Src/stm32f4xx_ll_usb.c.obj
                0x0800531e                USB_ReadDevAllOutEpInterrupt
 .text.USB_ReadDevAllInEpInterrupt
                0x08005352       0x34 cmake/stm32cubemx/CMakeFiles/STM32_Drivers.dir/__/__/Drivers/STM32F4xx_HAL_Driver/Src/stm32f4xx_ll_usb.c.obj
                0x08005352                USB_ReadDevAllInEpInterrupt
 .text.USB_ReadDevOutEPInterrupt
                0x08005386       0x3c cmake/stm32cubemx/CMakeFiles/STM32_Drivers.dir/__/__/Drivers/STM32F4xx_HAL_Driver/Src/stm32f4xx_ll_usb.c.obj
                0x08005386                USB_ReadDevOutEPInterrupt
 .text.USB_ReadDevInEPInterrupt
                0x080053c2       0x5c cmake/stm32cubemx/CMakeFiles/STM32_Drivers.dir/__/__/Drivers/STM32F4xx_HAL_Driver/Src/stm32f4xx_ll_usb.c.obj
                0x080053c2                USB_ReadDevInEPInterrupt
 .text.USB_GetMode
                0x0800541e       0x1c cmake/stm32cubemx/CMakeFiles/STM32_Drivers.dir/__/__/Drivers/STM32F4xx_HAL_Driver/Src/stm32f4xx_ll_usb.c.obj
                0x0800541e                USB_GetMode
 .text.USB_ActivateSetup
                0x0800543a       0x46 cmake/stm32cubemx/CMakeFiles/STM32_Drivers.dir/__/__/Drivers/STM32F4xx_HAL_Driver/Src/stm32f4xx_ll_usb.c.obj
                0x0800543a                USB_ActivateSetup
 .text.USB_EP0_OutStart
                0x08005480       0xbc cmake/stm32cubemx/CMakeFiles/STM32_Drivers.dir/__/__/Drivers/STM32F4xx_HAL_Driver/Src/stm32f4xx_ll_usb.c.obj
                0x08005480                USB_EP0_OutStart
 .text.USB_CoreReset
                0x0800553c       0x70 cmake/stm32cubemx/CMakeFiles/STM32_Drivers.dir/__/__/Drivers/STM32F4xx_HAL_Driver/Src/stm32f4xx_ll_usb.c.obj
 .text.HAL_RCC_OscConfig
                0x080055ac      0x4f0 cmake/stm32cubemx/CMakeFiles/STM32_Drivers.dir/__/__/Drivers/STM32F4xx_HAL_Driver/Src/stm32f4xx_hal_rcc.c.obj
                0x080055ac                HAL_RCC_OscConfig
 .text.HAL_RCC_ClockConfig
                0x08005a9c      0x1cc cmake/stm32cubemx/CMakeFiles/STM32_Drivers.dir/__/__/Drivers/STM32F4xx_HAL_Driver/Src/stm32f4xx_hal_rcc.c.obj
                0x08005a9c                HAL_RCC_ClockConfig
 .text.HAL_RCC_GetSysClockFreq
                0x08005c68      0x20c cmake/stm32cubemx/CMakeFiles/STM32_Drivers.dir/__/__/Drivers/STM32F4xx_HAL_Driver/Src/stm32f4xx_hal_rcc.c.obj
                0x08005c68                HAL_RCC_GetSysClockFreq
 .text.HAL_RCC_GetHCLKFreq
                0x08005e74       0x18 cmake/stm32cubemx/CMakeFiles/STM32_Drivers.dir/__/__/Drivers/STM32F4xx_HAL_Driver/Src/stm32f4xx_hal_rcc.c.obj
                0x08005e74                HAL_RCC_GetHCLKFreq
 .text.HAL_RCC_GetPCLK1Freq
                0x08005e8c       0x28 cmake/stm32cubemx/CMakeFiles/STM32_Drivers.dir/__/__/Drivers/STM32F4xx_HAL_Driver/Src/stm32f4xx_hal_rcc.c.obj
                0x08005e8c                HAL_RCC_GetPCLK1Freq
 .text.HAL_RCC_GetPCLK2Freq
                0x08005eb4       0x28 cmake/stm32cubemx/CMakeFiles/STM32_Drivers.dir/__/__/Drivers/STM32F4xx_HAL_Driver/Src/stm32f4xx_hal_rcc.c.obj
                0x08005eb4                HAL_RCC_GetPCLK2Freq
 .text.HAL_GPIO_Init
                0x08005edc      0x338 cmake/stm32cubemx/CMakeFiles/STM32_Drivers.dir/__/__/Drivers/STM32F4xx_HAL_Driver/Src/stm32f4xx_hal_gpio.c.obj
                0x08005edc                HAL_GPIO_Init
 .text.HAL_GPIO_WritePin
                0x08006214       0x32 cmake/stm32cubemx/CMakeFiles/STM32_Drivers.dir/__/__/Drivers/STM32F4xx_HAL_Driver/Src/stm32f4xx_hal_gpio.c.obj
                0x08006214                HAL_GPIO_WritePin
 *fill*         0x08006246        0x2 
 .text.HAL_DMA_Init
                0x08006248      0x15c cmake/stm32cubemx/CMakeFiles/STM32_Drivers.dir/__/__/Drivers/STM32F4xx_HAL_Driver/Src/stm32f4xx_hal_dma.c.obj
                0x08006248                HAL_DMA_Init
 .text.HAL_DMA_Start_IT
                0x080063a4       0xb0 cmake/stm32cubemx/CMakeFiles/STM32_Drivers.dir/__/__/Drivers/STM32F4xx_HAL_Driver/Src/stm32f4xx_hal_dma.c.obj
                0x080063a4                HAL_DMA_Start_IT
 .text.HAL_DMA_Abort
                0x08006454       0xe0 cmake/stm32cubemx/CMakeFiles/STM32_Drivers.dir/__/__/Drivers/STM32F4xx_HAL_Driver/Src/stm32f4xx_hal_dma.c.obj
                0x08006454                HAL_DMA_Abort
 .text.HAL_DMA_Abort_IT
                0x08006534       0x44 cmake/stm32cubemx/CMakeFiles/STM32_Drivers.dir/__/__/Drivers/STM32F4xx_HAL_Driver/Src/stm32f4xx_hal_dma.c.obj
                0x08006534                HAL_DMA_Abort_IT
 .text.HAL_DMA_IRQHandler
                0x08006578      0x314 cmake/stm32cubemx/CMakeFiles/STM32_Drivers.dir/__/__/Drivers/STM32F4xx_HAL_Driver/Src/stm32f4xx_hal_dma.c.obj
                0x08006578                HAL_DMA_IRQHandler
 .text.HAL_DMA_GetError
                0x0800688c       0x18 cmake/stm32cubemx/CMakeFiles/STM32_Drivers.dir/__/__/Drivers/STM32F4xx_HAL_Driver/Src/stm32f4xx_hal_dma.c.obj
                0x0800688c                HAL_DMA_GetError
 .text.DMA_SetConfig
                0x080068a4       0x5c cmake/stm32cubemx/CMakeFiles/STM32_Drivers.dir/__/__/Drivers/STM32F4xx_HAL_Driver/Src/stm32f4xx_hal_dma.c.obj
 .text.DMA_CalcBaseAndBitshift
                0x08006900       0x6c cmake/stm32cubemx/CMakeFiles/STM32_Drivers.dir/__/__/Drivers/STM32F4xx_HAL_Driver/Src/stm32f4xx_hal_dma.c.obj
 .text.DMA_CheckFifoParam
                0x0800696c       0xf8 cmake/stm32cubemx/CMakeFiles/STM32_Drivers.dir/__/__/Drivers/STM32F4xx_HAL_Driver/Src/stm32f4xx_hal_dma.c.obj
 .text.__NVIC_SetPriorityGrouping
                0x08006a64       0x48 cmake/stm32cubemx/CMakeFiles/STM32_Drivers.dir/__/__/Drivers/STM32F4xx_HAL_Driver/Src/stm32f4xx_hal_cortex.c.obj
 .text.__NVIC_GetPriorityGrouping
                0x08006aac       0x1c cmake/stm32cubemx/CMakeFiles/STM32_Drivers.dir/__/__/Drivers/STM32F4xx_HAL_Driver/Src/stm32f4xx_hal_cortex.c.obj
 .text.__NVIC_EnableIRQ
                0x08006ac8       0x3c cmake/stm32cubemx/CMakeFiles/STM32_Drivers.dir/__/__/Drivers/STM32F4xx_HAL_Driver/Src/stm32f4xx_hal_cortex.c.obj
 .text.__NVIC_SetPriority
                0x08006b04       0x54 cmake/stm32cubemx/CMakeFiles/STM32_Drivers.dir/__/__/Drivers/STM32F4xx_HAL_Driver/Src/stm32f4xx_hal_cortex.c.obj
 .text.NVIC_EncodePriority
                0x08006b58       0x66 cmake/stm32cubemx/CMakeFiles/STM32_Drivers.dir/__/__/Drivers/STM32F4xx_HAL_Driver/Src/stm32f4xx_hal_cortex.c.obj
 *fill*         0x08006bbe        0x2 
 .text.SysTick_Config
                0x08006bc0       0x44 cmake/stm32cubemx/CMakeFiles/STM32_Drivers.dir/__/__/Drivers/STM32F4xx_HAL_Driver/Src/stm32f4xx_hal_cortex.c.obj
 .text.HAL_NVIC_SetPriorityGrouping
                0x08006c04       0x16 cmake/stm32cubemx/CMakeFiles/STM32_Drivers.dir/__/__/Drivers/STM32F4xx_HAL_Driver/Src/stm32f4xx_hal_cortex.c.obj
                0x08006c04                HAL_NVIC_SetPriorityGrouping
 .text.HAL_NVIC_SetPriority
                0x08006c1a       0x38 cmake/stm32cubemx/CMakeFiles/STM32_Drivers.dir/__/__/Drivers/STM32F4xx_HAL_Driver/Src/stm32f4xx_hal_cortex.c.obj
                0x08006c1a                HAL_NVIC_SetPriority
 .text.HAL_NVIC_EnableIRQ
                0x08006c52       0x1c cmake/stm32cubemx/CMakeFiles/STM32_Drivers.dir/__/__/Drivers/STM32F4xx_HAL_Driver/Src/stm32f4xx_hal_cortex.c.obj
                0x08006c52                HAL_NVIC_EnableIRQ
 .text.HAL_SYSTICK_Config
                0x08006c6e       0x18 cmake/stm32cubemx/CMakeFiles/STM32_Drivers.dir/__/__/Drivers/STM32F4xx_HAL_Driver/Src/stm32f4xx_hal_cortex.c.obj
                0x08006c6e                HAL_SYSTICK_Config
 *fill*         0x08006c86        0x2 
 .text.HAL_Init
                0x08006c88       0x44 cmake/stm32cubemx/CMakeFiles/STM32_Drivers.dir/__/__/Drivers/STM32F4xx_HAL_Driver/Src/stm32f4xx_hal.c.obj
                0x08006c88                HAL_Init
 .text.HAL_InitTick
                0x08006ccc       0x60 cmake/stm32cubemx/CMakeFiles/STM32_Drivers.dir/__/__/Drivers/STM32F4xx_HAL_Driver/Src/stm32f4xx_hal.c.obj
                0x08006ccc                HAL_InitTick
 .text.HAL_IncTick
                0x08006d2c       0x28 cmake/stm32cubemx/CMakeFiles/STM32_Drivers.dir/__/__/Drivers/STM32F4xx_HAL_Driver/Src/stm32f4xx_hal.c.obj
                0x08006d2c                HAL_IncTick
 .text.HAL_GetTick
                0x08006d54       0x18 cmake/stm32cubemx/CMakeFiles/STM32_Drivers.dir/__/__/Drivers/STM32F4xx_HAL_Driver/Src/stm32f4xx_hal.c.obj
                0x08006d54                HAL_GetTick
 .text.HAL_Delay
                0x08006d6c       0x48 cmake/stm32cubemx/CMakeFiles/STM32_Drivers.dir/__/__/Drivers/STM32F4xx_HAL_Driver/Src/stm32f4xx_hal.c.obj
                0x08006d6c                HAL_Delay
 .text.HAL_UART_Init
                0x08006db4       0xa0 cmake/stm32cubemx/CMakeFiles/STM32_Drivers.dir/__/__/Drivers/STM32F4xx_HAL_Driver/Src/stm32f4xx_hal_uart.c.obj
                0x08006db4                HAL_UART_Init
 .text.HAL_UART_Transmit_DMA
                0x08006e54       0xf8 cmake/stm32cubemx/CMakeFiles/STM32_Drivers.dir/__/__/Drivers/STM32F4xx_HAL_Driver/Src/stm32f4xx_hal_uart.c.obj
                0x08006e54                HAL_UART_Transmit_DMA
 .text.HAL_UART_Receive_DMA
                0x08006f4c       0x4a cmake/stm32cubemx/CMakeFiles/STM32_Drivers.dir/__/__/Drivers/STM32F4xx_HAL_Driver/Src/stm32f4xx_hal_uart.c.obj
                0x08006f4c                HAL_UART_Receive_DMA
 .text.HAL_UART_AbortReceive
                0x08006f96      0x146 cmake/stm32cubemx/CMakeFiles/STM32_Drivers.dir/__/__/Drivers/STM32F4xx_HAL_Driver/Src/stm32f4xx_hal_uart.c.obj
                0x08006f96                HAL_UART_AbortReceive
 .text.HAL_UART_IRQHandler
                0x080070dc      0x554 cmake/stm32cubemx/CMakeFiles/STM32_Drivers.dir/__/__/Drivers/STM32F4xx_HAL_Driver/Src/stm32f4xx_hal_uart.c.obj
                0x080070dc                HAL_UART_IRQHandler
 .text.HAL_UART_TxHalfCpltCallback
                0x08007630       0x14 cmake/stm32cubemx/CMakeFiles/STM32_Drivers.dir/__/__/Drivers/STM32F4xx_HAL_Driver/Src/stm32f4xx_hal_uart.c.obj
                0x08007630                HAL_UART_TxHalfCpltCallback
 .text.HAL_UARTEx_RxEventCallback
                0x08007644       0x18 cmake/stm32cubemx/CMakeFiles/STM32_Drivers.dir/__/__/Drivers/STM32F4xx_HAL_Driver/Src/stm32f4xx_hal_uart.c.obj
                0x08007644                HAL_UARTEx_RxEventCallback
 .text.UART_DMATransmitCplt
                0x0800765c       0x9a cmake/stm32cubemx/CMakeFiles/STM32_Drivers.dir/__/__/Drivers/STM32F4xx_HAL_Driver/Src/stm32f4xx_hal_uart.c.obj
 .text.UART_DMATxHalfCplt
                0x080076f6       0x1c cmake/stm32cubemx/CMakeFiles/STM32_Drivers.dir/__/__/Drivers/STM32F4xx_HAL_Driver/Src/stm32f4xx_hal_uart.c.obj
 .text.UART_DMAReceiveCplt
                0x08007712      0x12c cmake/stm32cubemx/CMakeFiles/STM32_Drivers.dir/__/__/Drivers/STM32F4xx_HAL_Driver/Src/stm32f4xx_hal_uart.c.obj
 .text.UART_DMARxHalfCplt
                0x0800783e       0x3c cmake/stm32cubemx/CMakeFiles/STM32_Drivers.dir/__/__/Drivers/STM32F4xx_HAL_Driver/Src/stm32f4xx_hal_uart.c.obj
 .text.UART_DMAError
                0x0800787a       0x94 cmake/stm32cubemx/CMakeFiles/STM32_Drivers.dir/__/__/Drivers/STM32F4xx_HAL_Driver/Src/stm32f4xx_hal_uart.c.obj
 *fill*         0x0800790e        0x2 
 .text.UART_Start_Receive_DMA
                0x08007910      0x14c cmake/stm32cubemx/CMakeFiles/STM32_Drivers.dir/__/__/Drivers/STM32F4xx_HAL_Driver/Src/stm32f4xx_hal_uart.c.obj
                0x08007910                UART_Start_Receive_DMA
 .text.UART_EndTxTransfer
                0x08007a5c       0x50 cmake/stm32cubemx/CMakeFiles/STM32_Drivers.dir/__/__/Drivers/STM32F4xx_HAL_Driver/Src/stm32f4xx_hal_uart.c.obj
 .text.UART_EndRxTransfer
                0x08007aac       0xc6 cmake/stm32cubemx/CMakeFiles/STM32_Drivers.dir/__/__/Drivers/STM32F4xx_HAL_Driver/Src/stm32f4xx_hal_uart.c.obj
 .text.UART_DMAAbortOnError
                0x08007b72       0x22 cmake/stm32cubemx/CMakeFiles/STM32_Drivers.dir/__/__/Drivers/STM32F4xx_HAL_Driver/Src/stm32f4xx_hal_uart.c.obj
 .text.UART_Transmit_IT
                0x08007b94       0xa0 cmake/stm32cubemx/CMakeFiles/STM32_Drivers.dir/__/__/Drivers/STM32F4xx_HAL_Driver/Src/stm32f4xx_hal_uart.c.obj
 .text.UART_EndTransmit_IT
                0x08007c34       0x30 cmake/stm32cubemx/CMakeFiles/STM32_Drivers.dir/__/__/Drivers/STM32F4xx_HAL_Driver/Src/stm32f4xx_hal_uart.c.obj
 .text.UART_Receive_IT
                0x08007c64      0x17c cmake/stm32cubemx/CMakeFiles/STM32_Drivers.dir/__/__/Drivers/STM32F4xx_HAL_Driver/Src/stm32f4xx_hal_uart.c.obj
 .text.UART_SetConfig
                0x08007de0      0x4e8 cmake/stm32cubemx/CMakeFiles/STM32_Drivers.dir/__/__/Drivers/STM32F4xx_HAL_Driver/Src/stm32f4xx_hal_uart.c.obj
 .text.USBD_Init
                0x080082c8       0x60 cmake/stm32cubemx/CMakeFiles/USB_Device_Library.dir/__/__/Middlewares/ST/STM32_USB_Device_Library/Core/Src/usbd_core.c.obj
                0x080082c8                USBD_Init
 .text.USBD_RegisterClass
                0x08008328       0x6c cmake/stm32cubemx/CMakeFiles/USB_Device_Library.dir/__/__/Middlewares/ST/STM32_USB_Device_Library/Core/Src/usbd_core.c.obj
                0x08008328                USBD_RegisterClass
 .text.USBD_Start
                0x08008394       0x18 cmake/stm32cubemx/CMakeFiles/USB_Device_Library.dir/__/__/Middlewares/ST/STM32_USB_Device_Library/Core/Src/usbd_core.c.obj
                0x08008394                USBD_Start
 .text.USBD_RunTestMode
                0x080083ac       0x16 cmake/stm32cubemx/CMakeFiles/USB_Device_Library.dir/__/__/Middlewares/ST/STM32_USB_Device_Library/Core/Src/usbd_core.c.obj
                0x080083ac                USBD_RunTestMode
 .text.USBD_SetClassConfig
                0x080083c2       0x38 cmake/stm32cubemx/CMakeFiles/USB_Device_Library.dir/__/__/Middlewares/ST/STM32_USB_Device_Library/Core/Src/usbd_core.c.obj
                0x080083c2                USBD_SetClassConfig
 .text.USBD_ClrClassConfig
                0x080083fa       0x34 cmake/stm32cubemx/CMakeFiles/USB_Device_Library.dir/__/__/Middlewares/ST/STM32_USB_Device_Library/Core/Src/usbd_core.c.obj
                0x080083fa                USBD_ClrClassConfig
 .text.USBD_LL_SetupStage
                0x0800842e       0xaa cmake/stm32cubemx/CMakeFiles/USB_Device_Library.dir/__/__/Middlewares/ST/STM32_USB_Device_Library/Core/Src/usbd_core.c.obj
                0x0800842e                USBD_LL_SetupStage
 .text.USBD_LL_DataOutStage
                0x080084d8      0x178 cmake/stm32cubemx/CMakeFiles/USB_Device_Library.dir/__/__/Middlewares/ST/STM32_USB_Device_Library/Core/Src/usbd_core.c.obj
                0x080084d8                USBD_LL_DataOutStage
 .text.USBD_LL_DataInStage
                0x08008650      0x176 cmake/stm32cubemx/CMakeFiles/USB_Device_Library.dir/__/__/Middlewares/ST/STM32_USB_Device_Library/Core/Src/usbd_core.c.obj
                0x08008650                USBD_LL_DataInStage
 .text.USBD_LL_Reset
                0x080087c6       0xa6 cmake/stm32cubemx/CMakeFiles/USB_Device_Library.dir/__/__/Middlewares/ST/STM32_USB_Device_Library/Core/Src/usbd_core.c.obj
                0x080087c6                USBD_LL_Reset
 .text.USBD_LL_SetSpeed
                0x0800886c       0x20 cmake/stm32cubemx/CMakeFiles/USB_Device_Library.dir/__/__/Middlewares/ST/STM32_USB_Device_Library/Core/Src/usbd_core.c.obj
                0x0800886c                USBD_LL_SetSpeed
 .text.USBD_LL_Suspend
                0x0800888c       0x38 cmake/stm32cubemx/CMakeFiles/USB_Device_Library.dir/__/__/Middlewares/ST/STM32_USB_Device_Library/Core/Src/usbd_core.c.obj
                0x0800888c                USBD_LL_Suspend
 .text.USBD_LL_Resume
                0x080088c4       0x30 cmake/stm32cubemx/CMakeFiles/USB_Device_Library.dir/__/__/Middlewares/ST/STM32_USB_Device_Library/Core/Src/usbd_core.c.obj
                0x080088c4                USBD_LL_Resume
 .text.USBD_LL_SOF
                0x080088f4       0x40 cmake/stm32cubemx/CMakeFiles/USB_Device_Library.dir/__/__/Middlewares/ST/STM32_USB_Device_Library/Core/Src/usbd_core.c.obj
                0x080088f4                USBD_LL_SOF
 .text.USBD_LL_IsoINIncomplete
                0x08008934       0x64 cmake/stm32cubemx/CMakeFiles/USB_Device_Library.dir/__/__/Middlewares/ST/STM32_USB_Device_Library/Core/Src/usbd_core.c.obj
                0x08008934                USBD_LL_IsoINIncomplete
 .text.USBD_LL_IsoOUTIncomplete
                0x08008998       0x64 cmake/stm32cubemx/CMakeFiles/USB_Device_Library.dir/__/__/Middlewares/ST/STM32_USB_Device_Library/Core/Src/usbd_core.c.obj
                0x08008998                USBD_LL_IsoOUTIncomplete
 .text.USBD_LL_DevConnected
                0x080089fc       0x16 cmake/stm32cubemx/CMakeFiles/USB_Device_Library.dir/__/__/Middlewares/ST/STM32_USB_Device_Library/Core/Src/usbd_core.c.obj
                0x080089fc                USBD_LL_DevConnected
 .text.USBD_LL_DevDisconnected
                0x08008a12       0x46 cmake/stm32cubemx/CMakeFiles/USB_Device_Library.dir/__/__/Middlewares/ST/STM32_USB_Device_Library/Core/Src/usbd_core.c.obj
                0x08008a12                USBD_LL_DevDisconnected
 .text.USBD_CoreFindIF
                0x08008a58       0x1a cmake/stm32cubemx/CMakeFiles/USB_Device_Library.dir/__/__/Middlewares/ST/STM32_USB_Device_Library/Core/Src/usbd_core.c.obj
                0x08008a58                USBD_CoreFindIF
 .text.USBD_CoreFindEP
                0x08008a72       0x1a cmake/stm32cubemx/CMakeFiles/USB_Device_Library.dir/__/__/Middlewares/ST/STM32_USB_Device_Library/Core/Src/usbd_core.c.obj
                0x08008a72                USBD_CoreFindEP
 .text.USBD_GetEpDesc
                0x08008a8c       0x70 cmake/stm32cubemx/CMakeFiles/USB_Device_Library.dir/__/__/Middlewares/ST/STM32_USB_Device_Library/Core/Src/usbd_core.c.obj
                0x08008a8c                USBD_GetEpDesc
 .text.USBD_GetNextDesc
                0x08008afc       0x38 cmake/stm32cubemx/CMakeFiles/USB_Device_Library.dir/__/__/Middlewares/ST/STM32_USB_Device_Library/Core/Src/usbd_core.c.obj
                0x08008afc                USBD_GetNextDesc
 .text.SWAPBYTE
                0x08008b34       0x3e cmake/stm32cubemx/CMakeFiles/USB_Device_Library.dir/__/__/Middlewares/ST/STM32_USB_Device_Library/Core/Src/usbd_ctlreq.c.obj
 *fill*         0x08008b72        0x2 
 .text.USBD_StdDevReq
                0x08008b74       0xe4 cmake/stm32cubemx/CMakeFiles/USB_Device_Library.dir/__/__/Middlewares/ST/STM32_USB_Device_Library/Core/Src/usbd_ctlreq.c.obj
                0x08008b74                USBD_StdDevReq
 .text.USBD_StdItfReq
                0x08008c58       0xd8 cmake/stm32cubemx/CMakeFiles/USB_Device_Library.dir/__/__/Middlewares/ST/STM32_USB_Device_Library/Core/Src/usbd_ctlreq.c.obj
                0x08008c58                USBD_StdItfReq
 .text.USBD_StdEPReq
                0x08008d30      0x33e cmake/stm32cubemx/CMakeFiles/USB_Device_Library.dir/__/__/Middlewares/ST/STM32_USB_Device_Library/Core/Src/usbd_ctlreq.c.obj
                0x08008d30                USBD_StdEPReq
 *fill*         0x0800906e        0x2 
 .text.USBD_GetDescriptor
                0x08009070      0x2d4 cmake/stm32cubemx/CMakeFiles/USB_Device_Library.dir/__/__/Middlewares/ST/STM32_USB_Device_Library/Core/Src/usbd_ctlreq.c.obj
 .text.USBD_SetAddress
                0x08009344       0x88 cmake/stm32cubemx/CMakeFiles/USB_Device_Library.dir/__/__/Middlewares/ST/STM32_USB_Device_Library/Core/Src/usbd_ctlreq.c.obj
 .text.USBD_SetConfig
                0x080093cc      0x154 cmake/stm32cubemx/CMakeFiles/USB_Device_Library.dir/__/__/Middlewares/ST/STM32_USB_Device_Library/Core/Src/usbd_ctlreq.c.obj
 .text.USBD_GetConfig
                0x08009520       0x6c cmake/stm32cubemx/CMakeFiles/USB_Device_Library.dir/__/__/Middlewares/ST/STM32_USB_Device_Library/Core/Src/usbd_ctlreq.c.obj
 .text.USBD_GetStatus
                0x0800958c       0x68 cmake/stm32cubemx/CMakeFiles/USB_Device_Library.dir/__/__/Middlewares/ST/STM32_USB_Device_Library/Core/Src/usbd_ctlreq.c.obj
 .text.USBD_SetFeature
                0x080095f4       0x52 cmake/stm32cubemx/CMakeFiles/USB_Device_Library.dir/__/__/Middlewares/ST/STM32_USB_Device_Library/Core/Src/usbd_ctlreq.c.obj
 .text.USBD_ClrFeature
                0x08009646       0x44 cmake/stm32cubemx/CMakeFiles/USB_Device_Library.dir/__/__/Middlewares/ST/STM32_USB_Device_Library/Core/Src/usbd_ctlreq.c.obj
 .text.USBD_ParseSetupRequest
                0x0800968a       0x74 cmake/stm32cubemx/CMakeFiles/USB_Device_Library.dir/__/__/Middlewares/ST/STM32_USB_Device_Library/Core/Src/usbd_ctlreq.c.obj
                0x0800968a                USBD_ParseSetupRequest
 .text.USBD_CtlError
                0x080096fe       0x22 cmake/stm32cubemx/CMakeFiles/USB_Device_Library.dir/__/__/Middlewares/ST/STM32_USB_Device_Library/Core/Src/usbd_ctlreq.c.obj
                0x080096fe                USBD_CtlError
 .text.USBD_GetString
                0x08009720       0xa4 cmake/stm32cubemx/CMakeFiles/USB_Device_Library.dir/__/__/Middlewares/ST/STM32_USB_Device_Library/Core/Src/usbd_ctlreq.c.obj
                0x08009720                USBD_GetString
 .text.USBD_GetLen
                0x080097c4       0x34 cmake/stm32cubemx/CMakeFiles/USB_Device_Library.dir/__/__/Middlewares/ST/STM32_USB_Device_Library/Core/Src/usbd_ctlreq.c.obj
 .text.USBD_CtlSendData
                0x080097f8       0x3c cmake/stm32cubemx/CMakeFiles/USB_Device_Library.dir/__/__/Middlewares/ST/STM32_USB_Device_Library/Core/Src/usbd_ioreq.c.obj
                0x080097f8                USBD_CtlSendData
 .text.USBD_CtlContinueSendData
                0x08009834       0x22 cmake/stm32cubemx/CMakeFiles/USB_Device_Library.dir/__/__/Middlewares/ST/STM32_USB_Device_Library/Core/Src/usbd_ioreq.c.obj
                0x08009834                USBD_CtlContinueSendData
 .text.USBD_CtlPrepareRx
                0x08009856       0x42 cmake/stm32cubemx/CMakeFiles/USB_Device_Library.dir/__/__/Middlewares/ST/STM32_USB_Device_Library/Core/Src/usbd_ioreq.c.obj
                0x08009856                USBD_CtlPrepareRx
 .text.USBD_CtlContinueRx
                0x08009898       0x22 cmake/stm32cubemx/CMakeFiles/USB_Device_Library.dir/__/__/Middlewares/ST/STM32_USB_Device_Library/Core/Src/usbd_ioreq.c.obj
                0x08009898                USBD_CtlContinueRx
 .text.USBD_CtlSendStatus
                0x080098ba       0x26 cmake/stm32cubemx/CMakeFiles/USB_Device_Library.dir/__/__/Middlewares/ST/STM32_USB_Device_Library/Core/Src/usbd_ioreq.c.obj
                0x080098ba                USBD_CtlSendStatus
 .text.USBD_CtlReceiveStatus
                0x080098e0       0x26 cmake/stm32cubemx/CMakeFiles/USB_Device_Library.dir/__/__/Middlewares/ST/STM32_USB_Device_Library/Core/Src/usbd_ioreq.c.obj
                0x080098e0                USBD_CtlReceiveStatus
 *fill*         0x08009906        0x2 
 .text.USBD_CDC_Init
                0x08009908      0x1f0 cmake/stm32cubemx/CMakeFiles/USB_Device_Library.dir/__/__/Middlewares/ST/STM32_USB_Device_Library/Class/CDC/Src/usbd_cdc.c.obj
 .text.USBD_CDC_DeInit
                0x08009af8      0x104 cmake/stm32cubemx/CMakeFiles/USB_Device_Library.dir/__/__/Middlewares/ST/STM32_USB_Device_Library/Class/CDC/Src/usbd_cdc.c.obj
 .text.USBD_CDC_Setup
                0x08009bfc      0x1b8 cmake/stm32cubemx/CMakeFiles/USB_Device_Library.dir/__/__/Middlewares/ST/STM32_USB_Device_Library/Class/CDC/Src/usbd_cdc.c.obj
 .text.USBD_CDC_DataIn
                0x08009db4       0xfe cmake/stm32cubemx/CMakeFiles/USB_Device_Library.dir/__/__/Middlewares/ST/STM32_USB_Device_Library/Class/CDC/Src/usbd_cdc.c.obj
 .text.USBD_CDC_DataOut
                0x08009eb2       0x70 cmake/stm32cubemx/CMakeFiles/USB_Device_Library.dir/__/__/Middlewares/ST/STM32_USB_Device_Library/Class/CDC/Src/usbd_cdc.c.obj
 .text.USBD_CDC_EP0_RxReady
                0x08009f22       0x74 cmake/stm32cubemx/CMakeFiles/USB_Device_Library.dir/__/__/Middlewares/ST/STM32_USB_Device_Library/Class/CDC/Src/usbd_cdc.c.obj
 *fill*         0x08009f96        0x2 
 .text.USBD_CDC_GetFSCfgDesc
                0x08009f98       0x70 cmake/stm32cubemx/CMakeFiles/USB_Device_Library.dir/__/__/Middlewares/ST/STM32_USB_Device_Library/Class/CDC/Src/usbd_cdc.c.obj
 .text.USBD_CDC_GetHSCfgDesc
                0x0800a008       0x70 cmake/stm32cubemx/CMakeFiles/USB_Device_Library.dir/__/__/Middlewares/ST/STM32_USB_Device_Library/Class/CDC/Src/usbd_cdc.c.obj
 .text.USBD_CDC_GetOtherSpeedCfgDesc
                0x0800a078       0x70 cmake/stm32cubemx/CMakeFiles/USB_Device_Library.dir/__/__/Middlewares/ST/STM32_USB_Device_Library/Class/CDC/Src/usbd_cdc.c.obj
 .text.USBD_CDC_GetDeviceQualifierDescriptor
                0x0800a0e8       0x20 cmake/stm32cubemx/CMakeFiles/USB_Device_Library.dir/__/__/Middlewares/ST/STM32_USB_Device_Library/Class/CDC/Src/usbd_cdc.c.obj
                0x0800a0e8                USBD_CDC_GetDeviceQualifierDescriptor
 .text.USBD_CDC_RegisterInterface
                0x0800a108       0x34 cmake/stm32cubemx/CMakeFiles/USB_Device_Library.dir/__/__/Middlewares/ST/STM32_USB_Device_Library/Class/CDC/Src/usbd_cdc.c.obj
                0x0800a108                USBD_CDC_RegisterInterface
 .text.USBD_CDC_SetTxBuffer
                0x0800a13c       0x44 cmake/stm32cubemx/CMakeFiles/USB_Device_Library.dir/__/__/Middlewares/ST/STM32_USB_Device_Library/Class/CDC/Src/usbd_cdc.c.obj
                0x0800a13c                USBD_CDC_SetTxBuffer
 .text.USBD_CDC_SetRxBuffer
                0x0800a180       0x3a cmake/stm32cubemx/CMakeFiles/USB_Device_Library.dir/__/__/Middlewares/ST/STM32_USB_Device_Library/Class/CDC/Src/usbd_cdc.c.obj
                0x0800a180                USBD_CDC_SetRxBuffer
 *fill*         0x0800a1ba        0x2 
 .text.USBD_CDC_TransmitPacket
                0x0800a1bc       0x80 cmake/stm32cubemx/CMakeFiles/USB_Device_Library.dir/__/__/Middlewares/ST/STM32_USB_Device_Library/Class/CDC/Src/usbd_cdc.c.obj
                0x0800a1bc                USBD_CDC_TransmitPacket
 .text.USBD_CDC_ReceivePacket
                0x0800a23c       0x6c cmake/stm32cubemx/CMakeFiles/USB_Device_Library.dir/__/__/Middlewares/ST/STM32_USB_Device_Library/Class/CDC/Src/usbd_cdc.c.obj
                0x0800a23c                USBD_CDC_ReceivePacket
 .text.HAL_PCD_MspInit
                0x0800a2a8       0xa8 CMakeFiles/f407-fish.dir/USB_DEVICE/Target/usbd_conf.c.obj
                0x0800a2a8                HAL_PCD_MspInit
 .text.HAL_PCD_SetupStageCallback
                0x0800a350       0x24 CMakeFiles/f407-fish.dir/USB_DEVICE/Target/usbd_conf.c.obj
                0x0800a350                HAL_PCD_SetupStageCallback
 .text.HAL_PCD_DataOutStageCallback
                0x0800a374       0x36 CMakeFiles/f407-fish.dir/USB_DEVICE/Target/usbd_conf.c.obj
                0x0800a374                HAL_PCD_DataOutStageCallback
 .text.HAL_PCD_DataInStageCallback
                0x0800a3aa       0x34 CMakeFiles/f407-fish.dir/USB_DEVICE/Target/usbd_conf.c.obj
                0x0800a3aa                HAL_PCD_DataInStageCallback
 .text.HAL_PCD_SOFCallback
                0x0800a3de       0x1c CMakeFiles/f407-fish.dir/USB_DEVICE/Target/usbd_conf.c.obj
                0x0800a3de                HAL_PCD_SOFCallback
 .text.HAL_PCD_ResetCallback
                0x0800a3fa       0x50 CMakeFiles/f407-fish.dir/USB_DEVICE/Target/usbd_conf.c.obj
                0x0800a3fa                HAL_PCD_ResetCallback
 *fill*         0x0800a44a        0x2 
 .text.HAL_PCD_SuspendCallback
                0x0800a44c       0x4c CMakeFiles/f407-fish.dir/USB_DEVICE/Target/usbd_conf.c.obj
                0x0800a44c                HAL_PCD_SuspendCallback
 .text.HAL_PCD_ResumeCallback
                0x0800a498       0x1c CMakeFiles/f407-fish.dir/USB_DEVICE/Target/usbd_conf.c.obj
                0x0800a498                HAL_PCD_ResumeCallback
 .text.HAL_PCD_ISOOUTIncompleteCallback
                0x0800a4b4       0x24 CMakeFiles/f407-fish.dir/USB_DEVICE/Target/usbd_conf.c.obj
                0x0800a4b4                HAL_PCD_ISOOUTIncompleteCallback
 .text.HAL_PCD_ISOINIncompleteCallback
                0x0800a4d8       0x24 CMakeFiles/f407-fish.dir/USB_DEVICE/Target/usbd_conf.c.obj
                0x0800a4d8                HAL_PCD_ISOINIncompleteCallback
 .text.HAL_PCD_ConnectCallback
                0x0800a4fc       0x1c CMakeFiles/f407-fish.dir/USB_DEVICE/Target/usbd_conf.c.obj
                0x0800a4fc                HAL_PCD_ConnectCallback
 .text.HAL_PCD_DisconnectCallback
                0x0800a518       0x1c CMakeFiles/f407-fish.dir/USB_DEVICE/Target/usbd_conf.c.obj
                0x0800a518                HAL_PCD_DisconnectCallback
 .text.USBD_LL_Init
                0x0800a534       0x98 CMakeFiles/f407-fish.dir/USB_DEVICE/Target/usbd_conf.c.obj
                0x0800a534                USBD_LL_Init
 .text.USBD_LL_Start
                0x0800a5cc       0x36 CMakeFiles/f407-fish.dir/USB_DEVICE/Target/usbd_conf.c.obj
                0x0800a5cc                USBD_LL_Start
 .text.USBD_LL_OpenEP
                0x0800a602       0x4c CMakeFiles/f407-fish.dir/USB_DEVICE/Target/usbd_conf.c.obj
                0x0800a602                USBD_LL_OpenEP
 .text.USBD_LL_CloseEP
                0x0800a64e       0x3e CMakeFiles/f407-fish.dir/USB_DEVICE/Target/usbd_conf.c.obj
                0x0800a64e                USBD_LL_CloseEP
 .text.USBD_LL_StallEP
                0x0800a68c       0x3e CMakeFiles/f407-fish.dir/USB_DEVICE/Target/usbd_conf.c.obj
                0x0800a68c                USBD_LL_StallEP
 .text.USBD_LL_ClearStallEP
                0x0800a6ca       0x3e CMakeFiles/f407-fish.dir/USB_DEVICE/Target/usbd_conf.c.obj
                0x0800a6ca                USBD_LL_ClearStallEP
 .text.USBD_LL_IsStallEP
                0x0800a708       0x58 CMakeFiles/f407-fish.dir/USB_DEVICE/Target/usbd_conf.c.obj
                0x0800a708                USBD_LL_IsStallEP
 .text.USBD_LL_SetUSBAddress
                0x0800a760       0x3e CMakeFiles/f407-fish.dir/USB_DEVICE/Target/usbd_conf.c.obj
                0x0800a760                USBD_LL_SetUSBAddress
 .text.USBD_LL_Transmit
                0x0800a79e       0x42 CMakeFiles/f407-fish.dir/USB_DEVICE/Target/usbd_conf.c.obj
                0x0800a79e                USBD_LL_Transmit
 .text.USBD_LL_PrepareReceive
                0x0800a7e0       0x42 CMakeFiles/f407-fish.dir/USB_DEVICE/Target/usbd_conf.c.obj
                0x0800a7e0                USBD_LL_PrepareReceive
 .text.USBD_LL_GetRxDataSize
                0x0800a822       0x26 CMakeFiles/f407-fish.dir/USB_DEVICE/Target/usbd_conf.c.obj
                0x0800a822                USBD_LL_GetRxDataSize
 .text.USBD_static_malloc
                0x0800a848       0x1c CMakeFiles/f407-fish.dir/USB_DEVICE/Target/usbd_conf.c.obj
                0x0800a848                USBD_static_malloc
 .text.USBD_static_free
                0x0800a864       0x14 CMakeFiles/f407-fish.dir/USB_DEVICE/Target/usbd_conf.c.obj
                0x0800a864                USBD_static_free
 .text.USBD_Get_USB_Status
                0x0800a878       0x58 CMakeFiles/f407-fish.dir/USB_DEVICE/Target/usbd_conf.c.obj
                0x0800a878                USBD_Get_USB_Status
 .text.MX_USB_DEVICE_Init
                0x0800a8d0       0x60 CMakeFiles/f407-fish.dir/USB_DEVICE/App/usb_device.c.obj
                0x0800a8d0                MX_USB_DEVICE_Init
 .text.USBD_FS_DeviceDescriptor
                0x0800a930       0x24 CMakeFiles/f407-fish.dir/USB_DEVICE/App/usbd_desc.c.obj
                0x0800a930                USBD_FS_DeviceDescriptor
 .text.USBD_FS_LangIDStrDescriptor
                0x0800a954       0x24 CMakeFiles/f407-fish.dir/USB_DEVICE/App/usbd_desc.c.obj
                0x0800a954                USBD_FS_LangIDStrDescriptor
 .text.USBD_FS_ProductStrDescriptor
                0x0800a978       0x3c CMakeFiles/f407-fish.dir/USB_DEVICE/App/usbd_desc.c.obj
                0x0800a978                USBD_FS_ProductStrDescriptor
 .text.USBD_FS_ManufacturerStrDescriptor
                0x0800a9b4       0x28 CMakeFiles/f407-fish.dir/USB_DEVICE/App/usbd_desc.c.obj
                0x0800a9b4                USBD_FS_ManufacturerStrDescriptor
 .text.USBD_FS_SerialStrDescriptor
                0x0800a9dc       0x24 CMakeFiles/f407-fish.dir/USB_DEVICE/App/usbd_desc.c.obj
                0x0800a9dc                USBD_FS_SerialStrDescriptor
 .text.USBD_FS_ConfigStrDescriptor
                0x0800aa00       0x3c CMakeFiles/f407-fish.dir/USB_DEVICE/App/usbd_desc.c.obj
                0x0800aa00                USBD_FS_ConfigStrDescriptor
 .text.USBD_FS_InterfaceStrDescriptor
                0x0800aa3c       0x3c CMakeFiles/f407-fish.dir/USB_DEVICE/App/usbd_desc.c.obj
                0x0800aa3c                USBD_FS_InterfaceStrDescriptor
 .text.Get_SerialNum
                0x0800aa78       0x58 CMakeFiles/f407-fish.dir/USB_DEVICE/App/usbd_desc.c.obj
 .text.IntToUnicode
                0x0800aad0       0x7e CMakeFiles/f407-fish.dir/USB_DEVICE/App/usbd_desc.c.obj
 *fill*         0x0800ab4e        0x2 
 .text.CDC_Init_FS
                0x0800ab50       0x28 CMakeFiles/f407-fish.dir/USB_DEVICE/App/usbd_cdc_if.c.obj
 .text.CDC_DeInit_FS
                0x0800ab78       0x10 CMakeFiles/f407-fish.dir/USB_DEVICE/App/usbd_cdc_if.c.obj
 .text.CDC_Control_FS
                0x0800ab88       0xbc CMakeFiles/f407-fish.dir/USB_DEVICE/App/usbd_cdc_if.c.obj
 .text.CDC_Receive_FS
                0x0800ac44       0x34 CMakeFiles/f407-fish.dir/USB_DEVICE/App/usbd_cdc_if.c.obj
 .text.CDC_Transmit_FS
                0x0800ac78       0x4c CMakeFiles/f407-fish.dir/USB_DEVICE/App/usbd_cdc_if.c.obj
                0x0800ac78                CDC_Transmit_FS
 .text.CDC_TransmitCplt_FS
                0x0800acc4       0x22 CMakeFiles/f407-fish.dir/USB_DEVICE/App/usbd_cdc_if.c.obj
 .text.main     0x0800ace6       0x28 CMakeFiles/f407-fish.dir/Core/Src/main.c.obj
                0x0800ace6                main
 *fill*         0x0800ad0e        0x2 
 .text.SystemClock_Config
                0x0800ad10       0xd4 CMakeFiles/f407-fish.dir/Core/Src/main.c.obj
                0x0800ad10                SystemClock_Config
 .text.Error_Handler
                0x0800ade4        0xc CMakeFiles/f407-fish.dir/Core/Src/main.c.obj
                0x0800ade4                Error_Handler
 .text.MX_GPIO_Init
                0x0800adf0       0xb8 CMakeFiles/f407-fish.dir/Core/Src/gpio.c.obj
                0x0800adf0                MX_GPIO_Init
 .text.MX_DMA_Init
                0x0800aea8       0x50 CMakeFiles/f407-fish.dir/Core/Src/dma.c.obj
                0x0800aea8                MX_DMA_Init
 .text.MX_USART1_UART_Init
                0x0800aef8       0x54 CMakeFiles/f407-fish.dir/Core/Src/usart.c.obj
                0x0800aef8                MX_USART1_UART_Init
 .text.HAL_UART_MspInit
                0x0800af4c      0x16c CMakeFiles/f407-fish.dir/Core/Src/usart.c.obj
                0x0800af4c                HAL_UART_MspInit
 .text.NMI_Handler
                0x0800b0b8        0x8 CMakeFiles/f407-fish.dir/Core/Src/stm32f4xx_it.c.obj
                0x0800b0b8                NMI_Handler
 .text.HardFault_Handler
                0x0800b0c0        0x8 CMakeFiles/f407-fish.dir/Core/Src/stm32f4xx_it.c.obj
                0x0800b0c0                HardFault_Handler
 .text.MemManage_Handler
                0x0800b0c8        0x8 CMakeFiles/f407-fish.dir/Core/Src/stm32f4xx_it.c.obj
                0x0800b0c8                MemManage_Handler
 .text.BusFault_Handler
                0x0800b0d0        0x8 CMakeFiles/f407-fish.dir/Core/Src/stm32f4xx_it.c.obj
                0x0800b0d0                BusFault_Handler
 .text.UsageFault_Handler
                0x0800b0d8        0x8 CMakeFiles/f407-fish.dir/Core/Src/stm32f4xx_it.c.obj
                0x0800b0d8                UsageFault_Handler
 .text.SVC_Handler
                0x0800b0e0        0xe CMakeFiles/f407-fish.dir/Core/Src/stm32f4xx_it.c.obj
                0x0800b0e0                SVC_Handler
 .text.DebugMon_Handler
                0x0800b0ee        0xe CMakeFiles/f407-fish.dir/Core/Src/stm32f4xx_it.c.obj
                0x0800b0ee                DebugMon_Handler
 .text.PendSV_Handler
                0x0800b0fc        0xe CMakeFiles/f407-fish.dir/Core/Src/stm32f4xx_it.c.obj
                0x0800b0fc                PendSV_Handler
 .text.SysTick_Handler
                0x0800b10a        0xc CMakeFiles/f407-fish.dir/Core/Src/stm32f4xx_it.c.obj
                0x0800b10a                SysTick_Handler
 *fill*         0x0800b116        0x2 
 .text.USART1_IRQHandler
                0x0800b118       0x18 CMakeFiles/f407-fish.dir/Core/Src/stm32f4xx_it.c.obj
                0x0800b118                USART1_IRQHandler
 .text.DMA2_Stream2_IRQHandler
                0x0800b130       0x14 CMakeFiles/f407-fish.dir/Core/Src/stm32f4xx_it.c.obj
                0x0800b130                DMA2_Stream2_IRQHandler
 .text.OTG_FS_IRQHandler
                0x0800b144       0x14 CMakeFiles/f407-fish.dir/Core/Src/stm32f4xx_it.c.obj
                0x0800b144                OTG_FS_IRQHandler
 .text.DMA2_Stream7_IRQHandler
                0x0800b158       0x14 CMakeFiles/f407-fish.dir/Core/Src/stm32f4xx_it.c.obj
                0x0800b158                DMA2_Stream7_IRQHandler
 .text.HAL_MspInit
                0x0800b16c       0x50 CMakeFiles/f407-fish.dir/Core/Src/stm32f4xx_hal_msp.c.obj
                0x0800b16c                HAL_MspInit
 .text._sbrk    0x0800b1bc       0x6c CMakeFiles/f407-fish.dir/Core/Src/sysmem.c.obj
                0x0800b1bc                _sbrk
 .text._read    0x0800b228       0x3a CMakeFiles/f407-fish.dir/Core/Src/syscalls.c.obj
                0x0800b228                _read
 .text._write   0x0800b262       0x38 CMakeFiles/f407-fish.dir/Core/Src/syscalls.c.obj
                0x0800b262                _write
 .text._close   0x0800b29a       0x18 CMakeFiles/f407-fish.dir/Core/Src/syscalls.c.obj
                0x0800b29a                _close
 .text._lseek   0x0800b2b2       0x1a CMakeFiles/f407-fish.dir/Core/Src/syscalls.c.obj
                0x0800b2b2                _lseek
 .text.Reset_Handler
                0x0800b2cc       0x50 CMakeFiles/f407-fish.dir/startup_stm32f407xx.s.obj
                0x0800b2cc                Reset_Handler
 .text.Default_Handler
                0x0800b31c        0x2 CMakeFiles/f407-fish.dir/startup_stm32f407xx.s.obj
                0x0800b31c                RTC_Alarm_IRQHandler
                0x0800b31c                HASH_RNG_IRQHandler
                0x0800b31c                EXTI2_IRQHandler
                0x0800b31c                TIM8_CC_IRQHandler
                0x0800b31c                TIM1_CC_IRQHandler
                0x0800b31c                DMA2_Stream5_IRQHandler
                0x0800b31c                DMA1_Stream5_IRQHandler
                0x0800b31c                PVD_IRQHandler
                0x0800b31c                SDIO_IRQHandler
                0x0800b31c                TAMP_STAMP_IRQHandler
                0x0800b31c                CAN2_RX1_IRQHandler
                0x0800b31c                EXTI3_IRQHandler
                0x0800b31c                TIM8_TRG_COM_TIM14_IRQHandler
                0x0800b31c                TIM1_UP_TIM10_IRQHandler
                0x0800b31c                TIM8_UP_TIM13_IRQHandler
                0x0800b31c                I2C3_ER_IRQHandler
                0x0800b31c                EXTI0_IRQHandler
                0x0800b31c                I2C2_EV_IRQHandler
                0x0800b31c                DMA1_Stream2_IRQHandler
                0x0800b31c                CAN1_RX0_IRQHandler
                0x0800b31c                FPU_IRQHandler
                0x0800b31c                OTG_HS_WKUP_IRQHandler
                0x0800b31c                CAN2_SCE_IRQHandler
                0x0800b31c                SPI1_IRQHandler
                0x0800b31c                TIM6_DAC_IRQHandler
                0x0800b31c                TIM1_BRK_TIM9_IRQHandler
                0x0800b31c                DCMI_IRQHandler
                0x0800b31c                CAN2_RX0_IRQHandler
                0x0800b31c                DMA2_Stream3_IRQHandler
                0x0800b31c                USART6_IRQHandler
                0x0800b31c                USART3_IRQHandler
                0x0800b31c                CAN1_RX1_IRQHandler
                0x0800b31c                UART5_IRQHandler
                0x0800b31c                DMA2_Stream0_IRQHandler
                0x0800b31c                TIM4_IRQHandler
                0x0800b31c                I2C1_EV_IRQHandler
                0x0800b31c                DMA1_Stream6_IRQHandler
                0x0800b31c                DMA1_Stream1_IRQHandler
                0x0800b31c                UART4_IRQHandler
                0x0800b31c                TIM3_IRQHandler
                0x0800b31c                RCC_IRQHandler
                0x0800b31c                TIM8_BRK_TIM12_IRQHandler
                0x0800b31c                Default_Handler
                0x0800b31c                EXTI15_10_IRQHandler
                0x0800b31c                ADC_IRQHandler
                0x0800b31c                DMA1_Stream7_IRQHandler
                0x0800b31c                TIM7_IRQHandler
                0x0800b31c                CAN2_TX_IRQHandler
                0x0800b31c                TIM5_IRQHandler
                0x0800b31c                I2C3_EV_IRQHandler
                0x0800b31c                EXTI9_5_IRQHandler
                0x0800b31c                RTC_WKUP_IRQHandler
                0x0800b31c                ETH_WKUP_IRQHandler
                0x0800b31c                SPI2_IRQHandler
                0x0800b31c                OTG_HS_EP1_IN_IRQHandler
                0x0800b31c                DMA1_Stream0_IRQHandler
                0x0800b31c                CAN1_TX_IRQHandler
                0x0800b31c                EXTI4_IRQHandler
                0x0800b31c                FSMC_IRQHandler
                0x0800b31c                ETH_IRQHandler
                0x0800b31c                OTG_HS_EP1_OUT_IRQHandler
                0x0800b31c                WWDG_IRQHandler
                0x0800b31c                TIM2_IRQHandler
                0x0800b31c                OTG_FS_WKUP_IRQHandler
                0x0800b31c                TIM1_TRG_COM_TIM11_IRQHandler
                0x0800b31c                OTG_HS_IRQHandler
                0x0800b31c                EXTI1_IRQHandler
                0x0800b31c                USART2_IRQHandler
                0x0800b31c                I2C2_ER_IRQHandler
                0x0800b31c                DMA2_Stream1_IRQHandler
                0x0800b31c                CAN1_SCE_IRQHandler
                0x0800b31c                FLASH_IRQHandler
                0x0800b31c                DMA2_Stream4_IRQHandler
                0x0800b31c                SPI3_IRQHandler
                0x0800b31c                DMA1_Stream4_IRQHandler
                0x0800b31c                I2C1_ER_IRQHandler
                0x0800b31c                DMA2_Stream6_IRQHandler
                0x0800b31c                DMA1_Stream3_IRQHandler
 .text.Emm_V5_Send
                0x0800b31e       0x1e CMakeFiles/f407-fish.dir/App/Emm_V5.c.obj
 .text.Emm_V5_En_Control
                0x0800b33c       0x4c CMakeFiles/f407-fish.dir/App/Emm_V5.c.obj
                0x0800b33c                Emm_V5_En_Control
 .text.Emm_V5_Vel_Control
                0x0800b388       0x6c CMakeFiles/f407-fish.dir/App/Emm_V5.c.obj
                0x0800b388                Emm_V5_Vel_Control
 .text.Emm_V5_Stop_Now
                0x0800b3f4       0x44 CMakeFiles/f407-fish.dir/App/Emm_V5.c.obj
                0x0800b3f4                Emm_V5_Stop_Now
 .text.Emm_V5_App_USB_Reply
                0x0800b438       0x4c CMakeFiles/f407-fish.dir/App/Emm_V5_App.c.obj
 .text.Emm_V5_App_ToUpper
                0x0800b484       0x42 CMakeFiles/f407-fish.dir/App/Emm_V5_App.c.obj
 *fill*         0x0800b4c6        0x2 
 .text.Emm_V5_App_ClampRpm
                0x0800b4c8       0x38 CMakeFiles/f407-fish.dir/App/Emm_V5_App.c.obj
 .text.Emm_V5_App_AbsRpm
                0x0800b500       0x28 CMakeFiles/f407-fish.dir/App/Emm_V5_App.c.obj
 .text.Emm_V5_App_GetDir
                0x0800b528       0x50 CMakeFiles/f407-fish.dir/App/Emm_V5_App.c.obj
 .text.Emm_V5_App_SendAxisVelocity
                0x0800b578       0x4a CMakeFiles/f407-fish.dir/App/Emm_V5_App.c.obj
 *fill*         0x0800b5c2        0x2 
 .text.Emm_V5_App_ProcessCmd
                0x0800b5c4      0x1b0 CMakeFiles/f407-fish.dir/App/Emm_V5_App.c.obj
 .text.Emm_V5_App_Init
                0x0800b774       0x12 CMakeFiles/f407-fish.dir/App/Emm_V5_App.c.obj
                0x0800b774                Emm_V5_App_Init
 .text.Emm_V5_App_SetEnable
                0x0800b786       0x2a CMakeFiles/f407-fish.dir/App/Emm_V5_App.c.obj
                0x0800b786                Emm_V5_App_SetEnable
 .text.Emm_V5_App_SetVelocity
                0x0800b7b0       0x44 CMakeFiles/f407-fish.dir/App/Emm_V5_App.c.obj
                0x0800b7b0                Emm_V5_App_SetVelocity
 .text.Emm_V5_App_Stop
                0x0800b7f4       0x18 CMakeFiles/f407-fish.dir/App/Emm_V5_App.c.obj
                0x0800b7f4                Emm_V5_App_Stop
 .text.Emm_V5_App_USB_CDC_Input
                0x0800b80c       0xb8 CMakeFiles/f407-fish.dir/App/Emm_V5_App.c.obj
                0x0800b80c                Emm_V5_App_USB_CDC_Input
 .text.UART1_Lock
                0x0800b8c4       0x22 CMakeFiles/f407-fish.dir/App/Uart1_Dma.c.obj
 .text.UART1_Unlock
                0x0800b8e6       0x1e CMakeFiles/f407-fish.dir/App/Uart1_Dma.c.obj
 .text.UART1_RingPushByte
                0x0800b904       0x68 CMakeFiles/f407-fish.dir/App/Uart1_Dma.c.obj
 .text.UART1_RingPushBlock
                0x0800b96c       0x38 CMakeFiles/f407-fish.dir/App/Uart1_Dma.c.obj
 .text.UART1_RxCheck
                0x0800b9a4       0xa8 CMakeFiles/f407-fish.dir/App/Uart1_Dma.c.obj
 .text.UART1_TxStart
                0x0800ba4c       0x54 CMakeFiles/f407-fish.dir/App/Uart1_Dma.c.obj
 .text.UART1_DmaCommInit
                0x0800baa0       0x7c CMakeFiles/f407-fish.dir/App/Uart1_Dma.c.obj
                0x0800baa0                UART1_DmaCommInit
 .text.UART1_DmaIrqHandler
                0x0800bb1c       0x48 CMakeFiles/f407-fish.dir/App/Uart1_Dma.c.obj
                0x0800bb1c                UART1_DmaIrqHandler
 .text.UART1_DmaTxEnqueue
                0x0800bb64       0xd0 CMakeFiles/f407-fish.dir/App/Uart1_Dma.c.obj
                0x0800bb64                UART1_DmaTxEnqueue
 .text.HAL_UART_TxCpltCallback
                0x0800bc34       0x74 CMakeFiles/f407-fish.dir/App/Uart1_Dma.c.obj
                0x0800bc34                HAL_UART_TxCpltCallback
 .text.HAL_UART_RxHalfCpltCallback
                0x0800bca8       0x24 CMakeFiles/f407-fish.dir/App/Uart1_Dma.c.obj
                0x0800bca8                HAL_UART_RxHalfCpltCallback
 .text.HAL_UART_RxCpltCallback
                0x0800bccc       0x24 CMakeFiles/f407-fish.dir/App/Uart1_Dma.c.obj
                0x0800bccc                HAL_UART_RxCpltCallback
 .text.HAL_UART_ErrorCallback
                0x0800bcf0       0x4c CMakeFiles/f407-fish.dir/App/Uart1_Dma.c.obj
                0x0800bcf0                HAL_UART_ErrorCallback
 *(.glue_7)
 .glue_7        0x0800bd3c        0x0 linker stubs
 *(.glue_7t)
 .glue_7t       0x0800bd3c        0x0 linker stubs
 *(.eh_frame)
 .eh_frame      0x0800bd3c        0x0 /usr/lib/gcc/arm-none-eabi/13.2.1/thumb/v7e-m+fp/hard/crtbegin.o
 *(.init)
 .init          0x0800bd3c        0x4 /usr/lib/gcc/arm-none-eabi/13.2.1/thumb/v7e-m+fp/hard/crti.o
                0x0800bd3c                _init
 .init          0x0800bd40        0x8 /usr/lib/gcc/arm-none-eabi/13.2.1/thumb/v7e-m+fp/hard/crtn.o
 *(.fini)
 .fini          0x0800bd48        0x4 /usr/lib/gcc/arm-none-eabi/13.2.1/thumb/v7e-m+fp/hard/crti.o
                0x0800bd48                _fini
 .fini          0x0800bd4c        0x8 /usr/lib/gcc/arm-none-eabi/13.2.1/thumb/v7e-m+fp/hard/crtn.o
                0x0800bd54                        . = ALIGN (0x4)
                0x0800bd54                        _etext = .

.vfp11_veneer   0x0800bd54        0x0
 .vfp11_veneer  0x0800bd54        0x0 linker stubs

.v4_bx          0x0800bd54        0x0
 .v4_bx         0x0800bd54        0x0 linker stubs

.iplt           0x0800bd54        0x0
 .iplt          0x0800bd54        0x0 /usr/lib/gcc/arm-none-eabi/13.2.1/thumb/v7e-m+fp/hard/crtbegin.o

.rodata         0x0800bd54      0x2b0
                0x0800bd54                        . = ALIGN (0x4)
 *(.rodata)
 .rodata        0x0800bd54       0x46 CMakeFiles/f407-fish.dir/USB_DEVICE/App/usbd_desc.c.obj
 *fill*         0x0800bd9a        0x2 
 .rodata        0x0800bd9c       0xda CMakeFiles/f407-fish.dir/App/Emm_V5_App.c.obj
 *fill*         0x0800be76        0x2 
 .rodata        0x0800be78        0xc /usr/lib/gcc/arm-none-eabi/13.2.1/../../../arm-none-eabi/lib/thumb/v7e-m+fp/hard/libg_nano.a(libc_a-nano-vfscanf_i.o)
 .rodata        0x0800be84      0x101 /usr/lib/gcc/arm-none-eabi/13.2.1/../../../arm-none-eabi/lib/thumb/v7e-m+fp/hard/libg_nano.a(libc_a-ctype_.o)
                0x0800be84                _ctype_
 *(.rodata*)
 *fill*         0x0800bf85        0x3 
 .rodata.AHBPrescTable
                0x0800bf88       0x10 cmake/stm32cubemx/CMakeFiles/STM32_Drivers.dir/__/__/Core/Src/system_stm32f4xx.c.obj
                0x0800bf88                AHBPrescTable
 .rodata.APBPrescTable
                0x0800bf98        0x8 cmake/stm32cubemx/CMakeFiles/STM32_Drivers.dir/__/__/Core/Src/system_stm32f4xx.c.obj
                0x0800bf98                APBPrescTable
 .rodata.flagBitshiftOffset.0
                0x0800bfa0        0x8 cmake/stm32cubemx/CMakeFiles/STM32_Drivers.dir/__/__/Drivers/STM32F4xx_HAL_Driver/Src/stm32f4xx_hal_dma.c.obj
 .rodata.str1.4
                0x0800bfa8       0x59 /usr/lib/gcc/arm-none-eabi/13.2.1/../../../arm-none-eabi/lib/thumb/v7e-m+fp/hard/libg_nano.a(libc_a-nano-svfprintf.o)
                                 0x13 (size before relaxing)
 .rodata.str1.4
                0x0800c001        0x4 /usr/lib/gcc/arm-none-eabi/13.2.1/../../../arm-none-eabi/lib/thumb/v7e-m+fp/hard/libg_nano.a(libc_a-nano-svfscanf.o)
 .rodata.str1.4
                0x0800c001       0x1f /usr/lib/gcc/arm-none-eabi/13.2.1/../../../arm-none-eabi/lib/thumb/v7e-m+fp/hard/libg_nano.a(libc_a-nano-vfscanf_i.o)
 .rodata.str1.4
                0x0800c001       0x25 /usr/lib/gcc/arm-none-eabi/13.2.1/../../../arm-none-eabi/lib/thumb/v7e-m+fp/hard/libg_nano.a(libc_a-nano-vfprintf_i.o)
                0x0800c028                        . = ALIGN (0x4)
 *fill*         0x0800c001        0x3 

.ARM.extab      0x0800c004        0x0
                0x0800c004                        . = ALIGN (0x4)
 *(.ARM.extab* .gnu.linkonce.armextab.*)
                0x0800c004                        . = ALIGN (0x4)

.ARM            0x0800c004        0x8
                0x0800c004                        . = ALIGN (0x4)
                0x0800c004                        __exidx_start = .
 *(.ARM.exidx*)
 .ARM.exidx     0x0800c004        0x8 /usr/lib/gcc/arm-none-eabi/13.2.1/thumb/v7e-m+fp/hard/libgcc.a(_udivmoddi4.o)
 .ARM.exidx     0x0800c00c        0x0 /usr/lib/gcc/arm-none-eabi/13.2.1/../../../arm-none-eabi/lib/thumb/v7e-m+fp/hard/libg_nano.a(libc_a-strlen.o)
                                  0x8 (size before relaxing)
 .ARM.exidx     0x0800c00c        0x0 /usr/lib/gcc/arm-none-eabi/13.2.1/../../../arm-none-eabi/lib/thumb/v7e-m+fp/hard/libg_nano.a(libc_a-memcpy.o)
                                  0x8 (size before relaxing)
 .ARM.exidx     0x0800c00c        0x0 /usr/lib/gcc/arm-none-eabi/13.2.1/../../../arm-none-eabi/lib/thumb/v7e-m+fp/hard/libg_nano.a(libc_a-strcmp.o)
                                  0x8 (size before relaxing)
 .ARM.exidx     0x0800c00c        0x0 /usr/lib/gcc/arm-none-eabi/13.2.1/../../../arm-none-eabi/lib/thumb/v7e-m+fp/hard/libg_nano.a(libc_a-memchr.o)
                                  0x8 (size before relaxing)
                0x0800c00c                        __exidx_end = .
                0x0800c00c                        . = ALIGN (0x4)

.preinit_array  0x0800c00c        0x0
                0x0800c00c                        . = ALIGN (0x4)
                0x0800c00c                        PROVIDE (__preinit_array_start = .)
 *(.preinit_array*)
                0x0800c00c                        PROVIDE (__preinit_array_end = .)
                0x0800c00c                        . = ALIGN (0x4)

.init_array     0x0800c00c        0x4
                0x0800c00c                        . = ALIGN (0x4)
                0x0800c00c                        PROVIDE (__init_array_start = .)
 *(SORT_BY_NAME(.init_array.*))
 *(.init_array*)
 .init_array    0x0800c00c        0x4 /usr/lib/gcc/arm-none-eabi/13.2.1/thumb/v7e-m+fp/hard/crtbegin.o
                0x0800c010                        PROVIDE (__init_array_end = .)
                0x0800c010                        . = ALIGN (0x4)

.fini_array     0x0800c010        0x4
                0x0800c010                        . = ALIGN (0x4)
                0x0800c010                        PROVIDE (__fini_array_start = .)
 *(SORT_BY_NAME(.fini_array.*))
 *(.fini_array*)
 .fini_array    0x0800c010        0x4 /usr/lib/gcc/arm-none-eabi/13.2.1/thumb/v7e-m+fp/hard/crtbegin.o
                0x0800c014                        PROVIDE (__fini_array_end = .)
                0x0800c014                        . = ALIGN (0x4)
                0x0800c014                        _siccmram = LOADADDR (.ccmram)

.rel.dyn        0x0800c014        0x0
 .rel.iplt      0x0800c014        0x0 /usr/lib/gcc/arm-none-eabi/13.2.1/thumb/v7e-m+fp/hard/crtbegin.o

.ccmram         0x10000000        0x0 load address 0x0800c014
                0x10000000                        . = ALIGN (0x4)
                0x10000000                        _sccmram = .
 *(.ccmram)
 *(.ccmram*)
                0x10000000                        . = ALIGN (0x4)
                0x10000000                        _eccmram = .
                0x0800c014                        _sidata = LOADADDR (.data)

.data           0x20000000      0x158 load address 0x0800c014
                0x20000000                        . = ALIGN (0x4)
                0x20000000                        _sdata = .
 *(.data)
 .data          0x20000000       0x50 /usr/lib/gcc/arm-none-eabi/13.2.1/../../../arm-none-eabi/lib/thumb/v7e-m+fp/hard/libg_nano.a(libc_a-impure.o)
                0x20000000                _impure_ptr
                0x20000004                _impure_data
 .data          0x20000050        0xc /usr/lib/gcc/arm-none-eabi/13.2.1/../../../arm-none-eabi/lib/thumb/v7e-m+fp/hard/libg_nano.a(libc_a-findfp.o)
                0x20000050                __sglue
 *(.data*)
 .data.SystemCoreClock
                0x2000005c        0x4 cmake/stm32cubemx/CMakeFiles/STM32_Drivers.dir/__/__/Core/Src/system_stm32f4xx.c.obj
                0x2000005c                SystemCoreClock
 .data.uwTickPrio
                0x20000060        0x4 cmake/stm32cubemx/CMakeFiles/STM32_Drivers.dir/__/__/Drivers/STM32F4xx_HAL_Driver/Src/stm32f4xx_hal.c.obj
                0x20000060                uwTickPrio
 .data.uwTickFreq
                0x20000064        0x1 cmake/stm32cubemx/CMakeFiles/STM32_Drivers.dir/__/__/Drivers/STM32F4xx_HAL_Driver/Src/stm32f4xx_hal.c.obj
                0x20000064                uwTickFreq
 *fill*         0x20000065        0x3 
 .data.USBD_CDC_DeviceQualifierDesc
                0x20000068        0xa cmake/stm32cubemx/CMakeFiles/USB_Device_Library.dir/__/__/Middlewares/ST/STM32_USB_Device_Library/Class/CDC/Src/usbd_cdc.c.obj
 *fill*         0x20000072        0x2 
 .data.USBD_CDC
                0x20000074       0x38 cmake/stm32cubemx/CMakeFiles/USB_Device_Library.dir/__/__/Middlewares/ST/STM32_USB_Device_Library/Class/CDC/Src/usbd_cdc.c.obj
                0x20000074                USBD_CDC
 .data.USBD_CDC_CfgDesc
                0x200000ac       0x43 cmake/stm32cubemx/CMakeFiles/USB_Device_Library.dir/__/__/Middlewares/ST/STM32_USB_Device_Library/Class/CDC/Src/usbd_cdc.c.obj
 .data.CDCInEpAdd
                0x200000ef        0x1 cmake/stm32cubemx/CMakeFiles/USB_Device_Library.dir/__/__/Middlewares/ST/STM32_USB_Device_Library/Class/CDC/Src/usbd_cdc.c.obj
 .data.CDCOutEpAdd
                0x200000f0        0x1 cmake/stm32cubemx/CMakeFiles/USB_Device_Library.dir/__/__/Middlewares/ST/STM32_USB_Device_Library/Class/CDC/Src/usbd_cdc.c.obj
 .data.CDCCmdEpAdd
                0x200000f1        0x1 cmake/stm32cubemx/CMakeFiles/USB_Device_Library.dir/__/__/Middlewares/ST/STM32_USB_Device_Library/Class/CDC/Src/usbd_cdc.c.obj
 *fill*         0x200000f2        0x2 
 .data.FS_Desc  0x200000f4       0x1c CMakeFiles/f407-fish.dir/USB_DEVICE/App/usbd_desc.c.obj
                0x200000f4                FS_Desc
 .data.USBD_FS_DeviceDesc
                0x20000110       0x12 CMakeFiles/f407-fish.dir/USB_DEVICE/App/usbd_desc.c.obj
                0x20000110                USBD_FS_DeviceDesc
 *fill*         0x20000122        0x2 
 .data.USBD_LangIDDesc
                0x20000124        0x4 CMakeFiles/f407-fish.dir/USB_DEVICE/App/usbd_desc.c.obj
                0x20000124                USBD_LangIDDesc
 .data.USBD_StringSerial
                0x20000128       0x1a CMakeFiles/f407-fish.dir/USB_DEVICE/App/usbd_desc.c.obj
                0x20000128                USBD_StringSerial
 *fill*         0x20000142        0x2 
 .data.USBD_Interface_fops_FS
                0x20000144       0x14 CMakeFiles/f407-fish.dir/USB_DEVICE/App/usbd_cdc_if.c.obj
                0x20000144                USBD_Interface_fops_FS
 *(.RamFunc)
 *(.RamFunc*)
                0x20000158                        . = ALIGN (0x4)

.tm_clone_table
                0x20000158        0x0 load address 0x0800c16c
 .tm_clone_table
                0x20000158        0x0 /usr/lib/gcc/arm-none-eabi/13.2.1/thumb/v7e-m+fp/hard/crtbegin.o
 .tm_clone_table
                0x20000158        0x0 /usr/lib/gcc/arm-none-eabi/13.2.1/thumb/v7e-m+fp/hard/crtend.o

.igot.plt       0x20000158        0x0 load address 0x0800c16c
 .igot.plt      0x20000158        0x0 /usr/lib/gcc/arm-none-eabi/13.2.1/thumb/v7e-m+fp/hard/crtbegin.o

.tdata          0x20000158        0x0 load address 0x0800c16c
 *(.tdata .tdata.* .gnu.linkonce.td.*)
                0x20000158                        . = ALIGN (0x4)
                0x20000158                        _edata = .
                [!provide]                        PROVIDE (__data_end = .)
                [!provide]                        PROVIDE (__tdata_end = .)
                [!provide]                        PROVIDE (__tdata_start = ADDR (.tdata))
                [!provide]                        PROVIDE (__tdata_size = (__tdata_end - __tdata_start))
                [!provide]                        PROVIDE (__data_start = ADDR (.data))
                [!provide]                        PROVIDE (__data_size = (__data_end - __data_start))
                [!provide]                        PROVIDE (__tdata_source = LOADADDR (.tdata))
                [!provide]                        PROVIDE (__tdata_source_end = (LOADADDR (.tdata) + SIZEOF (.tdata)))
                [!provide]                        PROVIDE (__tdata_source_size = (__tdata_source_end - __tdata_source))
                [!provide]                        PROVIDE (__data_source = LOADADDR (.data))
                [!provide]                        PROVIDE (__data_source_end = __tdata_source_end)
                [!provide]                        PROVIDE (__data_source_size = (__data_source_end - __data_source))

.tbss           0x20000158        0x0 load address 0x0800c16c
                0x20000158                        _sbss = .
                0x20000158                        __bss_start__ = _sbss
 *(.tbss .tbss.*)
                0x20000158                        . = ALIGN (0x4)
                [!provide]                        PROVIDE (__tbss_end = .)
                [!provide]                        PROVIDE (__tbss_start = ADDR (.tbss))
                [!provide]                        PROVIDE (__tbss_size = (__tbss_end - __tbss_start))
                [!provide]                        PROVIDE (__tbss_offset = (ADDR (.tbss) - ADDR (.tdata)))
                [!provide]                        PROVIDE (__tls_base = __tdata_start)
                [!provide]                        PROVIDE (__tls_end = __tbss_end)
                [!provide]                        PROVIDE (__tls_size = (__tls_end - __tls_base))
                [!provide]                        PROVIDE (__tls_align = MAX (ALIGNOF (.tdata), ALIGNOF (.tbss)))
                [!provide]                        PROVIDE (__tls_size_align = (((__tls_size + __tls_align) - 0x1) & ~ ((__tls_align - 0x1))))
                [!provide]                        PROVIDE (__arm32_tls_tcb_offset = MAX (0x8, __tls_align))
                [!provide]                        PROVIDE (__arm64_tls_tcb_offset = MAX (0x10, __tls_align))

.bss            0x20000158     0x23fc load address 0x0800c16c
 *(.bss)
 .bss           0x20000158       0x1c /usr/lib/gcc/arm-none-eabi/13.2.1/thumb/v7e-m+fp/hard/crtbegin.o
 .bss           0x20000174      0x13c /usr/lib/gcc/arm-none-eabi/13.2.1/../../../arm-none-eabi/lib/thumb/v7e-m+fp/hard/libg_nano.a(libc_a-findfp.o)
                0x20000174                __sf
                0x200002ac                __stdio_exit_handler
 .bss           0x200002b0        0x8 /usr/lib/gcc/arm-none-eabi/13.2.1/../../../arm-none-eabi/lib/thumb/v7e-m+fp/hard/libg_nano.a(libc_a-mallocr.o)
                0x200002b0                __malloc_sbrk_start
                0x200002b4                __malloc_free_list
 .bss           0x200002b8        0x4 /usr/lib/gcc/arm-none-eabi/13.2.1/../../../arm-none-eabi/lib/thumb/v7e-m+fp/hard/libg_nano.a(libc_a-reent.o)
                0x200002b8                errno
 *(.bss*)
 .bss.uwTick    0x200002bc        0x4 cmake/stm32cubemx/CMakeFiles/STM32_Drivers.dir/__/__/Drivers/STM32F4xx_HAL_Driver/Src/stm32f4xx_hal.c.obj
                0x200002bc                uwTick
 .bss.cfgidx.0  0x200002c0        0x1 cmake/stm32cubemx/CMakeFiles/USB_Device_Library.dir/__/__/Middlewares/ST/STM32_USB_Device_Library/Core/Src/usbd_ctlreq.c.obj
 *fill*         0x200002c1        0x3 
 .bss.hpcd_USB_OTG_FS
                0x200002c4      0x4e4 CMakeFiles/f407-fish.dir/USB_DEVICE/Target/usbd_conf.c.obj
                0x200002c4                hpcd_USB_OTG_FS
 .bss.mem.0     0x200007a8      0x220 CMakeFiles/f407-fish.dir/USB_DEVICE/Target/usbd_conf.c.obj
 .bss.hUsbDeviceFS
                0x200009c8      0x2dc CMakeFiles/f407-fish.dir/USB_DEVICE/App/usb_device.c.obj
                0x200009c8                hUsbDeviceFS
 .bss.USBD_StrDesc
                0x20000ca4      0x200 CMakeFiles/f407-fish.dir/USB_DEVICE/App/usbd_desc.c.obj
                0x20000ca4                USBD_StrDesc
 .bss.UserRxBufferFS
                0x20000ea4      0x800 CMakeFiles/f407-fish.dir/USB_DEVICE/App/usbd_cdc_if.c.obj
                0x20000ea4                UserRxBufferFS
 .bss.UserTxBufferFS
                0x200016a4      0x800 CMakeFiles/f407-fish.dir/USB_DEVICE/App/usbd_cdc_if.c.obj
                0x200016a4                UserTxBufferFS
 .bss.huart1    0x20001ea4       0x48 CMakeFiles/f407-fish.dir/Core/Src/usart.c.obj
                0x20001ea4                huart1
 .bss.hdma_usart1_tx
                0x20001eec       0x60 CMakeFiles/f407-fish.dir/Core/Src/usart.c.obj
                0x20001eec                hdma_usart1_tx
 .bss.hdma_usart1_rx
                0x20001f4c       0x60 CMakeFiles/f407-fish.dir/Core/Src/usart.c.obj
                0x20001f4c                hdma_usart1_rx
 .bss.__sbrk_heap_end
                0x20001fac        0x4 CMakeFiles/f407-fish.dir/Core/Src/sysmem.c.obj
 .bss.cmd.37    0x20001fb0       0x10 CMakeFiles/f407-fish.dir/App/Emm_V5.c.obj
 .bss.cmd.36    0x20001fc0       0x10 CMakeFiles/f407-fish.dir/App/Emm_V5.c.obj
 .bss.cmd.34    0x20001fd0       0x10 CMakeFiles/f407-fish.dir/App/Emm_V5.c.obj
 .bss.s_usb_cmd_buf
                0x20001fe0       0x60 CMakeFiles/f407-fish.dir/App/Emm_V5_App.c.obj
 .bss.s_usb_cmd_len
                0x20002040        0x2 CMakeFiles/f407-fish.dir/App/Emm_V5_App.c.obj
 *fill*         0x20002042        0x2 
 .bss.tx_buf.0  0x20002044       0x80 CMakeFiles/f407-fish.dir/App/Emm_V5_App.c.obj
 .bss.s_uart1_rx_dma
                0x200020c4       0x80 CMakeFiles/f407-fish.dir/App/Uart1_Dma.c.obj
 .bss.s_uart1_rx_ring
                0x20002144      0x200 CMakeFiles/f407-fish.dir/App/Uart1_Dma.c.obj
 .bss.s_uart1_rx_head
                0x20002344        0x2 CMakeFiles/f407-fish.dir/App/Uart1_Dma.c.obj
 .bss.s_uart1_rx_tail
                0x20002346        0x2 CMakeFiles/f407-fish.dir/App/Uart1_Dma.c.obj
 .bss.s_uart1_rx_dma_last_pos
                0x20002348        0x2 CMakeFiles/f407-fish.dir/App/Uart1_Dma.c.obj
 *fill*         0x2000234a        0x2 
 .bss.s_uart1_tx
                0x2000234c      0x208 CMakeFiles/f407-fish.dir/App/Uart1_Dma.c.obj
 *(COMMON)
                0x20002554                        . = ALIGN (0x4)
                0x20002554                        _ebss = .
                0x20002554                        __bss_end__ = _ebss
                [!provide]                        PROVIDE (__bss_end = .)
                [!provide]                        PROVIDE (__non_tls_bss_start = ADDR (.bss))
                [!provide]                        PROVIDE (__bss_start = __tbss_start)
                [!provide]                        PROVIDE (__bss_size = (__bss_end - __bss_start))

._user_heap_stack
                0x20002554      0x604 load address 0x0800c16c
                0x20002558                        . = ALIGN (0x8)
 *fill*         0x20002554        0x4 
                [!provide]                        PROVIDE (end = .)
                0x20002558                        PROVIDE (_end = .)
                0x20002758                        . = (. + _Min_Heap_Size)
 *fill*         0x20002558      0x200 
                0x20002b58                        . = (. + _Min_Stack_Size)
 *fill*         0x20002758      0x400 
                0x20002b58                        . = ALIGN (0x8)

/DISCARD/
 libc.a:*(*)
 libm.a:*(*)
 libgcc.a:*(*)
OUTPUT(f407-fish.elf elf32-littlearm)
LOAD linker stubs

.ARM.attributes
                0x00000000       0x30
 .ARM.attributes
                0x00000000       0x22 /usr/lib/gcc/arm-none-eabi/13.2.1/thumb/v7e-m+fp/hard/crti.o
 .ARM.attributes
                0x00000022       0x34 /usr/lib/gcc/arm-none-eabi/13.2.1/thumb/v7e-m+fp/hard/crtbegin.o
 .ARM.attributes
                0x00000056       0x34 cmake/stm32cubemx/CMakeFiles/STM32_Drivers.dir/__/__/Core/Src/system_stm32f4xx.c.obj
 .ARM.attributes
                0x0000008a       0x34 cmake/stm32cubemx/CMakeFiles/STM32_Drivers.dir/__/__/Drivers/STM32F4xx_HAL_Driver/Src/stm32f4xx_hal_pcd.c.obj
 .ARM.attributes
                0x000000be       0x34 cmake/stm32cubemx/CMakeFiles/STM32_Drivers.dir/__/__/Drivers/STM32F4xx_HAL_Driver/Src/stm32f4xx_hal_pcd_ex.c.obj
 .ARM.attributes
                0x000000f2       0x34 cmake/stm32cubemx/CMakeFiles/STM32_Drivers.dir/__/__/Drivers/STM32F4xx_HAL_Driver/Src/stm32f4xx_ll_usb.c.obj
 .ARM.attributes
                0x00000126       0x34 cmake/stm32cubemx/CMakeFiles/STM32_Drivers.dir/__/__/Drivers/STM32F4xx_HAL_Driver/Src/stm32f4xx_hal_rcc.c.obj
 .ARM.attributes
                0x0000015a       0x34 cmake/stm32cubemx/CMakeFiles/STM32_Drivers.dir/__/__/Drivers/STM32F4xx_HAL_Driver/Src/stm32f4xx_hal_gpio.c.obj
 .ARM.attributes
                0x0000018e       0x34 cmake/stm32cubemx/CMakeFiles/STM32_Drivers.dir/__/__/Drivers/STM32F4xx_HAL_Driver/Src/stm32f4xx_hal_dma.c.obj
 .ARM.attributes
                0x000001c2       0x34 cmake/stm32cubemx/CMakeFiles/STM32_Drivers.dir/__/__/Drivers/STM32F4xx_HAL_Driver/Src/stm32f4xx_hal_cortex.c.obj
 .ARM.attributes
                0x000001f6       0x34 cmake/stm32cubemx/CMakeFiles/STM32_Drivers.dir/__/__/Drivers/STM32F4xx_HAL_Driver/Src/stm32f4xx_hal.c.obj
 .ARM.attributes
                0x0000022a       0x34 cmake/stm32cubemx/CMakeFiles/STM32_Drivers.dir/__/__/Drivers/STM32F4xx_HAL_Driver/Src/stm32f4xx_hal_uart.c.obj
 .ARM.attributes
                0x0000025e       0x34 cmake/stm32cubemx/CMakeFiles/USB_Device_Library.dir/__/__/Middlewares/ST/STM32_USB_Device_Library/Core/Src/usbd_core.c.obj
 .ARM.attributes
                0x00000292       0x34 cmake/stm32cubemx/CMakeFiles/USB_Device_Library.dir/__/__/Middlewares/ST/STM32_USB_Device_Library/Core/Src/usbd_ctlreq.c.obj
 .ARM.attributes
                0x000002c6       0x34 cmake/stm32cubemx/CMakeFiles/USB_Device_Library.dir/__/__/Middlewares/ST/STM32_USB_Device_Library/Core/Src/usbd_ioreq.c.obj
 .ARM.attributes
                0x000002fa       0x34 cmake/stm32cubemx/CMakeFiles/USB_Device_Library.dir/__/__/Middlewares/ST/STM32_USB_Device_Library/Class/CDC/Src/usbd_cdc.c.obj
 .ARM.attributes
                0x0000032e       0x34 CMakeFiles/f407-fish.dir/USB_DEVICE/Target/usbd_conf.c.obj
 .ARM.attributes
                0x00000362       0x34 CMakeFiles/f407-fish.dir/USB_DEVICE/App/usb_device.c.obj
 .ARM.attributes
                0x00000396       0x34 CMakeFiles/f407-fish.dir/USB_DEVICE/App/usbd_desc.c.obj
 .ARM.attributes
                0x000003ca       0x34 CMakeFiles/f407-fish.dir/USB_DEVICE/App/usbd_cdc_if.c.obj
 .ARM.attributes
                0x000003fe       0x34 CMakeFiles/f407-fish.dir/Core/Src/main.c.obj
 .ARM.attributes
                0x00000432       0x34 CMakeFiles/f407-fish.dir/Core/Src/gpio.c.obj
 .ARM.attributes
                0x00000466       0x34 CMakeFiles/f407-fish.dir/Core/Src/dma.c.obj
 .ARM.attributes
                0x0000049a       0x34 CMakeFiles/f407-fish.dir/Core/Src/usart.c.obj
 .ARM.attributes
                0x000004ce       0x34 CMakeFiles/f407-fish.dir/Core/Src/stm32f4xx_it.c.obj
 .ARM.attributes
                0x00000502       0x34 CMakeFiles/f407-fish.dir/Core/Src/stm32f4xx_hal_msp.c.obj
 .ARM.attributes
                0x00000536       0x34 CMakeFiles/f407-fish.dir/Core/Src/sysmem.c.obj
 .ARM.attributes
                0x0000056a       0x34 CMakeFiles/f407-fish.dir/Core/Src/syscalls.c.obj
 .ARM.attributes
                0x0000059e       0x21 CMakeFiles/f407-fish.dir/startup_stm32f407xx.s.obj
 .ARM.attributes
                0x000005bf       0x34 CMakeFiles/f407-fish.dir/App/Emm_V5.c.obj
 .ARM.attributes