Archive member included to satisfy reference by file (symbol)

/home/honeykill/.local/share/stm32cube/bundles/gnu-tools-for-stm32/14.3.1+st.2/bin/../lib/gcc/arm-none-eabi/14.3.1/thumb/v7e-m+fp/hard/libgcc.a(_aeabi_uldivmod.o)
                              cmake/stm32cubemx/CMakeFiles/STM32_Drivers.dir/__/__/Drivers/STM32F4xx_HAL_Driver/Src/stm32f4xx_hal_rcc.c.obj (__aeabi_uldivmod)
/home/honeykill/.local/share/stm32cube/bundles/gnu-tools-for-stm32/14.3.1+st.2/bin/../lib/gcc/arm-none-eabi/14.3.1/thumb/v7e-m+fp/hard/libgcc.a(_udivmoddi4.o)
                              /home/honeykill/.local/share/stm32cube/bundles/gnu-tools-for-stm32/14.3.1+st.2/bin/../lib/gcc/arm-none-eabi/14.3.1/thumb/v7e-m+fp/hard/libgcc.a(_aeabi_uldivmod.o) (__udivmoddi4)
/home/honeykill/.local/share/stm32cube/bundles/gnu-tools-for-stm32/14.3.1+st.2/bin/../lib/gcc/arm-none-eabi/14.3.1/thumb/v7e-m+fp/hard/libgcc.a(_dvmd_tls.o)
                              /home/honeykill/.local/share/stm32cube/bundles/gnu-tools-for-stm32/14.3.1+st.2/bin/../lib/gcc/arm-none-eabi/14.3.1/thumb/v7e-m+fp/hard/libgcc.a(_aeabi_uldivmod.o) (__aeabi_ldiv0)
/home/honeykill/.local/share/stm32cube/bundles/gnu-tools-for-stm32/14.3.1+st.2/bin/../lib/gcc/arm-none-eabi/14.3.1/../../../../arm-none-eabi/lib/thumb/v7e-m+fp/hard/libg_nano.a(libc_a-exit.o)
                              /home/honeykill/.local/share/stm32cube/bundles/gnu-tools-for-stm32/14.3.1+st.2/bin/../lib/gcc/arm-none-eabi/14.3.1/../../../../arm-none-eabi/lib/thumb/v7e-m+fp/hard/crt0.o (exit)
/home/honeykill/.local/share/stm32cube/bundles/gnu-tools-for-stm32/14.3.1+st.2/bin/../lib/gcc/arm-none-eabi/14.3.1/../../../../arm-none-eabi/lib/thumb/v7e-m+fp/hard/libg_nano.a(libc_a-findfp.o)
                              /home/honeykill/.local/share/stm32cube/bundles/gnu-tools-for-stm32/14.3.1+st.2/bin/../lib/gcc/arm-none-eabi/14.3.1/../../../../arm-none-eabi/lib/thumb/v7e-m+fp/hard/libg_nano.a(libc_a-exit.o) (__stdio_exit_handler)
/home/honeykill/.local/share/stm32cube/bundles/gnu-tools-for-stm32/14.3.1+st.2/bin/../lib/gcc/arm-none-eabi/14.3.1/../../../../arm-none-eabi/lib/thumb/v7e-m+fp/hard/libg_nano.a(libc_a-fwalk.o)
                              /home/honeykill/.local/share/stm32cube/bundles/gnu-tools-for-stm32/14.3.1+st.2/bin/../lib/gcc/arm-none-eabi/14.3.1/../../../../arm-none-eabi/lib/thumb/v7e-m+fp/hard/libg_nano.a(libc_a-findfp.o) (_fwalk_sglue)
/home/honeykill/.local/share/stm32cube/bundles/gnu-tools-for-stm32/14.3.1+st.2/bin/../lib/gcc/arm-none-eabi/14.3.1/../../../../arm-none-eabi/lib/thumb/v7e-m+fp/hard/libg_nano.a(libc_a-snprintf.o)
                              CMakeFiles/f407-fish.dir/App/Emm_V5_App.c.obj (snprintf)
/home/honeykill/.local/share/stm32cube/bundles/gnu-tools-for-stm32/14.3.1+st.2/bin/../lib/gcc/arm-none-eabi/14.3.1/../../../../arm-none-eabi/lib/thumb/v7e-m+fp/hard/libg_nano.a(libc_a-sscanf.o)
                              CMakeFiles/f407-fish.dir/App/Emm_V5_App.c.obj (sscanf)
/home/honeykill/.local/share/stm32cube/bundles/gnu-tools-for-stm32/14.3.1+st.2/bin/../lib/gcc/arm-none-eabi/14.3.1/../../../../arm-none-eabi/lib/thumb/v7e-m+fp/hard/libg_nano.a(libc_a-stdio.o)
                              /home/honeykill/.local/share/stm32cube/bundles/gnu-tools-for-stm32/14.3.1+st.2/bin/../lib/gcc/arm-none-eabi/14.3.1/../../../../arm-none-eabi/lib/thumb/v7e-m+fp/hard/libg_nano.a(libc_a-findfp.o) (__sread)
/home/honeykill/.local/share/stm32cube/bundles/gnu-tools-for-stm32/14.3.1+st.2/bin/../lib/gcc/arm-none-eabi/14.3.1/../../../../arm-none-eabi/lib/thumb/v7e-m+fp/hard/libg_nano.a(libc_a-memset.o)
                              /home/honeykill/.local/share/stm32cube/bundles/gnu-tools-for-stm32/14.3.1+st.2/bin/../lib/gcc/arm-none-eabi/14.3.1/../../../../arm-none-eabi/lib/thumb/v7e-m+fp/hard/crt0.o (memset)
/home/honeykill/.local/share/stm32cube/bundles/gnu-tools-for-stm32/14.3.1+st.2/bin/../lib/gcc/arm-none-eabi/14.3.1/../../../../arm-none-eabi/lib/thumb/v7e-m+fp/hard/libg_nano.a(libc_a-strnlen.o)
                              CMakeFiles/f407-fish.dir/App/Emm_V5_App.c.obj (strnlen)
/home/honeykill/.local/share/stm32cube/bundles/gnu-tools-for-stm32/14.3.1+st.2/bin/../lib/gcc/arm-none-eabi/14.3.1/../../../../arm-none-eabi/lib/thumb/v7e-m+fp/hard/libg_nano.a(libc_a-closer.o)
                              /home/honeykill/.local/share/stm32cube/bundles/gnu-tools-for-stm32/14.3.1+st.2/bin/../lib/gcc/arm-none-eabi/14.3.1/../../../../arm-none-eabi/lib/thumb/v7e-m+fp/hard/libg_nano.a(libc_a-stdio.o) (_close_r)
/home/honeykill/.local/share/stm32cube/bundles/gnu-tools-for-stm32/14.3.1+st.2/bin/../lib/gcc/arm-none-eabi/14.3.1/../../../../arm-none-eabi/lib/thumb/v7e-m+fp/hard/libg_nano.a(libc_a-reent.o)
                              /home/honeykill/.local/share/stm32cube/bundles/gnu-tools-for-stm32/14.3.1+st.2/bin/../lib/gcc/arm-none-eabi/14.3.1/../../../../arm-none-eabi/lib/thumb/v7e-m+fp/hard/libg_nano.a(libc_a-closer.o) (errno)
[...]
Memory Configuration

Name             Origin             Length             Attributes
RAM              0x20000000         0x00020000         xrw
CCMRAM           0x10000000         0x00010000         xrw
FLASH            0x08000000         0x00080000         xr
*default*        0x00000000         0xffffffff

Linker script and memory map

LOAD /home/honeykill/.local/share/stm32cube/bundles/gnu-tools-for-stm32/14.3.1+st.2/bin/../lib/gcc/arm-none-eabi/14.3.1/thumb/v7e-m+fp/hard/crti.o
LOAD /home/honeykill/.local/share/stm32cube/bundles/gnu-tools-for-stm32/14.3.1+st.2/bin/../lib/gcc/arm-none-eabi/14.3.1/thumb/v7e-m+fp/hard/crtbegin.o
LOAD /home/honeykill/.local/share/stm32cube/bundles/gnu-tools-for-stm32/14.3.1+st.2/bin/../lib/gcc/arm-none-eabi/14.3.1/../../../../arm-none-eabi/lib/thumb/v7e-m+fp/hard/crt0.o
LOAD cmake/stm32cubemx/CMakeFiles/STM32_Drivers.dir/__/__/Core/Src/system_stm32f4xx.c.obj
LOAD cmake/stm32cubemx/CMakeFiles/STM32_Drivers.dir/__/__/Drivers/STM32F4xx_HAL_Driver/Src/stm32f4xx_hal_pcd.c.obj
LOAD cmake/stm32cubemx/CMakeFiles/STM32_Drivers.dir/__/__/Drivers/STM32F4xx_HAL_Driver/Src/stm32f4xx_hal_pcd_ex.c.obj
LOAD cmake/stm32cubemx/CMakeFiles/STM32_Drivers.dir/__/__/Drivers/STM32F4xx_HAL_Driver/Src/stm32f4xx_ll_usb.c.obj
LOAD cmake/stm32cubemx/CMakeFiles/STM32_Drivers.dir/__/__/Drivers/STM32F4xx_HAL_Driver/Src/stm32f4xx_hal_rcc.c.obj
LOAD cmake/stm32cubemx/CMakeFiles/STM32_Drivers.dir/__/__/Drivers/STM32F4xx_HAL_Driver/Src/stm32f4xx_hal_rcc_ex.c.obj
LOAD cmake/stm32cubemx/CMakeFiles/STM32_Drivers.dir/__/__/Drivers/STM32F4xx_HAL_Driver/Src/stm32f4xx_hal_flash.c.obj
LOAD cmake/stm32cubemx/CMakeFiles/STM32_Drivers.dir/__/__/Drivers/STM32F4xx_HAL_Driver/Src/stm32f4xx_hal_flash_ex.c.obj
LOAD cmake/stm32cubemx/CMakeFiles/STM32_Drivers.dir/__/__/Drivers/STM32F4xx_HAL_Driver/Src/stm32f4xx_hal_flash_ramfunc.c.obj
LOAD cmake/stm32cubemx/CMakeFiles/STM32_Drivers.dir/__/__/Drivers/STM32F4xx_HAL_Driver/Src/stm32f4xx_hal_gpio.c.obj
LOAD cmake/stm32cubemx/CMakeFiles/STM32_Drivers.dir/__/__/Drivers/STM32F4xx_HAL_Driver/Src/stm32f4xx_hal_dma_ex.c.obj
LOAD cmake/stm32cubemx/CMakeFiles/STM32_Drivers.dir/__/__/Drivers/STM32F4xx_HAL_Driver/Src/stm32f4xx_hal_dma.c.obj
LOAD cmake/stm32cubemx/CMakeFiles/STM32_Drivers.dir/__/__/Drivers/STM32F4xx_HAL_Driver/Src/stm32f4xx_hal_pwr.c.obj
LOAD cmake/stm32cubemx/CMakeFiles/STM32_Drivers.dir/__/__/Drivers/STM32F4xx_HAL_Driver/Src/stm32f4xx_hal_pwr_ex.c.obj
LOAD cmake/stm32cubemx/CMakeFiles/STM32_Drivers.dir/__/__/Drivers/STM32F4xx_HAL_Driver/Src/stm32f4xx_hal_cortex.c.obj
LOAD cmake/stm32cubemx/CMakeFiles/STM32_Drivers.dir/__/__/Drivers/STM32F4xx_HAL_Driver/Src/stm32f4xx_hal.c.obj
LOAD cmake/stm32cubemx/CMakeFiles/STM32_Drivers.dir/__/__/Drivers/STM32F4xx_HAL_Driver/Src/stm32f4xx_hal_exti.c.obj
LOAD cmake/stm32cubemx/CMakeFiles/STM32_Drivers.dir/__/__/Drivers/STM32F4xx_HAL_Driver/Src/stm32f4xx_hal_uart.c.obj
LOAD cmake/stm32cubemx/CMakeFiles/USB_Device_Library.dir/__/__/Middlewares/ST/STM32_USB_Device_Library/Core/Src/usbd_core.c.obj
LOAD cmake/stm32cubemx/CMakeFiles/USB_Device_Library.dir/__/__/Middlewares/ST/STM32_USB_Device_Library/Core/Src/usbd_ctlreq.c.obj
LOAD cmake/stm32cubemx/CMakeFiles/USB_Device_Library.dir/__/__/Middlewares/ST/STM32_USB_Device_Library/Core/Src/usbd_ioreq.c.obj
LOAD cmake/stm32cubemx/CMakeFiles/USB_Device_Library.dir/__/__/Middlewares/ST/STM32_USB_Device_Library/Class/CDC/Src/usbd_cdc.c.obj
LOAD CMakeFiles/f407-fish.dir/USB_DEVICE/Target/usbd_conf.c.obj
LOAD CMakeFiles/f407-fish.dir/USB_DEVICE/App/usb_device.c.obj
LOAD CMakeFiles/f407-fish.dir/USB_DEVICE/App/usbd_desc.c.obj
LOAD CMakeFiles/f407-fish.dir/USB_DEVICE/App/usbd_cdc_if.c.obj
LOAD CMakeFiles/f407-fish.dir/Core/Src/main.c.obj
LOAD CMakeFiles/f407-fish.dir/Core/Src/gpio.c.obj
LOAD CMakeFiles/f407-fish.dir/Core/Src/dma.c.obj
LOAD CMakeFiles/f407-fish.dir/Core/Src/usart.c.obj
LOAD CMakeFiles/f407-fish.dir/Core/Src/stm32f4xx_it.c.obj
LOAD CMakeFiles/f407-fish.dir/Core/Src/stm32f4xx_hal_msp.c.obj
LOAD CMakeFiles/f407-fish.dir/Core/Src/sysmem.c.obj
LOAD CMakeFiles/f407-fish.dir/Core/Src/syscalls.c.obj
LOAD CMakeFiles/f407-fish.dir/startup_stm32f407xx.s.obj
LOAD CMakeFiles/f407-fish.dir/App/Emm_V5.c.obj
LOAD CMakeFiles/f407-fish.dir/App/Emm_V5_App.c.obj
LOAD CMakeFiles/f407-fish.dir/App/Uart1_Dma.c.obj
LOAD /home/honeykill/.local/share/stm32cube/bundles/gnu-tools-for-stm32/14.3.1+st.2/bin/../lib/gcc/arm-none-eabi/14.3.1/../../../../arm-none-eabi/lib/thumb/v7e-m+fp/hard/libm.a
START GROUP
LOAD /home/honeykill/.local/share/stm32cube/bundles/gnu-tools-for-stm32/14.3.1+st.2/bin/../lib/gcc/arm-none-eabi/14.3.1/thumb/v7e-m+fp/hard/libgcc.a
LOAD /home/honeykill/.local/share/stm32cube/bundles/gnu-tools-for-stm32/14.3.1+st.2/bin/../lib/gcc/arm-none-eabi/14.3.1/../../../../arm-none-eabi/lib/thumb/v7e-m+fp/hard/libg_nano.a
LOAD /home/honeykill/.local/share/stm32cube/bundles/gnu-tools-for-stm32/14.3.1+st.2/bin/../lib/gcc/arm-none-eabi/14.3.1/../../../../arm-none-eabi/lib/thumb/v7e-m+fp/hard/libc_nano.a
END GROUP
START GROUP
LOAD /home/honeykill/.local/share/stm32cube/bundles/gnu-tools-for-stm32/14.3.1+st.2/bin/../lib/gcc/arm-none-eabi/14.3.1/thumb/v7e-m+fp/hard/libgcc.a
LOAD /home/honeykill/.local/share/stm32cube/bundles/gnu-tools-for-stm32/14.3.1+st.2/bin/../lib/gcc/arm-none-eabi/14.3.1/../../../../arm-none-eabi/lib/thumb/v7e-m+fp/hard/libc_nano.a
END GROUP
LOAD /home/honeykill/.local/share/stm32cube/bundles/gnu-tools-for-stm32/14.3.1+st.2/bin/../lib/gcc/arm-none-eabi/14.3.1/thumb/v7e-m+fp/hard/crtend.o
LOAD /home/honeykill/.local/share/stm32cube/bundles/gnu-tools-for-stm32/14.3.1+st.2/bin/../lib/gcc/arm-none-eabi/14.3.1/thumb/v7e-m+fp/hard/crtn.o
                0x20020000                        _estack = (ORIGIN (RAM) + LENGTH (RAM))
                0x2001fc00                        _sstack = (_estack - _Min_Stack_Size)
                0x00000200                        _Min_Heap_Size = 0x200
                0x00000400                        _Min_Stack_Size = 0x400

.isr_vector     0x08000000      0x188
                0x08000000                        . = ALIGN (0x4)
 *(.isr_vector)
 .isr_vector    0x08000000      0x188 CMakeFiles/f407-fish.dir/startup_stm32f407xx.s.obj
                0x08000000                g_pfnVectors
                0x08000188                        . = ALIGN (0x4)

.text           0x08000190     0xba60
                0x08000190                        . = ALIGN (0x4)
 *(.text)
 .text          0x08000190       0x40 /home/honeykill/.local/share/stm32cube/bundles/gnu-tools-for-stm32/14.3.1+st.2/bin/../lib/gcc/arm-none-eabi/14.3.1/thumb/v7e-m+fp/hard/crtbegin.o
 .text          0x080001d0       0x30 /home/honeykill/.local/share/stm32cube/bundles/gnu-tools-for-stm32/14.3.1+st.2/bin/../lib/gcc/arm-none-eabi/14.3.1/thumb/v7e-m+fp/hard/libgcc.a(_aeabi_uldivmod.o)
                0x080001d0                __aeabi_uldivmod
 .text          0x08000200      0x2f8 /home/honeykill/.local/share/stm32cube/bundles/gnu-tools-for-stm32/14.3.1+st.2/bin/../lib/gcc/arm-none-eabi/14.3.1/thumb/v7e-m+fp/hard/libgcc.a(_udivmoddi4.o)
                0x08000200                __udivmoddi4
 .text          0x080004f8        0x4 /home/honeykill/.local/share/stm32cube/bundles/gnu-tools-for-stm32/14.3.1+st.2/bin/../lib/gcc/arm-none-eabi/14.3.1/thumb/v7e-m+fp/hard/libgcc.a(_dvmd_tls.o)
                0x080004f8                __aeabi_ldiv0
                0x080004f8                __aeabi_idiv0
 .text          0x080004fc       0x14 /home/honeykill/.local/share/stm32cube/bundles/gnu-tools-for-stm32/14.3.1+st.2/bin/../lib/gcc/arm-none-eabi/14.3.1/../../../../arm-none-eabi/lib/thumb/v7e-m+fp/hard/libg_nano.a(libc_a-strcmp.o)
                0x080004fc                strcmp
 .text          0x08000510       0x10 /home/honeykill/.local/share/stm32cube/bundles/gnu-tools-for-stm32/14.3.1+st.2/bin/../lib/gcc/arm-none-eabi/14.3.1/../../../../arm-none-eabi/lib/thumb/v7e-m+fp/hard/libg_nano.a(libc_a-strlen.o)
                0x08000510                strlen
 .text          0x08000520       0xa0 /home/honeykill/.local/share/stm32cube/bundles/gnu-tools-for-stm32/14.3.1+st.2/bin/../lib/gcc/arm-none-eabi/14.3.1/../../../../arm-none-eabi/lib/thumb/v7e-m+fp/hard/libg_nano.a(libc_a-memchr.o)
                0x08000520                memchr
 *(.text*)
 .text.SystemInit
                0x080005c0       0x24 cmake/stm32cubemx/CMakeFiles/STM32_Drivers.dir/__/__/Core/Src/system_stm32f4xx.c.obj
                0x080005c0                SystemInit
 .text.HAL_PCD_Init
                0x080005e4      0x21e cmake/stm32cubemx/CMakeFiles/STM32_Drivers.dir/__/__/Drivers/STM32F4xx_HAL_Driver/Src/stm32f4xx_hal_pcd.c.obj
                0x080005e4                HAL_PCD_Init
 .text.HAL_PCD_Start
                0x08000802       0x6a cmake/stm32cubemx/CMakeFiles/STM32_Drivers.dir/__/__/Drivers/STM32F4xx_HAL_Driver/Src/stm32f4xx_hal_pcd.c.obj
                0x08000802                HAL_PCD_Start
 .text.HAL_PCD_IRQHandler
                0x0800086c      0x942 cmake/stm32cubemx/CMakeFiles/STM32_Drivers.dir/__/__/Drivers/STM32F4xx_HAL_Driver/Src/stm32f4xx_hal_pcd.c.obj
                0x0800086c                HAL_PCD_IRQHandler
 .text.HAL_PCD_SetAddress
                0x080011ae       0x48 cmake/stm32cubemx/CMakeFiles/STM32_Drivers.dir/__/__/Drivers/STM32F4xx_HAL_Driver/Src/stm32f4xx_hal_pcd.c.obj
                0x080011ae                HAL_PCD_SetAddress
 .text.HAL_PCD_EP_Open
                0x080011f6       0xd4 cmake/stm32cubemx/CMakeFiles/STM32_Drivers.dir/__/__/Drivers/STM32F4xx_HAL_Driver/Src/stm32f4xx_hal_pcd.c.obj
                0x080011f6                HAL_PCD_EP_Open
 .text.HAL_PCD_EP_Close
                0x080012ca       0x94 cmake/stm32cubemx/CMakeFiles/STM32_Drivers.dir/__/__/Drivers/STM32F4xx_HAL_Driver/Src/stm32f4xx_hal_pcd.c.obj
                0x080012ca                HAL_PCD_EP_Close
 .text.HAL_PCD_EP_Receive
                0x0800135e       0x76 cmake/stm32cubemx/CMakeFiles/STM32_Drivers.dir/__/__/Drivers/STM32F4xx_HAL_Driver/Src/stm32f4xx_hal_pcd.c.obj
                0x0800135e                HAL_PCD_EP_Receive
 .text.HAL_PCD_EP_GetRxCount
                0x080013d4       0x30 cmake/stm32cubemx/CMakeFiles/STM32_Drivers.dir/__/__/Drivers/STM32F4xx_HAL_Driver/Src/stm32f4xx_hal_pcd.c.obj
                0x080013d4                HAL_PCD_EP_GetRxCount
 .text.HAL_PCD_EP_Transmit
                0x08001404       0x74 cmake/stm32cubemx/CMakeFiles/STM32_Drivers.dir/__/__/Drivers/STM32F4xx_HAL_Driver/Src/stm32f4xx_hal_pcd.c.obj
                0x08001404                HAL_PCD_EP_Transmit
 .text.HAL_PCD_EP_SetStall
                0x08001478       0xc6 cmake/stm32cubemx/CMakeFiles/STM32_Drivers.dir/__/__/Drivers/STM32F4xx_HAL_Driver/Src/stm32f4xx_hal_pcd.c.obj
                0x08001478                HAL_PCD_EP_SetStall
 .text.HAL_PCD_EP_ClrStall
                0x0800153e       0xac cmake/stm32cubemx/CMakeFiles/STM32_Drivers.dir/__/__/Drivers/STM32F4xx_HAL_Driver/Src/stm32f4xx_hal_pcd.c.obj
                0x0800153e                HAL_PCD_EP_ClrStall
 .text.HAL_PCD_EP_Abort
                0x080015ea       0x62 cmake/stm32cubemx/CMakeFiles/STM32_Drivers.dir/__/__/Drivers/STM32F4xx_HAL_Driver/Src/stm32f4xx_hal_pcd.c.obj
                0x080015ea                HAL_PCD_EP_Abort
 .text.PCD_WriteEmptyTxFifo
                0x0800164c      0x118 cmake/stm32cubemx/CMakeFiles/STM32_Drivers.dir/__/__/Drivers/STM32F4xx_HAL_Driver/Src/stm32f4xx_hal_pcd.c.obj
 .text.PCD_EP_OutXfrComplete_int
                0x08001764      0x1d0 cmake/stm32cubemx/CMakeFiles/STM32_Drivers.dir/__/__/Drivers/STM32F4xx_HAL_Driver/Src/stm32f4xx_hal_pcd.c.obj
 .text.PCD_EP_OutSetupPacket_int
                0x08001934       0x8c cmake/stm32cubemx/CMakeFiles/STM32_Drivers.dir/__/__/Drivers/STM32F4xx_HAL_Driver/Src/stm32f4xx_hal_pcd.c.obj
 .text.HAL_PCDEx_SetTxFiFo
                0x080019c0       0x8e cmake/stm32cubemx/CMakeFiles/STM32_Drivers.dir/__/__/Drivers/STM32F4xx_HAL_Driver/Src/stm32f4xx_hal_pcd_ex.c.obj
                0x080019c0                HAL_PCDEx_SetTxFiFo
 .text.HAL_PCDEx_SetRxFiFo
                0x08001a4e       0x22 cmake/stm32cubemx/CMakeFiles/STM32_Drivers.dir/__/__/Drivers/STM32F4xx_HAL_Driver/Src/stm32f4xx_hal_pcd_ex.c.obj
                0x08001a4e                HAL_PCDEx_SetRxFiFo
 .text.HAL_PCDEx_LPM_Callback
                0x08001a70       0x18 cmake/stm32cubemx/CMakeFiles/STM32_Drivers.dir/__/__/Drivers/STM32F4xx_HAL_Driver/Src/stm32f4xx_hal_pcd_ex.c.obj
                0x08001a70                HAL_PCDEx_LPM_Callback
 .text.USB_CoreInit
                0x08001a88       0xc8 cmake/stm32cubemx/CMakeFiles/STM32_Drivers.dir/__/__/Drivers/STM32F4xx_HAL_Driver/Src/stm32f4xx_ll_usb.c.obj
                0x08001a88                USB_CoreInit
 .text.USB_SetTurnaroundTime
                0x08001b50      0x144 cmake/stm32cubemx/CMakeFiles/STM32_Drivers.dir/__/__/Drivers/STM32F4xx_HAL_Driver/Src/stm32f4xx_ll_usb.c.obj
                0x08001b50                USB_SetTurnaroundTime
 .text.USB_EnableGlobalInt
                0x08001c94       0x22 cmake/stm32cubemx/CMakeFiles/STM32_Drivers.dir/__/__/Drivers/STM32F4xx_HAL_Driver/Src/stm32f4xx_ll_usb.c.obj
                0x08001c94                USB_EnableGlobalInt
 .text.USB_DisableGlobalInt
                0x08001cb6       0x22 cmake/stm32cubemx/CMakeFiles/STM32_Drivers.dir/__/__/Drivers/STM32F4xx_HAL_Driver/Src/stm32f4xx_ll_usb.c.obj
                0x08001cb6                USB_DisableGlobalInt
 .text.USB_SetCurrentMode
                0x08001cd8       0x98 cmake/stm32cubemx/CMakeFiles/STM32_Drivers.dir/__/__/Drivers/STM32F4xx_HAL_Driver/Src/stm32f4xx_ll_usb.c.obj
                0x08001cd8                USB_SetCurrentMode
 .text.USB_DevInit
                0x08001d70      0x2c8 cmake/stm32cubemx/CMakeFiles/STM32_Drivers.dir/__/__/Drivers/STM32F4xx_HAL_Driver/Src/stm32f4xx_ll_usb.c.obj
                0x08001d70                USB_DevInit
 .text.USB_FlushTxFifo
                0x08002038       0x64 cmake/stm32cubemx/CMakeFiles/STM32_Drivers.dir/__/__/Drivers/STM32F4xx_HAL_Driver/Src/stm32f4xx_ll_usb.c.obj
                0x08002038                USB_FlushTxFifo
 .text.USB_FlushRxFifo
                0x0800209c       0x5c cmake/stm32cubemx/CMakeFiles/STM32_Drivers.dir/__/__/Drivers/STM32F4xx_HAL_Driver/Src/stm32f4xx_ll_usb.c.obj
                0x0800209c                USB_FlushRxFifo
 .text.USB_SetDevSpeed
                0x080020f8       0x32 cmake/stm32cubemx/CMakeFiles/STM32_Drivers.dir/__/__/Drivers/STM32F4xx_HAL_Driver/Src/stm32f4xx_ll_usb.c.obj
                0x080020f8                USB_SetDevSpeed
 .text.USB_GetDevSpeed
                0x0800212a       0x4a cmake/stm32cubemx/CMakeFiles/STM32_Drivers.dir/__/__/Drivers/STM32F4xx_HAL_Driver/Src/stm32f4xx_ll_usb.c.obj
                0x0800212a                USB_GetDevSpeed
 .text.USB_ActivateEndpoint
                0x08002174      0x10e cmake/stm32cubemx/CMakeFiles/STM32_Drivers.dir/__/__/Drivers/STM32F4xx_HAL_Driver/Src/stm32f4xx_ll_usb.c.obj
                0x08002174                USB_ActivateEndpoint
 *fill*         0x08002282        0x2 
 .text.USB_DeactivateEndpoint
                0x08002284      0x1b8 cmake/stm32cubemx/CMakeFiles/STM32_Drivers.dir/__/__/Drivers/STM32F4xx_HAL_Driver/Src/stm32f4xx_ll_usb.c.obj
                0x08002284                USB_DeactivateEndpoint
 .text.USB_EPStartXfer
                0x0800243c      0x53c cmake/stm32cubemx/CMakeFiles/STM32_Drivers.dir/__/__/Drivers/STM32F4xx_HAL_Driver/Src/stm32f4xx_ll_usb.c.obj
                0x0800243c                USB_EPStartXfer
 .text.USB_EPStopXfer
                0x08002978      0x154 cmake/stm32cubemx/CMakeFiles/STM32_Drivers.dir/__/__/Drivers/STM32F4xx_HAL_Driver/Src/stm32f4xx_ll_usb.c.obj
                0x08002978                USB_EPStopXfer
 .text.USB_WritePacket
                0x08002acc       0x7c cmake/stm32cubemx/CMakeFiles/STM32_Drivers.dir/__/__/Drivers/STM32F4xx_HAL_Driver/Src/stm32f4xx_ll_usb.c.obj
                0x08002acc                USB_WritePacket
 .text.USB_ReadPacket
                0x08002b48       0xb0 cmake/stm32cubemx/CMakeFiles/STM32_Drivers.dir/__/__/Drivers/STM32F4xx_HAL_Driver/Src/stm32f4xx_ll_usb.c.obj
                0x08002b48                USB_ReadPacket
 .text.USB_EPSetStall
                0x08002bf8       0xdc cmake/stm32cubemx/CMakeFiles/STM32_Drivers.dir/__/__/Drivers/STM32F4xx_HAL_Driver/Src/stm32f4xx_ll_usb.c.obj
                0x08002bf8                USB_EPSetStall
 .text.USB_EPClearStall
                0x08002cd4       0xcc cmake/stm32cubemx/CMakeFiles/STM32_Drivers.dir/__/__/Drivers/STM32F4xx_HAL_Driver/Src/stm32f4xx_ll_usb.c.obj
                0x08002cd4                USB_EPClearStall
 .text.USB_SetDevAddress
                0x08002da0       0x4c cmake/stm32cubemx/CMakeFiles/STM32_Drivers.dir/__/__/Drivers/STM32F4xx_HAL_Driver/Src/stm32f4xx_ll_usb.c.obj
                0x08002da0                USB_SetDevAddress
 .text.USB_DevConnect
                0x08002dec       0x42 cmake/stm32cubemx/CMakeFiles/STM32_Drivers.dir/__/__/Drivers/STM32F4xx_HAL_Driver/Src/stm32f4xx_ll_usb.c.obj
                0x08002dec                USB_DevConnect
 .text.USB_DevDisconnect
                0x08002e2e       0x42 cmake/stm32cubemx/CMakeFiles/STM32_Drivers.dir/__/__/Drivers/STM32F4xx_HAL_Driver/Src/stm32f4xx_ll_usb.c.obj
                0x08002e2e                USB_DevDisconnect
 .text.USB_ReadInterrupts
                0x08002e70       0x26 cmake/stm32cubemx/CMakeFiles/STM32_Drivers.dir/__/__/Drivers/STM32F4xx_HAL_Driver/Src/stm32f4xx_ll_usb.c.obj
                0x08002e70                USB_ReadInterrupts
 .text.USB_ReadDevAllOutEpInterrupt
                0x08002e96       0x34 cmake/stm32cubemx/CMakeFiles/STM32_Drivers.dir/__/__/Drivers/STM32F4xx_HAL_Driver/Src/stm32f4xx_ll_usb.c.obj
                0x08002e96                USB_ReadDevAllOutEpInterrupt
 .text.USB_ReadDevAllInEpInterrupt
                0x08002eca       0x34 cmake/stm32cubemx/CMakeFiles/STM32_Drivers.dir/__/__/Drivers/STM32F4xx_HAL_Driver/Src/stm32f4xx_ll_usb.c.obj
                0x08002eca                USB_ReadDevAllInEpInterrupt
 .text.USB_ReadDevOutEPInterrupt
                0x08002efe       0x3c cmake/stm32cubemx/CMakeFiles/STM32_Drivers.dir/__/__/Drivers/STM32F4xx_HAL_Driver/Src/stm32f4xx_ll_usb.c.obj
                0x08002efe                USB_ReadDevOutEPInterrupt
 .text.USB_ReadDevInEPInterrupt
                0x08002f3a       0x5c cmake/stm32cubemx/CMakeFiles/STM32_Drivers.dir/__/__/Drivers/STM32F4xx_HAL_Driver/Src/stm32f4xx_ll_usb.c.obj
                0x08002f3a                USB_ReadDevInEPInterrupt
 .text.USB_GetMode
                0x08002f96       0x1c cmake/stm32cubemx/CMakeFiles/STM32_Drivers.dir/__/__/Drivers/STM32F4xx_HAL_Driver/Src/stm32f4xx_ll_usb.c.obj
                0x08002f96                USB_GetMode
 .text.USB_ActivateSetup
                0x08002fb2       0x46 cmake/stm32cubemx/CMakeFiles/STM32_Drivers.dir/__/__/Drivers/STM32F4xx_HAL_Driver/Src/stm32f4xx_ll_usb.c.obj
                0x08002fb2                USB_ActivateSetup
 .text.USB_EP0_OutStart
                0x08002ff8       0xbc cmake/stm32cubemx/CMakeFiles/STM32_Drivers.dir/__/__/Drivers/STM32F4xx_HAL_Driver/Src/stm32f4xx_ll_usb.c.obj
                0x08002ff8                USB_EP0_OutStart
 .text.USB_CoreReset
                0x080030b4       0x70 cmake/stm32cubemx/CMakeFiles/STM32_Drivers.dir/__/__/Drivers/STM32F4xx_HAL_Driver/Src/stm32f4xx_ll_usb.c.obj
 .text.HAL_RCC_OscConfig
                0x08003124      0x4f0 cmake/stm32cubemx/CMakeFiles/STM32_Drivers.dir/__/__/Drivers/STM32F4xx_HAL_Driver/Src/stm32f4xx_hal_rcc.c.obj
                0x08003124                HAL_RCC_OscConfig
 .text.HAL_RCC_ClockConfig
                0x08003614      0x1cc cmake/stm32cubemx/CMakeFiles/STM32_Drivers.dir/__/__/Drivers/STM32F4xx_HAL_Driver/Src/stm32f4xx_hal_rcc.c.obj
                0x08003614                HAL_RCC_ClockConfig
 .text.HAL_RCC_GetSysClockFreq
                0x080037e0      0x20c cmake/stm32cubemx/CMakeFiles/STM32_Drivers.dir/__/__/Drivers/STM32F4xx_HAL_Driver/Src/stm32f4xx_hal_rcc.c.obj
                0x080037e0                HAL_RCC_GetSysClockFreq
 .text.HAL_RCC_GetHCLKFreq
                0x080039ec       0x18 cmake/stm32cubemx/CMakeFiles/STM32_Drivers.dir/__/__/Drivers/STM32F4xx_HAL_Driver/Src/stm32f4xx_hal_rcc.c.obj
                0x080039ec                HAL_RCC_GetHCLKFreq
 .text.HAL_RCC_GetPCLK1Freq
                0x08003a04       0x28 cmake/stm32cubemx/CMakeFiles/STM32_Drivers.dir/__/__/Drivers/STM32F4xx_HAL_Driver/Src/stm32f4xx_hal_rcc.c.obj
                0x08003a04                HAL_RCC_GetPCLK1Freq
 .text.HAL_RCC_GetPCLK2Freq
                0x08003a2c       0x28 cmake/stm32cubemx/CMakeFiles/STM32_Drivers.dir/__/__/Drivers/STM32F4xx_HAL_Driver/Src/stm32f4xx_hal_rcc.c.obj
                0x08003a2c                HAL_RCC_GetPCLK2Freq
 .text.HAL_GPIO_Init
                0x08003a54      0x338 cmake/stm32cubemx/CMakeFiles/STM32_Drivers.dir/__/__/Drivers/STM32F4xx_HAL_Driver/Src/stm32f4xx_hal_gpio.c.obj
                0x08003a54                HAL_GPIO_Init
 .text.HAL_GPIO_WritePin
                0x08003d8c       0x32 cmake/stm32cubemx/CMakeFiles/STM32_Drivers.dir/__/__/Drivers/STM32F4xx_HAL_Driver/Src/stm32f4xx_hal_gpio.c.obj
                0x08003d8c                HAL_GPIO_WritePin
 *fill*         0x08003dbe        0x2 
 .text.HAL_DMA_Init
                0x08003dc0      0x15c cmake/stm32cubemx/CMakeFiles/STM32_Drivers.dir/__/__/Drivers/STM32F4xx_HAL_Driver/Src/stm32f4xx_hal_dma.c.obj
                0x08003dc0                HAL_DMA_Init
 .text.HAL_DMA_Start_IT
                0x08003f1c       0xb0 cmake/stm32cubemx/CMakeFiles/STM32_Drivers.dir/__/__/Drivers/STM32F4xx_HAL_Driver/Src/stm32f4xx_hal_dma.c.obj
                0x08003f1c                HAL_DMA_Start_IT
 .text.HAL_DMA_Abort
                0x08003fcc       0xe0 cmake/stm32cubemx/CMakeFiles/STM32_Drivers.dir/__/__/Drivers/STM32F4xx_HAL_Driver/Src/stm32f4xx_hal_dma.c.obj
                0x08003fcc                HAL_DMA_Abort
 .text.HAL_DMA_Abort_IT
                0x080040ac       0x44 cmake/stm32cubemx/CMakeFiles/STM32_Drivers.dir/__/__/Drivers/STM32F4xx_HAL_Driver/Src/stm32f4xx_hal_dma.c.obj
                0x080040ac                HAL_DMA_Abort_IT
 .text.HAL_DMA_IRQHandler
                0x080040f0      0x314 cmake/stm32cubemx/CMakeFiles/STM32_Drivers.dir/__/__/Drivers/STM32F4xx_HAL_Driver/Src/stm32f4xx_hal_dma.c.obj
                0x080040f0                HAL_DMA_IRQHandler
 .text.HAL_DMA_GetError
                0x08004404       0x18 cmake/stm32cubemx/CMakeFiles/STM32_Drivers.dir/__/__/Drivers/STM32F4xx_HAL_Driver/Src/stm32f4xx_hal_dma.c.obj
                0x08004404                HAL_DMA_GetError
 .text.DMA_SetConfig
                0x0800441c       0x5c cmake/stm32cubemx/CMakeFiles/STM32_Drivers.dir/__/__/Drivers/STM32F4xx_HAL_Driver/Src/stm32f4xx_hal_dma.c.obj
 .text.DMA_CalcBaseAndBitshift
                0x08004478       0x6c cmake/stm32cubemx/CMakeFiles/STM32_Drivers.dir/__/__/Drivers/STM32F4xx_HAL_Driver/Src/stm32f4xx_hal_dma.c.obj
 .text.DMA_CheckFifoParam
                0x080044e4       0xf8 cmake/stm32cubemx/CMakeFiles/STM32_Drivers.dir/__/__/Drivers/STM32F4xx_HAL_Driver/Src/stm32f4xx_hal_dma.c.obj
 .text.__NVIC_SetPriorityGrouping
                0x080045dc       0x48 cmake/stm32cubemx/CMakeFiles/STM32_Drivers.dir/__/__/Drivers/STM32F4xx_HAL_Driver/Src/stm32f4xx_hal_cortex.c.obj
 .text.__NVIC_GetPriorityGrouping
                0x08004624       0x1c cmake/stm32cubemx/CMakeFiles/STM32_Drivers.dir/__/__/Drivers/STM32F4xx_HAL_Driver/Src/stm32f4xx_hal_cortex.c.obj
 .text.__NVIC_EnableIRQ
                0x08004640       0x3c cmake/stm32cubemx/CMakeFiles/STM32_Drivers.dir/__/__/Drivers/STM32F4xx_HAL_Driver/Src/stm32f4xx_hal_cortex.c.obj
 .text.__NVIC_SetPriority
                0x0800467c       0x54 cmake/stm32cubemx/CMakeFiles/STM32_Drivers.dir/__/__/Drivers/STM32F4xx_HAL_Driver/Src/stm32f4xx_hal_cortex.c.obj
 .text.NVIC_EncodePriority
                0x080046d0       0x66 cmake/stm32cubemx/CMakeFiles/STM32_Drivers.dir/__/__/Drivers/STM32F4xx_HAL_Driver/Src/stm32f4xx_hal_cortex.c.obj
 *fill*         0x08004736        0x2 
 .text.SysTick_Config
                0x08004738       0x44 cmake/stm32cubemx/CMakeFiles/STM32_Drivers.dir/__/__/Drivers/STM32F4xx_HAL_Driver/Src/stm32f4xx_hal_cortex.c.obj
 .text.HAL_NVIC_SetPriorityGrouping
                0x0800477c       0x16 cmake/stm32cubemx/CMakeFiles/STM32_Drivers.dir/__/__/Drivers/STM32F4xx_HAL_Driver/Src/stm32f4xx_hal_cortex.c.obj
                0x0800477c                HAL_NVIC_SetPriorityGrouping
 .text.HAL_NVIC_SetPriority
                0x08004792       0x38 cmake/stm32cubemx/CMakeFiles/STM32_Drivers.dir/__/__/Drivers/STM32F4xx_HAL_Driver/Src/stm32f4xx_hal_cortex.c.obj
                0x08004792                HAL_NVIC_SetPriority
 .text.HAL_NVIC_EnableIRQ
                0x080047ca       0x1c cmake/stm32cubemx/CMakeFiles/STM32_Drivers.dir/__/__/Drivers/STM32F4xx_HAL_Driver/Src/stm32f4xx_hal_cortex.c.obj
                0x080047ca                HAL_NVIC_EnableIRQ
 .text.HAL_SYSTICK_Config
                0x080047e6       0x18 cmake/stm32cubemx/CMakeFiles/STM32_Drivers.dir/__/__/Drivers/STM32F4xx_HAL_Driver/Src/stm32f4xx_hal_cortex.c.obj
                0x080047e6                HAL_SYSTICK_Config
 *fill*         0x080047fe        0x2 
 .text.HAL_Init
                0x08004800       0x44 cmake/stm32cubemx/CMakeFiles/STM32_Drivers.dir/__/__/Drivers/STM32F4xx_HAL_Driver/Src/stm32f4xx_hal.c.obj
                0x08004800                HAL_Init
 .text.HAL_InitTick
                0x08004844       0x60 cmake/stm32cubemx/CMakeFiles/STM32_Drivers.dir/__/__/Drivers/STM32F4xx_HAL_Driver/Src/stm32f4xx_hal.c.obj
                0x08004844                HAL_InitTick
 .text.HAL_IncTick
                0x080048a4       0x28 cmake/stm32cubemx/CMakeFiles/STM32_Drivers.dir/__/__/Drivers/STM32F4xx_HAL_Driver/Src/stm32f4xx_hal.c.obj
                0x080048a4                HAL_IncTick
 .text.HAL_GetTick
                0x080048cc       0x18 cmake/stm32cubemx/CMakeFiles/STM32_Drivers.dir/__/__/Drivers/STM32F4xx_HAL_Driver/Src/stm32f4xx_hal.c.obj
                0x080048cc                HAL_GetTick
 .text.HAL_Delay
                0x080048e4       0x48 cmake/stm32cubemx/CMakeFiles/STM32_Drivers.dir/__/__/Drivers/STM32F4xx_HAL_Driver/Src/stm32f4xx_hal.c.obj
                0x080048e4                HAL_Delay
 .text.HAL_UART_Init
                0x0800492c       0xa0 cmake/stm32cubemx/CMakeFiles/STM32_Drivers.dir/__/__/Drivers/STM32F4xx_HAL_Driver/Src/stm32f4xx_hal_uart.c.obj
                0x0800492c                HAL_UART_Init
 .text.HAL_UART_Transmit_DMA
                0x080049cc       0xf8 cmake/stm32cubemx/CMakeFiles/STM32_Drivers.dir/__/__/Drivers/STM32F4xx_HAL_Driver/Src/stm32f4xx_hal_uart.c.obj
                0x080049cc                HAL_UART_Transmit_DMA
 .text.HAL_UART_Receive_DMA
                0x08004ac4       0x4a cmake/stm32cubemx/CMakeFiles/STM32_Drivers.dir/__/__/Drivers/STM32F4xx_HAL_Driver/Src/stm32f4xx_hal_uart.c.obj
                0x08004ac4                HAL_UART_Receive_DMA
 .text.HAL_UART_AbortReceive
                0x08004b0e      0x146 cmake/stm32cubemx/CMakeFiles/STM32_Drivers.dir/__/__/Drivers/STM32F4xx_HAL_Driver/Src/stm32f4xx_hal_uart.c.obj
                0x08004b0e                HAL_UART_AbortReceive
 .text.HAL_UART_IRQHandler
                0x08004c54      0x554 cmake/stm32cubemx/CMakeFiles/STM32_Drivers.dir/__/__/Drivers/STM32F4xx_HAL_Driver/Src/stm32f4xx_hal_uart.c.obj
                0x08004c54                HAL_UART_IRQHandler
 .text.HAL_UART_TxHalfCpltCallback
                0x080051a8       0x14 cmake/stm32cubemx/CMakeFiles/STM32_Drivers.dir/__/__/Drivers/STM32F4xx_HAL_Driver/Src/stm32f4xx_hal_uart.c.obj
                0x080051a8                HAL_UART_TxHalfCpltCallback
 .text.HAL_UARTEx_RxEventCallback
                0x080051bc       0x18 cmake/stm32cubemx/CMakeFiles/STM32_Drivers.dir/__/__/Drivers/STM32F4xx_HAL_Driver/Src/stm32f4xx_hal_uart.c.obj
                0x080051bc                HAL_UARTEx_RxEventCallback
 .text.UART_DMATransmitCplt
                0x080051d4       0x9a cmake/stm32cubemx/CMakeFiles/STM32_Drivers.dir/__/__/Drivers/STM32F4xx_HAL_Driver/Src/stm32f4xx_hal_uart.c.obj
 .text.UART_DMATxHalfCplt
                0x0800526e       0x1c cmake/stm32cubemx/CMakeFiles/STM32_Drivers.dir/__/__/Drivers/STM32F4xx_HAL_Driver/Src/stm32f4xx_hal_uart.c.obj
 .text.UART_DMAReceiveCplt
                0x0800528a      0x12c cmake/stm32cubemx/CMakeFiles/STM32_Drivers.dir/__/__/Drivers/STM32F4xx_HAL_Driver/Src/stm32f4xx_hal_uart.c.obj
 .text.UART_DMARxHalfCplt
                0x080053b6       0x3c cmake/stm32cubemx/CMakeFiles/STM32_Drivers.dir/__/__/Drivers/STM32F4xx_HAL_Driver/Src/stm32f4xx_hal_uart.c.obj
 .text.UART_DMAError
                0x080053f2       0x94 cmake/stm32cubemx/CMakeFiles/STM32_Drivers.dir/__/__/Drivers/STM32F4xx_HAL_Driver/Src/stm32f4xx_hal_uart.c.obj
 *fill*         0x08005486        0x2 
 .text.UART_Start_Receive_DMA
                0x08005488      0x14c cmake/stm32cubemx/CMakeFiles/STM32_Drivers.dir/__/__/Drivers/STM32F4xx_HAL_Driver/Src/stm32f4xx_hal_uart.c.obj
                0x08005488                UART_Start_Receive_DMA
 .text.UART_EndTxTransfer
                0x080055d4       0x50 cmake/stm32cubemx/CMakeFiles/STM32_Drivers.dir/__/__/Drivers/STM32F4xx_HAL_Driver/Src/stm32f4xx_hal_uart.c.obj
 .text.UART_EndRxTransfer
                0x08005624       0xc6 cmake/stm32cubemx/CMakeFiles/STM32_Drivers.dir/__/__/Drivers/STM32F4xx_HAL_Driver/Src/stm32f4xx_hal_uart.c.obj
 .text.UART_DMAAbortOnError
                0x080056ea       0x22 cmake/stm32cubemx/CMakeFiles/STM32_Drivers.dir/__/__/Drivers/STM32F4xx_HAL_Driver/Src/stm32f4xx_hal_uart.c.obj
 .text.UART_Transmit_IT
                0x0800570c       0xa0 cmake/stm32cubemx/CMakeFiles/STM32_Drivers.dir/__/__/Drivers/STM32F4xx_HAL_Driver/Src/stm32f4xx_hal_uart.c.obj
 .text.UART_EndTransmit_IT
                0x080057ac       0x30 cmake/stm32cubemx/CMakeFiles/STM32_Drivers.dir/__/__/Drivers/STM32F4xx_HAL_Driver/Src/stm32f4xx_hal_uart.c.obj
 .text.UART_Receive_IT
                0x080057dc      0x17c cmake/stm32cubemx/CMakeFiles/STM32_Drivers.dir/__/__/Drivers/STM32F4xx_HAL_Driver/Src/stm32f4xx_hal_uart.c.obj
 .text.UART_SetConfig
                0x08005958      0x4e8 cmake/stm32cubemx/CMakeFiles/STM32_Drivers.dir/__/__/Drivers/STM32F4xx_HAL_Driver/Src/stm32f4xx_hal_uart.c.obj
 .text.USBD_Init
                0x08005e40       0x60 cmake/stm32cubemx/CMakeFiles/USB_Device_Library.dir/__/__/Middlewares/ST/STM32_USB_Device_Library/Core/Src/usbd_core.c.obj
                0x08005e40                USBD_Init
 .text.USBD_RegisterClass
                0x08005ea0       0x6c cmake/stm32cubemx/CMakeFiles/USB_Device_Library.dir/__/__/Middlewares/ST/STM32_USB_Device_Library/Core/Src/usbd_core.c.obj
                0x08005ea0                USBD_RegisterClass
 .text.USBD_Start
                0x08005f0c       0x18 cmake/stm32cubemx/CMakeFiles/USB_Device_Library.dir/__/__/Middlewares/ST/STM32_USB_Device_Library/Core/Src/usbd_core.c.obj
                0x08005f0c                USBD_Start
 .text.USBD_RunTestMode
                0x08005f24       0x16 cmake/stm32cubemx/CMakeFiles/USB_Device_Library.dir/__/__/Middlewares/ST/STM32_USB_Device_Library/Core/Src/usbd_core.c.obj
                0x08005f24                USBD_RunTestMode
 .text.USBD_SetClassConfig
                0x08005f3a       0x38 cmake/stm32cubemx/CMakeFiles/USB_Device_Library.dir/__/__/Middlewares/ST/STM32_USB_Device_Library/Core/Src/usbd_core.c.obj
                0x08005f3a                USBD_SetClassConfig
 .text.USBD_ClrClassConfig
                0x08005f72       0x34 cmake/stm32cubemx/CMakeFiles/USB_Device_Library.dir/__/__/Middlewares/ST/STM32_USB_Device_Library/Core/Src/usbd_core.c.obj
                0x08005f72                USBD_ClrClassConfig
 .text.USBD_LL_SetupStage
                0x08005fa6       0xaa cmake/stm32cubemx/CMakeFiles/USB_Device_Library.dir/__/__/Middlewares/ST/STM32_USB_Device_Library/Core/Src/usbd_core.c.obj
                0x08005fa6                USBD_LL_SetupStage
 .text.USBD_LL_DataOutStage
                0x08006050      0x178 cmake/stm32cubemx/CMakeFiles/USB_Device_Library.dir/__/__/Middlewares/ST/STM32_USB_Device_Library/Core/Src/usbd_core.c.obj
                0x08006050                USBD_LL_DataOutStage
 .text.USBD_LL_DataInStage
                0x080061c8      0x176 cmake/stm32cubemx/CMakeFiles/USB_Device_Library.dir/__/__/Middlewares/ST/STM32_USB_Device_Library/Core/Src/usbd_core.c.obj
                0x080061c8                USBD_LL_DataInStage
 .text.USBD_LL_Reset
                0x0800633e       0xa6 cmake/stm32cubemx/CMakeFiles/USB_Device_Library.dir/__/__/Middlewares/ST/STM32_USB_Device_Library/Core/Src/usbd_core.c.obj
                0x0800633e                USBD_LL_Reset
 .text.USBD_LL_SetSpeed
                0x080063e4       0x20 cmake/stm32cubemx/CMakeFiles/USB_Device_Library.dir/__/__/Middlewares/ST/STM32_USB_Device_Library/Core/Src/usbd_core.c.obj
                0x080063e4                USBD_LL_SetSpeed
 .text.USBD_LL_Suspend
                0x08006404       0x38 cmake/stm32cubemx/CMakeFiles/USB_Device_Library.dir/__/__/Middlewares/ST/STM32_USB_Device_Library/Core/Src/usbd_core.c.obj
                0x08006404                USBD_LL_Suspend
 .text.USBD_LL_Resume
                0x0800643c       0x30 cmake/stm32cubemx/CMakeFiles/USB_Device_Library.dir/__/__/Middlewares/ST/STM32_USB_Device_Library/Core/Src/usbd_core.c.obj
                0x0800643c                USBD_LL_Resume
 .text.USBD_LL_SOF
                0x0800646c       0x40 cmake/stm32cubemx/CMakeFiles/USB_Device_Library.dir/__/__/Middlewares/ST/STM32_USB_Device_Library/Core/Src/usbd_core.c.obj
                0x0800646c                USBD_LL_SOF
 .text.USBD_LL_IsoINIncomplete
                0x080064ac       0x64 cmake/stm32cubemx/CMakeFiles/USB_Device_Library.dir/__/__/Middlewares/ST/STM32_USB_Device_Library/Core/Src/usbd_core.c.obj
                0x080064ac                USBD_LL_IsoINIncomplete
 .text.USBD_LL_IsoOUTIncomplete
                0x08006510       0x64 cmake/stm32cubemx/CMakeFiles/USB_Device_Library.dir/__/__/Middlewares/ST/STM32_USB_Device_Library/Core/Src/usbd_core.c.obj
                0x08006510                USBD_LL_IsoOUTIncomplete
 .text.USBD_LL_DevConnected
                0x08006574       0x16 cmake/stm32cubemx/CMakeFiles/USB_Device_Library.dir/__/__/Middlewares/ST/STM32_USB_Device_Library/Core/Src/usbd_core.c.obj
                0x08006574                USBD_LL_DevConnected
 .text.USBD_LL_DevDisconnected
                0x0800658a       0x46 cmake/stm32cubemx/CMakeFiles/USB_Device_Library.dir/__/__/Middlewares/ST/STM32_USB_Device_Library/Core/Src/usbd_core.c.obj
                0x0800658a                USBD_LL_DevDisconnected
 .text.USBD_CoreFindIF
                0x080065d0       0x1a cmake/stm32cubemx/CMakeFiles/USB_Device_Library.dir/__/__/Middlewares/ST/STM32_USB_Device_Library/Core/Src/usbd_core.c.obj
                0x080065d0                USBD_CoreFindIF
 .text.USBD_CoreFindEP
                0x080065ea       0x1a cmake/stm32cubemx/CMakeFiles/USB_Device_Library.dir/__/__/Middlewares/ST/STM32_USB_Device_Library/Core/Src/usbd_core.c.obj
                0x080065ea                USBD_CoreFindEP
 .text.USBD_GetEpDesc
                0x08006604       0x70 cmake/stm32cubemx/CMakeFiles/USB_Device_Library.dir/__/__/Middlewares/ST/STM32_USB_Device_Library/Core/Src/usbd_core.c.obj
                0x08006604                USBD_GetEpDesc
 .text.USBD_GetNextDesc
                0x08006674       0x38 cmake/stm32cubemx/CMakeFiles/USB_Device_Library.dir/__/__/Middlewares/ST/STM32_USB_Device_Library/Core/Src/usbd_core.c.obj
                0x08006674                USBD_GetNextDesc
 .text.SWAPBYTE
                0x080066ac       0x3e cmake/stm32cubemx/CMakeFiles/USB_Device_Library.dir/__/__/Middlewares/ST/STM32_USB_Device_Library/Core/Src/usbd_ctlreq.c.obj
 *fill*         0x080066ea        0x2 
 .text.USBD_StdDevReq
                0x080066ec       0xe4 cmake/stm32cubemx/CMakeFiles/USB_Device_Library.dir/__/__/Middlewares/ST/STM32_USB_Device_Library/Core/Src/usbd_ctlreq.c.obj
                0x080066ec                USBD_StdDevReq
 .text.USBD_StdItfReq
                0x080067d0       0xd8 cmake/stm32cubemx/CMakeFiles/USB_Device_Library.dir/__/__/Middlewares/ST/STM32_USB_Device_Library/Core/Src/usbd_ctlreq.c.obj
                0x080067d0                USBD_StdItfReq
 .text.USBD_StdEPReq
                0x080068a8      0x33e cmake/stm32cubemx/CMakeFiles/USB_Device_Library.dir/__/__/Middlewares/ST/STM32_USB_Device_Library/Core/Src/usbd_ctlreq.c.obj
                0x080068a8                USBD_StdEPReq
 *fill*         0x08006be6        0x2 
 .text.USBD_GetDescriptor
                0x08006be8      0x2d4 cmake/stm32cubemx/CMakeFiles/USB_Device_Library.dir/__/__/Middlewares/ST/STM32_USB_Device_Library/Core/Src/usbd_ctlreq.c.obj
 .text.USBD_SetAddress
                0x08006ebc       0x88 cmake/stm32cubemx/CMakeFiles/USB_Device_Library.dir/__/__/Middlewares/ST/STM32_USB_Device_Library/Core/Src/usbd_ctlreq.c.obj
 .text.USBD_SetConfig
                0x08006f44      0x154 cmake/stm32cubemx/CMakeFiles/USB_Device_Library.dir/__/__/Middlewares/ST/STM32_USB_Device_Library/Core/Src/usbd_ctlreq.c.obj
 .text.USBD_GetConfig
                0x08007098       0x6c cmake/stm32cubemx/CMakeFiles/USB_Device_Library.dir/__/__/Middlewares/ST/STM32_USB_Device_Library/Core/Src/usbd_ctlreq.c.obj
 .text.USBD_GetStatus
                0x08007104       0x68 cmake/stm32cubemx/CMakeFiles/USB_Device_Library.dir/__/__/Middlewares/ST/STM32_USB_Device_Library/Core/Src/usbd_ctlreq.c.obj
 .text.USBD_SetFeature
                0x0800716c       0x52 cmake/stm32cubemx/CMakeFiles/USB_Device_Library.dir/__/__/Middlewares/ST/STM32_USB_Device_Library/Core/Src/usbd_ctlreq.c.obj
 .text.USBD_ClrFeature
                0x080071be       0x44 cmake/stm32cubemx/CMakeFiles/USB_Device_Library.dir/__/__/Middlewares/ST/STM32_USB_Device_Library/Core/Src/usbd_ctlreq.c.obj
 .text.USBD_ParseSetupRequest
                0x08007202       0x74 cmake/stm32cubemx/CMakeFiles/USB_Device_Library.dir/__/__/Middlewares/ST/STM32_USB_Device_Library/Core/Src/usbd_ctlreq.c.obj
                0x08007202                USBD_ParseSetupRequest
 .text.USBD_CtlError
                0x08007276       0x22 cmake/stm32cubemx/CMakeFiles/USB_Device_Library.dir/__/__/Middlewares/ST/STM32_USB_Device_Library/Core/Src/usbd_ctlreq.c.obj
                0x08007276                USBD_CtlError
 .text.USBD_GetString
                0x08007298       0xa4 cmake/stm32cubemx/CMakeFiles/USB_Device_Library.dir/__/__/Middlewares/ST/STM32_USB_Device_Library/Core/Src/usbd_ctlreq.c.obj
                0x08007298                USBD_GetString
 .text.USBD_GetLen
                0x0800733c       0x34 cmake/stm32cubemx/CMakeFiles/USB_Device_Library.dir/__/__/Middlewares/ST/STM32_USB_Device_Library/Core/Src/usbd_ctlreq.c.obj
 .text.USBD_CtlSendData
                0x08007370       0x3c cmake/stm32cubemx/CMakeFiles/USB_Device_Library.dir/__/__/Middlewares/ST/STM32_USB_Device_Library/Core/Src/usbd_ioreq.c.obj
                0x08007370                USBD_CtlSendData
 .text.USBD_CtlContinueSendData
                0x080073ac       0x22 cmake/stm32cubemx/CMakeFiles/USB_Device_Library.dir/__/__/Middlewares/ST/STM32_USB_Device_Library/Core/Src/usbd_ioreq.c.obj
                0x080073ac                USBD_CtlContinueSendData
 .text.USBD_CtlPrepareRx
                0x080073ce       0x42 cmake/stm32cubemx/CMakeFiles/USB_Device_Library.dir/__/__/Middlewares/ST/STM32_USB_Device_Library/Core/Src/usbd_ioreq.c.obj
                0x080073ce                USBD_CtlPrepareRx
 .text.USBD_CtlContinueRx
                0x08007410       0x22 cmake/stm32cubemx/CMakeFiles/USB_Device_Library.dir/__/__/Middlewares/ST/STM32_USB_Device_Library/Core/Src/usbd_ioreq.c.obj
                0x08007410                USBD_CtlContinueRx
 .text.USBD_CtlSendStatus
                0x08007432       0x26 cmake/stm32cubemx/CMakeFiles/USB_Device_Library.dir/__/__/Middlewares/ST/STM32_USB_Device_Library/Core/Src/usbd_ioreq.c.obj
                0x08007432                USBD_CtlSendStatus
 .text.USBD_CtlReceiveStatus
                0x08007458       0x26 cmake/stm32cubemx/CMakeFiles/USB_Device_Library.dir/__/__/Middlewares/ST/STM32_USB_Device_Library/Core/Src/usbd_ioreq.c.obj
                0x08007458                USBD_CtlReceiveStatus
 *fill*         0x0800747e        0x2 
 .text.USBD_CDC_Init
                0x08007480      0x1f0 cmake/stm32cubemx/CMakeFiles/USB_Device_Library.dir/__/__/Middlewares/ST/STM32_USB_Device_Library/Class/CDC/Src/usbd_cdc.c.obj
 .text.USBD_CDC_DeInit
                0x08007670      0x104 cmake/stm32cubemx/CMakeFiles/USB_Device_Library.dir/__/__/Middlewares/ST/STM32_USB_Device_Library/Class/CDC/Src/usbd_cdc.c.obj
 .text.USBD_CDC_Setup
                0x08007774      0x1b8 cmake/stm32cubemx/CMakeFiles/USB_Device_Library.dir/__/__/Middlewares/ST/STM32_USB_Device_Library/Class/CDC/Src/usbd_cdc.c.obj
 .text.USBD_CDC_DataIn
                0x0800792c       0xfe cmake/stm32cubemx/CMakeFiles/USB_Device_Library.dir/__/__/Middlewares/ST/STM32_USB_Device_Library/Class/CDC/Src/usbd_cdc.c.obj
 .text.USBD_CDC_DataOut
                0x08007a2a       0x70 cmake/stm32cubemx/CMakeFiles/USB_Device_Library.dir/__/__/Middlewares/ST/STM32_USB_Device_Library/Class/CDC/Src/usbd_cdc.c.obj
 .text.USBD_CDC_EP0_RxReady
                0x08007a9a       0x74 cmake/stm32cubemx/CMakeFiles/USB_Device_Library.dir/__/__/Middlewares/ST/STM32_USB_Device_Library/Class/CDC/Src/usbd_cdc.c.obj
 *fill*         0x08007b0e        0x2 
 .text.USBD_CDC_GetFSCfgDesc
                0x08007b10       0x70 cmake/stm32cubemx/CMakeFiles/USB_Device_Library.dir/__/__/Middlewares/ST/STM32_USB_Device_Library/Class/CDC/Src/usbd_cdc.c.obj
 .text.USBD_CDC_GetHSCfgDesc
                0x08007b80       0x70 cmake/stm32cubemx/CMakeFiles/USB_Device_Library.dir/__/__/Middlewares/ST/STM32_USB_Device_Library/Class/CDC/Src/usbd_cdc.c.obj
 .text.USBD_CDC_GetOtherSpeedCfgDesc
                0x08007bf0       0x70 cmake/stm32cubemx/CMakeFiles/USB_Device_Library.dir/__/__/Middlewares/ST/STM32_USB_Device_Library/Class/CDC/Src/usbd_cdc.c.obj
 .text.USBD_CDC_GetDeviceQualifierDescriptor
                0x08007c60       0x20 cmake/stm32cubemx/CMakeFiles/USB_Device_Library.dir/__/__/Middlewares/ST/STM32_USB_Device_Library/Class/CDC/Src/usbd_cdc.c.obj
                0x08007c60                USBD_CDC_GetDeviceQualifierDescriptor
 .text.USBD_CDC_RegisterInterface
                0x08007c80       0x34 cmake/stm32cubemx/CMakeFiles/USB_Device_Library.dir/__/__/Middlewares/ST/STM32_USB_Device_Library/Class/CDC/Src/usbd_cdc.c.obj
                0x08007c80                USBD_CDC_RegisterInterface
 .text.USBD_CDC_SetTxBuffer
                0x08007cb4       0x44 cmake/stm32cubemx/CMakeFiles/USB_Device_Library.dir/__/__/Middlewares/ST/STM32_USB_Device_Library/Class/CDC/Src/usbd_cdc.c.obj
                0x08007cb4                USBD_CDC_SetTxBuffer
 .text.USBD_CDC_SetRxBuffer
                0x08007cf8       0x3a cmake/stm32cubemx/CMakeFiles/USB_Device_Library.dir/__/__/Middlewares/ST/STM32_USB_Device_Library/Class/CDC/Src/usbd_cdc.c.obj
                0x08007cf8                USBD_CDC_SetRxBuffer
 *fill*         0x08007d32        0x2 
 .text.USBD_CDC_TransmitPacket
                0x08007d34       0x80 cmake/stm32cubemx/CMakeFiles/USB_Device_Library.dir/__/__/Middlewares/ST/STM32_USB_Device_Library/Class/CDC/Src/usbd_cdc.c.obj
                0x08007d34                USBD_CDC_TransmitPacket
 .text.USBD_CDC_ReceivePacket
                0x08007db4       0x6c cmake/stm32cubemx/CMakeFiles/USB_Device_Library.dir/__/__/Middlewares/ST/STM32_USB_Device_Library/Class/CDC/Src/usbd_cdc.c.obj
                0x08007db4                USBD_CDC_ReceivePacket
 .text.HAL_PCD_MspInit
                0x08007e20       0xa8 CMakeFiles/f407-fish.dir/USB_DEVICE/Target/usbd_conf.c.obj
                0x08007e20                HAL_PCD_MspInit
 .text.HAL_PCD_SetupStageCallback
                0x08007ec8       0x24 CMakeFiles/f407-fish.dir/USB_DEVICE/Target/usbd_conf.c.obj
                0x08007ec8                HAL_PCD_SetupStageCallback
 .text.HAL_PCD_DataOutStageCallback
                0x08007eec       0x36 CMakeFiles/f407-fish.dir/USB_DEVICE/Target/usbd_conf.c.obj
                0x08007eec                HAL_PCD_DataOutStageCallback
 .text.HAL_PCD_DataInStageCallback
                0x08007f22       0x34 CMakeFiles/f407-fish.dir/USB_DEVICE/Target/usbd_conf.c.obj
                0x08007f22                HAL_PCD_DataInStageCallback
 .text.HAL_PCD_SOFCallback
                0x08007f56       0x1c CMakeFiles/f407-fish.dir/USB_DEVICE/Target/usbd_conf.c.obj
                0x08007f56                HAL_PCD_SOFCallback
 .text.HAL_PCD_ResetCallback
                0x08007f72       0x50 CMakeFiles/f407-fish.dir/USB_DEVICE/Target/usbd_conf.c.obj
                0x08007f72                HAL_PCD_ResetCallback
 *fill*         0x08007fc2        0x2 
 .text.HAL_PCD_SuspendCallback
                0x08007fc4       0x4c CMakeFiles/f407-fish.dir/USB_DEVICE/Target/usbd_conf.c.obj
                0x08007fc4                HAL_PCD_SuspendCallback
 .text.HAL_PCD_ResumeCallback
                0x08008010       0x1c CMakeFiles/f407-fish.dir/USB_DEVICE/Target/usbd_conf.c.obj
                0x08008010                HAL_PCD_ResumeCallback
 .text.HAL_PCD_ISOOUTIncompleteCallback
                0x0800802c       0x24 CMakeFiles/f407-fish.dir/USB_DEVICE/Target/usbd_conf.c.obj
                0x0800802c                HAL_PCD_ISOOUTIncompleteCallback
 .text.HAL_PCD_ISOINIncompleteCallback
                0x08008050       0x24 CMakeFiles/f407-fish.dir/USB_DEVICE/Target/usbd_conf.c.obj
                0x08008050                HAL_PCD_ISOINIncompleteCallback
 .text.HAL_PCD_ConnectCallback
                0x08008074       0x1c CMakeFiles/f407-fish.dir/USB_DEVICE/Target/usbd_conf.c.obj
                0x08008074                HAL_PCD_ConnectCallback
 .text.HAL_PCD_DisconnectCallback
                0x08008090       0x1c CMakeFiles/f407-fish.dir/USB_DEVICE/Target/usbd_conf.c.obj
                0x08008090                HAL_PCD_DisconnectCallback
 .text.USBD_LL_Init
                0x080080ac       0x98 CMakeFiles/f407-fish.dir/USB_DEVICE/Target/usbd_conf.c.obj
                0x080080ac                USBD_LL_Init
 .text.USBD_LL_Start
                0x08008144       0x36 CMakeFiles/f407-fish.dir/USB_DEVICE/Target/usbd_conf.c.obj
                0x08008144                USBD_LL_Start
 .text.USBD_LL_OpenEP
                0x0800817a       0x4c CMakeFiles/f407-fish.dir/USB_DEVICE/Target/usbd_conf.c.obj
                0x0800817a                USBD_LL_OpenEP
 .text.USBD_LL_CloseEP
                0x080081c6       0x3e CMakeFiles/f407-fish.dir/USB_DEVICE/Target/usbd_conf.c.obj
                0x080081c6                USBD_LL_CloseEP
 .text.USBD_LL_StallEP
                0x08008204       0x3e CMakeFiles/f407-fish.dir/USB_DEVICE/Target/usbd_conf.c.obj
                0x08008204                USBD_LL_StallEP
 .text.USBD_LL_ClearStallEP
                0x08008242       0x3e CMakeFiles/f407-fish.dir/USB_DEVICE/Target/usbd_conf.c.obj
                0x08008242                USBD_LL_ClearStallEP
 .text.USBD_LL_IsStallEP
                0x08008280       0x58 CMakeFiles/f407-fish.dir/USB_DEVICE/Target/usbd_conf.c.obj
                0x08008280                USBD_LL_IsStallEP
 .text.USBD_LL_SetUSBAddress
                0x080082d8       0x3e CMakeFiles/f407-fish.dir/USB_DEVICE/Target/usbd_conf.c.obj
                0x080082d8                USBD_LL_SetUSBAddress
 .text.USBD_LL_Transmit
                0x08008316       0x42 CMakeFiles/f407-fish.dir/USB_DEVICE/Target/usbd_conf.c.obj
                0x08008316                USBD_LL_Transmit
 .text.USBD_LL_PrepareReceive
                0x08008358       0x42 CMakeFiles/f407-fish.dir/USB_DEVICE/Target/usbd_conf.c.obj
                0x08008358                USBD_LL_PrepareReceive
 .text.USBD_LL_GetRxDataSize
                0x0800839a       0x26 CMakeFiles/f407-fish.dir/USB_DEVICE/Target/usbd_conf.c.obj
                0x0800839a                USBD_LL_GetRxDataSize
 .text.USBD_static_malloc
                0x080083c0       0x1c CMakeFiles/f407-fish.dir/USB_DEVICE/Target/usbd_conf.c.obj
                0x080083c0                USBD_static_malloc
 .text.USBD_static_free
                0x080083dc       0x14 CMakeFiles/f407-fish.dir/USB_DEVICE/Target/usbd_conf.c.obj
                0x080083dc                USBD_static_free
 .text.USBD_Get_USB_Status
                0x080083f0       0x58 CMakeFiles/f407-fish.dir/USB_DEVICE/Target/usbd_conf.c.obj
                0x080083f0                USBD_Get_USB_Status
 .text.MX_USB_DEVICE_Init
                0x08008448       0x60 CMakeFiles/f407-fish.dir/USB_DEVICE/App/usb_device.c.obj
                0x08008448                MX_USB_DEVICE_Init
 .text.USBD_FS_DeviceDescriptor
                0x080084a8       0x24 CMakeFiles/f407-fish.dir/USB_DEVICE/App/usbd_desc.c.obj
                0x080084a8                USBD_FS_DeviceDescriptor
 .text.USBD_FS_LangIDStrDescriptor
                0x080084cc       0x24 CMakeFiles/f407-fish.dir/USB_DEVICE/App/usbd_desc.c.obj
                0x080084cc                USBD_FS_LangIDStrDescriptor
 .text.USBD_FS_ProductStrDescriptor
                0x080084f0       0x3c CMakeFiles/f407-fish.dir/USB_DEVICE/App/usbd_desc.c.obj
                0x080084f0                USBD_FS_ProductStrDescriptor
 .text.USBD_FS_ManufacturerStrDescriptor
                0x0800852c       0x28 CMakeFiles/f407-fish.dir/USB_DEVICE/App/usbd_desc.c.obj
                0x0800852c                USBD_FS_ManufacturerStrDescriptor
 .text.USBD_FS_SerialStrDescriptor
                0x08008554       0x24 CMakeFiles/f407-fish.dir/USB_DEVICE/App/usbd_desc.c.obj
                0x08008554                USBD_FS_SerialStrDescriptor
 .text.USBD_FS_ConfigStrDescriptor
                0x08008578       0x3c CMakeFiles/f407-fish.dir/USB_DEVICE/App/usbd_desc.c.obj
                0x08008578                USBD_FS_ConfigStrDescriptor
 .text.USBD_FS_InterfaceStrDescriptor
                0x080085b4       0x3c CMakeFiles/f407-fish.dir/USB_DEVICE/App/usbd_desc.c.obj
                0x080085b4                USBD_FS_InterfaceStrDescriptor
 .text.Get_SerialNum
                0x080085f0       0x58 CMakeFiles/f407-fish.dir/USB_DEVICE/App/usbd_desc.c.obj
 .text.IntToUnicode
                0x08008648       0x7e CMakeFiles/f407-fish.dir/USB_DEVICE/App/usbd_desc.c.obj
 *fill*         0x080086c6        0x2 
 .text.CDC_Init_FS
                0x080086c8       0x28 CMakeFiles/f407-fish.dir/USB_DEVICE/App/usbd_cdc_if.c.obj
 .text.CDC_DeInit_FS
                0x080086f0       0x10 CMakeFiles/f407-fish.dir/USB_DEVICE/App/usbd_cdc_if.c.obj
 .text.CDC_Control_FS
                0x08008700       0xbc CMakeFiles/f407-fish.dir/USB_DEVICE/App/usbd_cdc_if.c.obj
 .text.CDC_Receive_FS
                0x080087bc       0x34 CMakeFiles/f407-fish.dir/USB_DEVICE/App/usbd_cdc_if.c.obj
 .text.CDC_Transmit_FS
                0x080087f0       0x4c CMakeFiles/f407-fish.dir/USB_DEVICE/App/usbd_cdc_if.c.obj
                0x080087f0                CDC_Transmit_FS
 .text.CDC_TransmitCplt_FS
                0x0800883c       0x22 CMakeFiles/f407-fish.dir/USB_DEVICE/App/usbd_cdc_if.c.obj
 .text.main     0x0800885e       0x2e CMakeFiles/f407-fish.dir/Core/Src/main.c.obj
                0x0800885e                main
 .text.SystemClock_Config
                0x0800888c       0xd4 CMakeFiles/f407-fish.dir/Core/Src/main.c.obj
                0x0800888c                SystemClock_Config
 .text.Error_Handler
                0x08008960        0xc CMakeFiles/f407-fish.dir/Core/Src/main.c.obj
                0x08008960                Error_Handler
 .text.MX_GPIO_Init
                0x0800896c       0xd4 CMakeFiles/f407-fish.dir/Core/Src/gpio.c.obj
                0x0800896c                MX_GPIO_Init
 .text.MX_DMA_Init
                0x08008a40       0x8c CMakeFiles/f407-fish.dir/Core/Src/dma.c.obj
                0x08008a40                MX_DMA_Init
 .text.MX_USART1_UART_Init
                0x08008acc       0x54 CMakeFiles/f407-fish.dir/Core/Src/usart.c.obj
                0x08008acc                MX_USART1_UART_Init
 .text.MX_USART3_UART_Init
                0x08008b20       0x54 CMakeFiles/f407-fish.dir/Core/Src/usart.c.obj
                0x08008b20                MX_USART3_UART_Init
 .text.HAL_UART_MspInit
                0x08008b74      0x2a4 CMakeFiles/f407-fish.dir/Core/Src/usart.c.obj
                0x08008b74                HAL_UART_MspInit
 .text.NMI_Handler
                0x08008e18        0x8 CMakeFiles/f407-fish.dir/Core/Src/stm32f4xx_it.c.obj
                0x08008e18                NMI_Handler
 .text.HardFault_Handler
                0x08008e20        0x8 CMakeFiles/f407-fish.dir/Core/Src/stm32f4xx_it.c.obj
                0x08008e20                HardFault_Handler
 .text.MemManage_Handler
                0x08008e28        0x8 CMakeFiles/f407-fish.dir/Core/Src/stm32f4xx_it.c.obj
                0x08008e28                MemManage_Handler
 .text.BusFault_Handler
                0x08008e30        0x8 CMakeFiles/f407-fish.dir/Core/Src/stm32f4xx_it.c.obj
                0x08008e30                BusFault_Handler
 .text.UsageFault_Handler
                0x08008e38        0x8 CMakeFiles/f407-fish.dir/Core/Src/stm32f4xx_it.c.obj
                0x08008e38                UsageFault_Handler
 .text.SVC_Handler
                0x08008e40        0xe CMakeFiles/f407-fish.dir/Core/Src/stm32f4xx_it.c.obj
                0x08008e40                SVC_Handler
 .text.DebugMon_Handler
                0x08008e4e        0xe CMakeFiles/f407-fish.dir/Core/Src/stm32f4xx_it.c.obj
                0x08008e4e                DebugMon_Handler
 .text.PendSV_Handler
                0x08008e5c        0xe CMakeFiles/f407-fish.dir/Core/Src/stm32f4xx_it.c.obj
                0x08008e5c                PendSV_Handler
 .text.SysTick_Handler
                0x08008e6a        0xc CMakeFiles/f407-fish.dir/Core/Src/stm32f4xx_it.c.obj
                0x08008e6a                SysTick_Handler
 *fill*         0x08008e76        0x2 
 .text.DMA1_Stream1_IRQHandler
                0x08008e78       0x14 CMakeFiles/f407-fish.dir/Core/Src/stm32f4xx_it.c.obj
                0x08008e78                DMA1_Stream1_IRQHandler
 .text.DMA1_Stream3_IRQHandler
                0x08008e8c       0x14 CMakeFiles/f407-fish.dir/Core/Src/stm32f4xx_it.c.obj
                0x08008e8c                DMA1_Stream3_IRQHandler
 .text.USART1_IRQHandler
                0x08008ea0       0x18 CMakeFiles/f407-fish.dir/Core/Src/stm32f4xx_it.c.obj
                0x08008ea0                USART1_IRQHandler
 .text.DMA2_Stream2_IRQHandler
                0x08008eb8       0x14 CMakeFiles/f407-fish.dir/Core/Src/stm32f4xx_it.c.obj
                0x08008eb8                DMA2_Stream2_IRQHandler
 .text.OTG_FS_IRQHandler
                0x08008ecc       0x14 CMakeFiles/f407-fish.dir/Core/Src/stm32f4xx_it.c.obj
                0x08008ecc                OTG_FS_IRQHandler
 .text.DMA2_Stream7_IRQHandler
                0x08008ee0       0x14 CMakeFiles/f407-fish.dir/Core/Src/stm32f4xx_it.c.obj
                0x08008ee0                DMA2_Stream7_IRQHandler
 .text.HAL_MspInit
                0x08008ef4       0x50 CMakeFiles/f407-fish.dir/Core/Src/stm32f4xx_hal_msp.c.obj
                0x08008ef4                HAL_MspInit
 .text._sbrk    0x08008f44       0x6c CMakeFiles/f407-fish.dir/Core/Src/sysmem.c.obj
                0x08008f44                _sbrk
 .text.Reset_Handler
                0x08008fb0       0x50 CMakeFiles/f407-fish.dir/startup_stm32f407xx.s.obj
                0x08008fb0                Reset_Handler
 .text.Default_Handler
                0x08009000        0x2 CMakeFiles/f407-fish.dir/startup_stm32f407xx.s.obj
                0x08009000                RTC_Alarm_IRQHandler
                0x08009000                HASH_RNG_IRQHandler
                0x08009000                EXTI2_IRQHandler
                0x08009000                TIM8_CC_IRQHandler
                0x08009000                TIM1_CC_IRQHandler
                0x08009000                DMA2_Stream5_IRQHandler
                0x08009000                DMA1_Stream5_IRQHandler
                0x08009000                PVD_IRQHandler
                0x08009000                SDIO_IRQHandler
                0x08009000                TAMP_STAMP_IRQHandler
                0x08009000                CAN2_RX1_IRQHandler
                0x08009000                EXTI3_IRQHandler
                0x08009000                TIM8_TRG_COM_TIM14_IRQHandler
                0x08009000                TIM1_UP_TIM10_IRQHandler
                0x08009000                TIM8_UP_TIM13_IRQHandler
                0x08009000                I2C3_ER_IRQHandler
                0x08009000                EXTI0_IRQHandler
                0x08009000                I2C2_EV_IRQHandler
                0x08009000                DMA1_Stream2_IRQHandler
                0x08009000                CAN1_RX0_IRQHandler
                0x08009000                FPU_IRQHandler
                0x08009000                OTG_HS_WKUP_IRQHandler
                0x08009000                CAN2_SCE_IRQHandler
                0x08009000                SPI1_IRQHandler
                0x08009000                TIM6_DAC_IRQHandler
                0x08009000                TIM1_BRK_TIM9_IRQHandler
                0x08009000                DCMI_IRQHandler
                0x08009000                CAN2_RX0_IRQHandler
                0x08009000                DMA2_Stream3_IRQHandler
                0x08009000                USART6_IRQHandler
                0x08009000                USART3_IRQHandler
                0x08009000                CAN1_RX1_IRQHandler
                0x08009000                UART5_IRQHandler
                0x08009000                DMA2_Stream0_IRQHandler
                0x08009000                TIM4_IRQHandler
                0x08009000                I2C1_EV_IRQHandler
                0x08009000                DMA1_Stream6_IRQHandler
                0x08009000                UART4_IRQHandler
                0x08009000                TIM3_IRQHandler
                0x08009000                RCC_IRQHandler
                0x08009000                TIM8_BRK_TIM12_IRQHandler
                0x08009000                Default_Handler
                0x08009000                EXTI15_10_IRQHandler
                0x08009000                ADC_IRQHandler
                0x08009000                DMA1_Stream7_IRQHandler
                0x08009000                TIM7_IRQHandler
                0x08009000                CAN2_TX_IRQHandler
                0x08009000                TIM5_IRQHandler
                0x08009000                I2C3_EV_IRQHandler
                0x08009000                EXTI9_5_IRQHandler
                0x08009000                RTC_WKUP_IRQHandler
                0x08009000                ETH_WKUP_IRQHandler
                0x08009000                SPI2_IRQHandler
                0x08009000                OTG_HS_EP1_IN_IRQHandler
                0x08009000                DMA1_Stream0_IRQHandler
                0x08009000                CAN1_TX_IRQHandler
                0x08009000                EXTI4_IRQHandler
                0x08009000                FSMC_IRQHandler
                0x08009000                ETH_IRQHandler
                0x08009000                OTG_HS_EP1_OUT_IRQHandler
                0x08009000                WWDG_IRQHandler
                0x08009000                TIM2_IRQHandler
                0x08009000                OTG_FS_WKUP_IRQHandler
                0x08009000                TIM1_TRG_COM_TIM11_IRQHandler
                0x08009000                OTG_HS_IRQHandler
                0x08009000                EXTI1_IRQHandler
                0x08009000                USART2_IRQHandler
                0x08009000                I2C2_ER_IRQHandler
                0x08009000                DMA2_Stream1_IRQHandler
                0x08009000                CAN1_SCE_IRQHandler
                0x08009000                FLASH_IRQHandler
                0x08009000                DMA2_Stream4_IRQHandler
                0x08009000                SPI3_IRQHandler
                0x08009000                DMA1_Stream4_IRQHandler
                0x08009000                I2C1_ER_IRQHandler
                0x08009000                DMA2_Stream6_IRQHandler
 .text.Emm_V5_Send
                0x08009002       0x1e CMakeFiles/f407-fish.dir/App/Emm_V5.c.obj
 .text.Emm_V5_En_Control
                0x08009020       0x4c CMakeFiles/f407-fish.dir/App/Emm_V5.c.obj
                0x08009020                Emm_V5_En_Control
 .text.Emm_V5_Vel_Control
                0x0800906c       0x6c CMakeFiles/f407-fish.dir/App/Emm_V5.c.obj
                0x0800906c                Emm_V5_Vel_Control
 .text.Emm_V5_Stop_Now
                0x080090d8       0x44 CMakeFiles/f407-fish.dir/App/Emm_V5.c.obj
                0x080090d8                Emm_V5_Stop_Now
 .text.Emm_V5_App_Lock
                0x0800911c       0x22 CMakeFiles/f407-fish.dir/App/Emm_V5_App.c.obj
 .text.Emm_V5_App_Unlock
                0x0800913e       0x1e CMakeFiles/f407-fish.dir/App/Emm_V5_App.c.obj
 .text.Emm_V5_App_QueueNext
                0x0800915c       0x28 CMakeFiles/f407-fish.dir/App/Emm_V5_App.c.obj
 .text.Emm_V5_App_QueueClearLocked
                0x08009184       0x20 CMakeFiles/f407-fish.dir/App/Emm_V5_App.c.obj
 .text.Emm_V5_App_QueueDepthLocked
                0x080091a4       0x54 CMakeFiles/f407-fish.dir/App/Emm_V5_App.c.obj
 .text.Emm_V5_App_QueuePushLocked
                0x080091f8       0x78 CMakeFiles/f407-fish.dir/App/Emm_V5_App.c.obj
 .text.Emm_V5_App_QueuePopLocked
                0x08009270       0x54 CMakeFiles/f407-fish.dir/App/Emm_V5_App.c.obj
 .text.Emm_V5_App_USB_Reply
                0x080092c4       0x4c CMakeFiles/f407-fish.dir/App/Emm_V5_App.c.obj
 .text.Emm_V5_App_BuildDebugText
                0x08009310      0x114 CMakeFiles/f407-fish.dir/App/Emm_V5_App.c.obj
 .text.Emm_V5_App_ReplyWithDebug
                0x08009424      0x130 CMakeFiles/f407-fish.dir/App/Emm_V5_App.c.obj
 .text.Emm_V5_App_ToUpper
                0x08009554       0x42 CMakeFiles/f407-fish.dir/App/Emm_V5_App.c.obj
 *fill*         0x08009596        0x2 
 .text.Emm_V5_App_ClampRpm
                0x08009598       0x38 CMakeFiles/f407-fish.dir/App/Emm_V5_App.c.obj
 .text.Emm_V5_App_AbsFloat
                0x080095d0       0x34 CMakeFiles/f407-fish.dir/App/Emm_V5_App.c.obj
 .text.Emm_V5_App_DecodeLEFloat
                0x08009604       0x3a CMakeFiles/f407-fish.dir/App/Emm_V5_App.c.obj
 *fill*         0x0800963e        0x2 
 .text.Emm_V5_App_FloatToRpm
                0x08009640       0x90 CMakeFiles/f407-fish.dir/App/Emm_V5_App.c.obj
 .text.Emm_V5_App_AbsRpm
                0x080096d0       0x28 CMakeFiles/f407-fish.dir/App/Emm_V5_App.c.obj
 .text.Emm_V5_App_GetDir
                0x080096f8       0x50 CMakeFiles/f407-fish.dir/App/Emm_V5_App.c.obj
 .text.Emm_V5_App_SendAxisVelocity
                0x08009748       0x4a CMakeFiles/f407-fish.dir/App/Emm_V5_App.c.obj
 .text.Emm_V5_App_MapEnableState
                0x08009792       0x2e CMakeFiles/f407-fish.dir/App/Emm_V5_App.c.obj
 .text.Emm_V5_App_SetVelocityAxis1
                0x080097c0       0x28 CMakeFiles/f407-fish.dir/App/Emm_V5_App.c.obj
 .text.Emm_V5_App_SetVelocityAxis2
                0x080097e8       0x28 CMakeFiles/f407-fish.dir/App/Emm_V5_App.c.obj
 .text.Emm_V5_App_QueueVel
                0x08009810       0x52 CMakeFiles/f407-fish.dir/App/Emm_V5_App.c.obj
 *fill*         0x08009862        0x2 
 .text.Emm_V5_App_QueueEnable
                0x08009864       0x5c CMakeFiles/f407-fish.dir/App/Emm_V5_App.c.obj
 .text.Emm_V5_App_QueueStop
                0x080098c0       0x4c CMakeFiles/f407-fish.dir/App/Emm_V5_App.c.obj
 .text.Emm_V5_App_HandleVofaFrame
                0x0800990c       0xd0 CMakeFiles/f407-fish.dir/App/Emm_V5_App.c.obj
 .text.Emm_V5_App_VofaFeedByte
                0x080099dc       0xdc CMakeFiles/f407-fish.dir/App/Emm_V5_App.c.obj
 .text.Emm_V5_App_PollVofaUartInput
                0x08009ab8       0x58 CMakeFiles/f407-fish.dir/App/Emm_V5_App.c.obj
 .text.Emm_V5_App_VofaControlTask
                0x08009b10      0x184 CMakeFiles/f407-fish.dir/App/Emm_V5_App.c.obj
 .text.Emm_V5_App_ProcessCmd
                0x08009c94      0x2c0 CMakeFiles/f407-fish.dir/App/Emm_V5_App.c.obj
 .text.Emm_V5_App_Init
                0x08009f54       0x54 CMakeFiles/f407-fish.dir/App/Emm_V5_App.c.obj
                0x08009f54                Emm_V5_App_Init
 .text.Emm_V5_App_Task
                0x08009fa8      0x164 CMakeFiles/f407-fish.dir/App/Emm_V5_App.c.obj
                0x08009fa8                Emm_V5_App_Task
 .text.Emm_V5_App_SetEnable
                0x0800a10c       0x1a CMakeFiles/f407-fish.dir/App/Emm_V5_App.c.obj
                0x0800a10c                Emm_V5_App_SetEnable
 .text.Emm_V5_App_SetVelocity
                0x0800a126       0x28 CMakeFiles/f407-fish.dir/App/Emm_V5_App.c.obj
                0x0800a126                Emm_V5_App_SetVelocity
 .text.Emm_V5_App_Stop
                0x0800a14e        0xc CMakeFiles/f407-fish.dir/App/Emm_V5_App.c.obj
                0x0800a14e                Emm_V5_App_Stop
 *fill*         0x0800a15a        0x2 
 .text.Emm_V5_App_USB_CDC_Input
                0x0800a15c       0xb8 CMakeFiles/f407-fish.dir/App/Emm_V5_App.c.obj
                0x0800a15c                Emm_V5_App_USB_CDC_Input
 .text.UART1_Lock
                0x0800a214       0x22 CMakeFiles/f407-fish.dir/App/Uart1_Dma.c.obj
 .text.UART1_Unlock
                0x0800a236       0x1e CMakeFiles/f407-fish.dir/App/Uart1_Dma.c.obj
 .text.UART1_RingPushByte
                0x0800a254       0x98 CMakeFiles/f407-fish.dir/App/Uart1_Dma.c.obj
 .text.UART1_RingPushBlock
                0x0800a2ec       0x48 CMakeFiles/f407-fish.dir/App/Uart1_Dma.c.obj
 .text.UART1_RxCheck
                0x0800a334       0xa8 CMakeFiles/f407-fish.dir/App/Uart1_Dma.c.obj
 .text.UART1_TxStart
                0x0800a3dc       0x74 CMakeFiles/f407-fish.dir/App/Uart1_Dma.c.obj
 .text.UART1_DmaCommInit
                0x0800a450       0xf4 CMakeFiles/f407-fish.dir/App/Uart1_Dma.c.obj
                0x0800a450                UART1_DmaCommInit
 .text.UART1_DmaIrqHandler
                0x0800a544       0x48 CMakeFiles/f407-fish.dir/App/Uart1_Dma.c.obj
                0x0800a544                UART1_DmaIrqHandler
 .text.UART1_DmaTxEnqueue
                0x0800a58c      0x124 CMakeFiles/f407-fish.dir/App/Uart1_Dma.c.obj
                0x0800a58c                UART1_DmaTxEnqueue
 .text.HAL_UART_TxCpltCallback
                0x0800a6b0       0x84 CMakeFiles/f407-fish.dir/App/Uart1_Dma.c.obj
                0x0800a6b0                HAL_UART_TxCpltCallback
 .text.HAL_UART_RxHalfCpltCallback
                0x0800a734       0x24 CMakeFiles/f407-fish.dir/App/Uart1_Dma.c.obj
                0x0800a734                HAL_UART_RxHalfCpltCallback
 .text.HAL_UART_RxCpltCallback
                0x0800a758       0x24 CMakeFiles/f407-fish.dir/App/Uart1_Dma.c.obj
                0x0800a758                HAL_UART_RxCpltCallback
 .text.HAL_UART_ErrorCallback
                0x0800a77c       0x4c CMakeFiles/f407-fish.dir/App/Uart1_Dma.c.obj
                0x0800a77c                HAL_UART_ErrorCallback
 .text.UART1_DmaGetDebugInfo
                0x0800a7c8      0x120 CMakeFiles/f407-fish.dir/App/Uart1_Dma.c.obj
                0x0800a7c8                UART1_DmaGetDebugInfo
 .text.snprintf
                0x0800a8e8       0x6c /home/honeykill/.local/share/stm32cube/bundles/gnu-tools-for-stm32/14.3.1+st.2/bin/../lib/gcc/arm-none-eabi/14.3.1/../../../../arm-none-eabi/lib/thumb/v7e-m+fp/hard/libg_nano.a(libc_a-snprintf.o)
                0x0800a8e8                snprintf
                0x0800a8e8                sniprintf
 .text.sscanf   0x0800a954       0x58 /home/honeykill/.local/share/stm32cube/bundles/gnu-tools-for-stm32/14.3.1+st.2/bin/../lib/gcc/arm-none-eabi/14.3.1/../../../../arm-none-eabi/lib/thumb/v7e-m+fp/hard/libg_nano.a(libc_a-sscanf.o)
                0x0800a954                sscanf
                0x0800a954                siscanf
 .text.__seofread
                0x0800a9ac        0x4 /home/honeykill/.local/share/stm32cube/bundles/gnu-tools-for-stm32/14.3.1+st.2/bin/../lib/gcc/arm-none-eabi/14.3.1/../../../../arm-none-eabi/lib/thumb/v7e-m+fp/hard/libg_nano.a(libc_a-stdio.o)
                0x0800a9ac                __seofread
 .text.memset   0x0800a9b0       0x10 /home/honeykill/.local/share/stm32cube/bundles/gnu-tools-for-stm32/14.3.1+st.2/bin/../lib/gcc/arm-none-eabi/14.3.1/../../../../arm-none-eabi/lib/thumb/v7e-m+fp/hard/libg_nano.a(libc_a-memset.o)
                0x0800a9b0                memset
 .text.strnlen  0x0800a9c0       0x18 /home/honeykill/.local/share/stm32cube/bundles/gnu-tools-for-stm32/14.3.1+st.2/bin/../lib/gcc/arm-none-eabi/14.3.1/../../../../arm-none-eabi/lib/thumb/v7e-m+fp/hard/libg_nano.a(libc_a-strnlen.o)
                0x0800a9c0                strnlen
 .text.__errno  0x0800a9d8        0xc /home/honeykill/.local/share/stm32cube/bundles/gnu-tools-for-stm32/14.3.1+st.2/bin/../lib/gcc/arm-none-eabi/14.3.1/../../../../arm-none-eabi/lib/thumb/v7e-m+fp/hard/libg_nano.a(libc_a-errno.o)
                0x0800a9d8                __errno
 .text.__libc_init_array
                0x0800a9e4       0x48 /home/honeykill/.local/share/stm32cube/bundles/gnu-tools-for-stm32/14.3.1+st.2/bin/../lib/gcc/arm-none-eabi/14.3.1/../../../../arm-none-eabi/lib/thumb/v7e-m+fp/hard/libg_nano.a(libc_a-init.o)
                0x0800a9e4                __libc_init_array
 .text.__retarget_lock_acquire_recursive
                0x0800aa2c        0x2 /home/honeykill/.local/share/stm32cube/bundles/gnu-tools-for-stm32/14.3.1+st.2/bin/../lib/gcc/arm-none-eabi/14.3.1/../../../../arm-none-eabi/lib/thumb/v7e-m+fp/hard/libg_nano.a(libc_a-lock.o)
                0x0800aa2c                __retarget_lock_acquire_recursive
 .text.__retarget_lock_release_recursive
                0x0800aa2e        0x2 /home/honeykill/.local/share/stm32cube/bundles/gnu-tools-for-stm32/14.3.1+st.2/bin/../lib/gcc/arm-none-eabi/14.3.1/../../../../arm-none-eabi/lib/thumb/v7e-m+fp/hard/libg_nano.a(libc_a-lock.o)
                0x0800aa2e                __retarget_lock_release_recursive
 .text.memcpy   0x0800aa30       0x1c /home/honeykill/.local/share/stm32cube/bundles/gnu-tools-for-stm32/14.3.1+st.2/bin/../lib/gcc/arm-none-eabi/14.3.1/../../../../arm-none-eabi/lib/thumb/v7e-m+fp/hard/libg_nano.a(libc_a-memcpy-stub.o)
                0x0800aa30                memcpy
 .text._free_r  0x0800aa4c       0x94 /home/honeykill/.local/share/stm32cube/bundles/gnu-tools-for-stm32/14.3.1+st.2/bin/../lib/gcc/arm-none-eabi/14.3.1/../../../../arm-none-eabi/lib/thumb/v7e-m+fp/hard/libg_nano.a(libc_a-freer.o)
                0x0800aa4c                _free_r
 .text.sbrk_aligned
                0x0800aae0       0x44 /home/honeykill/.local/share/stm32cube/bundles/gnu-tools-for-stm32/14.3.1+st.2/bin/../lib/gcc/arm-none-eabi/14.3.1/../../../../arm-none-eabi/lib/thumb/v7e-m+fp/hard/libg_nano.a(libc_a-mallocr.o)
 .text._malloc_r
                0x0800ab24      0x100 /home/honeykill/.local/share/stm32cube/bundles/gnu-tools-for-stm32/14.3.1+st.2/bin/../lib/gcc/arm-none-eabi/14.3.1/../../../../arm-none-eabi/lib/thumb/v7e-m+fp/hard/libg_nano.a(libc_a-mallocr.o)
                0x0800ab24                _malloc_r
 .text.__malloc_lock
                0x0800ac24        0xc /home/honeykill/.local/share/stm32cube/bundles/gnu-tools-for-stm32/14.3.1+st.2/bin/../lib/gcc/arm-none-eabi/14.3.1/../../../../arm-none-eabi/lib/thumb/v7e-m+fp/hard/libg_nano.a(libc_a-mlock.o)
                0x0800ac24                __malloc_lock
 .text.__malloc_unlock
                0x0800ac30        0xc /home/honeykill/.local/share/stm32cube/bundles/gnu-tools-for-stm32/14.3.1+st.2/bin/../lib/gcc/arm-none-eabi/14.3.1/../../../../arm-none-eabi/lib/thumb/v7e-m+fp/hard/libg_nano.a(libc_a-mlock.o)
                0x0800ac30                __malloc_unlock
 .text.__ssputs_r
                0x0800ac3c       0xc0 /home/honeykill/.local/share/stm32cube/bundles/gnu-tools-for-stm32/14.3.1+st.2/bin/../lib/gcc/arm-none-eabi/14.3.1/../../../../arm-none-eabi/lib/thumb/v7e-m+fp/hard/libg_nano.a(libc_a-nano-svfprintf.o)
                0x0800ac3c                __ssputs_r
 .text._svfprintf_r
                0x0800acfc      0x1f0 /home/honeykill/.local/share/stm32cube/bundles/gnu-tools-for-stm32/14.3.1+st.2/bin/../lib/gcc/arm-none-eabi/14.3.1/../../../../arm-none-eabi/lib/thumb/v7e-m+fp/hard/libg_nano.a(libc_a-nano-svfprintf.o)
                0x0800acfc                _svfprintf_r
                0x0800acfc                _svfiprintf_r
 .text._sungetc_r
                0x0800aeec       0x7a /home/honeykill/.local/share/stm32cube/bundles/gnu-tools-for-stm32/14.3.1+st.2/bin/../lib/gcc/arm-none-eabi/14.3.1/../../../../arm-none-eabi/lib/thumb/v7e-m+fp/hard/libg_nano.a(libc_a-nano-svfscanf.o)
                0x0800aeec                _sungetc_r
 .text.__ssrefill_r
                0x0800af66       0x3a /home/honeykill/.local/share/stm32cube/bundles/gnu-tools-for-stm32/14.3.1+st.2/bin/../lib/gcc/arm-none-eabi/14.3.1/../../../../arm-none-eabi/lib/thumb/v7e-m+fp/hard/libg_nano.a(libc_a-nano-svfscanf.o)
                0x0800af66                __ssrefill_r
 .text.__ssvfscanf_r
                0x0800afa0      0x2fc /home/honeykill/.local/share/stm32cube/bundles/gnu-tools-for-stm32/14.3.1+st.2/bin/../lib/gcc/arm-none-eabi/14.3.1/../../../../arm-none-eabi/lib/thumb/v7e-m+fp/hard/libg_nano.a(libc_a-nano-svfscanf.o)
                0x0800afa0                __ssvfscanf_r
                0x0800afa0                __ssvfiscanf_r
 .text._printf_common
                0x0800b29c       0xda /home/honeykill/.local/share/stm32cube/bundles/gnu-tools-for-stm32/14.3.1+st.2/bin/../lib/gcc/arm-none-eabi/14.3.1/../../../../arm-none-eabi/lib/thumb/v7e-m+fp/hard/libg_nano.a(libc_a-nano-vfprintf_i.o)
                0x0800b29c                _printf_common
 *fill*         0x0800b376        0x2 
 .text._printf_i
                0x0800b378      0x24c /home/honeykill/.local/share/stm32cube/bundles/gnu-tools-for-stm32/14.3.1+st.2/bin/../lib/gcc/arm-none-eabi/14.3.1/../../../../arm-none-eabi/lib/thumb/v7e-m+fp/hard/libg_nano.a(libc_a-nano-vfprintf_i.o)
                0x0800b378                _printf_i
 .text._scanf_chars
                0x0800b5c4       0xb4 /home/honeykill/.local/share/stm32cube/bundles/gnu-tools-for-stm32/14.3.1+st.2/bin/../lib/gcc/arm-none-eabi/14.3.1/../../../../arm-none-eabi/lib/thumb/v7e-m+fp/hard/libg_nano.a(libc_a-nano-vfscanf_i.o)
                0x0800b5c4                _scanf_chars
 .text._scanf_i
                0x0800b678      0x1e4 /home/honeykill/.local/share/stm32cube/bundles/gnu-tools-for-stm32/14.3.1+st.2/bin/../lib/gcc/arm-none-eabi/14.3.1/../../../../arm-none-eabi/lib/thumb/v7e-m+fp/hard/libg_nano.a(libc_a-nano-vfscanf_i.o)
                0x0800b678                _scanf_i
 .text.__sccl   0x0800b85c       0x72 /home/honeykill/.local/share/stm32cube/bundles/gnu-tools-for-stm32/14.3.1+st.2/bin/../lib/gcc/arm-none-eabi/14.3.1/../../../../arm-none-eabi/lib/thumb/v7e-m+fp/hard/libg_nano.a(libc_a-sccl.o)
                0x0800b85c                __sccl
 .text.__submore
                0x0800b8ce       0x74 /home/honeykill/.local/share/stm32cube/bundles/gnu-tools-for-stm32/14.3.1+st.2/bin/../lib/gcc/arm-none-eabi/14.3.1/../../../../arm-none-eabi/lib/thumb/v7e-m+fp/hard/libg_nano.a(libc_a-ungetc.o)
                0x0800b8ce                __submore
 .text.memmove  0x0800b942       0x32 /home/honeykill/.local/share/stm32cube/bundles/gnu-tools-for-stm32/14.3.1+st.2/bin/../lib/gcc/arm-none-eabi/14.3.1/../../../../arm-none-eabi/lib/thumb/v7e-m+fp/hard/libg_nano.a(libc_a-memmove.o)
                0x0800b942                memmove
 .text._sbrk_r  0x0800b974       0x20 /home/honeykill/.local/share/stm32cube/bundles/gnu-tools-for-stm32/14.3.1+st.2/bin/../lib/gcc/arm-none-eabi/14.3.1/../../../../arm-none-eabi/lib/thumb/v7e-m+fp/hard/libg_nano.a(libc_a-sbrkr.o)
                0x0800b974                _sbrk_r
 .text._realloc_r
                0x0800b994       0x5c /home/honeykill/.local/share/stm32cube/bundles/gnu-tools-for-stm32/14.3.1+st.2/bin/../lib/gcc/arm-none-eabi/14.3.1/../../../../arm-none-eabi/lib/thumb/v7e-m+fp/hard/libg_nano.a(libc_a-reallocr.o)
                0x0800b994                _realloc_r
 .text._strtol_l.isra.0
                0x0800b9f0       0xf4 /home/honeykill/.local/share/stm32cube/bundles/gnu-tools-for-stm32/14.3.1+st.2/bin/../lib/gcc/arm-none-eabi/14.3.1/../../../../arm-none-eabi/lib/thumb/v7e-m+fp/hard/libg_nano.a(libc_a-strtol.o)
 .text._strtol_r
                0x0800bae4        0x4 /home/honeykill/.local/share/stm32cube/bundles/gnu-tools-for-stm32/14.3.1+st.2/bin/../lib/gcc/arm-none-eabi/14.3.1/../../../../arm-none-eabi/lib/thumb/v7e-m+fp/hard/libg_nano.a(libc_a-strtol.o)
                0x0800bae4                _strtol_r
 .text._strtoul_l.isra.0
                0x0800bae8       0xdc /home/honeykill/.local/share/stm32cube/bundles/gnu-tools-for-stm32/14.3.1+st.2/bin/../lib/gcc/arm-none-eabi/14.3.1/../../../../arm-none-eabi/lib/thumb/v7e-m+fp/hard/libg_nano.a(libc_a-strtoul.o)
 .text._strtoul_r
                0x0800bbc4        0x4 /home/honeykill/.local/share/stm32cube/bundles/gnu-tools-for-stm32/14.3.1+st.2/bin/../lib/gcc/arm-none-eabi/14.3.1/../../../../arm-none-eabi/lib/thumb/v7e-m+fp/hard/libg_nano.a(libc_a-strtoul.o)
                0x0800bbc4                _strtoul_r
 .text._malloc_usable_size_r
                0x0800bbc8       0x10 /home/honeykill/.local/share/stm32cube/bundles/gnu-tools-for-stm32/14.3.1+st.2/bin/../lib/gcc/arm-none-eabi/14.3.1/../../../../arm-none-eabi/lib/thumb/v7e-m+fp/hard/libg_nano.a(libc_a-msizer.o)
                0x0800bbc8                _malloc_usable_size_r
 *(.glue_7)
 .glue_7        0x0800bbd8        0x0 linker stubs
 *(.glue_7t)
 .glue_7t       0x0800bbd8        0x0 linker stubs
 *(.eh_frame)
 .eh_frame      0x0800bbd8        0x0 /home/honeykill/.local/share/stm32cube/bundles/gnu-tools-for-stm32/14.3.1+st.2/bin/../lib/gcc/arm-none-eabi/14.3.1/thumb/v7e-m+fp/hard/crtbegin.o
 *(.init)
 .init          0x0800bbd8        0x4 /home/honeykill/.local/share/stm32cube/bundles/gnu-tools-for-stm32/14.3.1+st.2/bin/../lib/gcc/arm-none-eabi/14.3.1/thumb/v7e-m+fp/hard/crti.o
                0x0800bbd8                _init
 .init          0x0800bbdc        0x8 /home/honeykill/.local/share/stm32cube/bundles/gnu-tools-for-stm32/14.3.1+st.2/bin/../lib/gcc/arm-none-eabi/14.3.1/thumb/v7e-m+fp/hard/crtn.o
 *(.fini)
 .fini          0x0800bbe4        0x4 /home/honeykill/.local/share/stm32cube/bundles/gnu-tools-for-stm32/14.3.1+st.2/bin/../lib/gcc/arm-none-eabi/14.3.1/thumb/v7e-m+fp/hard/crti.o
                0x0800bbe4                _fini
 .fini          0x0800bbe8        0x8 /home/honeykill/.local/share/stm32cube/bundles/gnu-tools-for-stm32/14.3.1+st.2/bin/../lib/gcc/arm-none-eabi/14.3.1/thumb/v7e-m+fp/hard/crtn.o
                0x0800bbf0                        . = ALIGN (0x4)
                0x0800bbf0                        _etext = .

.vfp11_veneer   0x0800bbf0        0x0
 .vfp11_veneer  0x0800bbf0        0x0 linker stubs

.v4_bx          0x0800bbf0        0x0
 .v4_bx         0x0800bbf0        0x0 linker stubs

.iplt           0x0800bbf0        0x0
 .iplt          0x0800bbf0        0x0 /home/honeykill/.local/share/stm32cube/bundles/gnu-tools-for-stm32/14.3.1+st.2/bin/../lib/gcc/arm-none-eabi/14.3.1/thumb/v7e-m+fp/hard/crtbegin.o

.rodata         0x0800bbf0      0x380
                0x0800bbf0                        . = ALIGN (0x4)
 *(.rodata)
 .rodata        0x0800bbf0       0x46 CMakeFiles/f407-fish.dir/USB_DEVICE/App/usbd_desc.c.obj
 *fill*         0x0800bc36        0x2 
 .rodata        0x0800bc38      0x1ba CMakeFiles/f407-fish.dir/App/Emm_V5_App.c.obj
 *fill*         0x0800bdf2        0x2 
 .rodata        0x0800bdf4        0xc /home/honeykill/.local/share/stm32cube/bundles/gnu-tools-for-stm32/14.3.1+st.2/bin/../lib/gcc/arm-none-eabi/14.3.1/../../../../arm-none-eabi/lib/thumb/v7e-m+fp/hard/libg_nano.a(libc_a-nano-vfscanf_i.o)
 *(.rodata*)
 .rodata.AHBPrescTable
                0x0800be00       0x10 cmake/stm32cubemx/CMakeFiles/STM32_Drivers.dir/__/__/Core/Src/system_stm32f4xx.c.obj
                0x0800be00                AHBPrescTable
 .rodata.APBPrescTable
                0x0800be10        0x8 cmake/stm32cubemx/CMakeFiles/STM32_Drivers.dir/__/__/Core/Src/system_stm32f4xx.c.obj
                0x0800be10                APBPrescTable
 .rodata.flagBitshiftOffset.0
                0x0800be18        0x8 cmake/stm32cubemx/CMakeFiles/STM32_Drivers.dir/__/__/Drivers/STM32F4xx_HAL_Driver/Src/stm32f4xx_hal_dma.c.obj
 .rodata._svfprintf_r.str1.1
                0x0800be20       0x4e /home/honeykill/.local/share/stm32cube/bundles/gnu-tools-for-stm32/14.3.1+st.2/bin/../lib/gcc/arm-none-eabi/14.3.1/../../../../arm-none-eabi/lib/thumb/v7e-m+fp/hard/libg_nano.a(libc_a-nano-svfprintf.o)
                                 0x11 (size before relaxing)
 .rodata.__ssvfscanf_r.str1.1
                0x0800be6e        0x4 /home/honeykill/.local/share/stm32cube/bundles/gnu-tools-for-stm32/14.3.1+st.2/bin/../lib/gcc/arm-none-eabi/14.3.1/../../../../arm-none-eabi/lib/thumb/v7e-m+fp/hard/libg_nano.a(libc_a-nano-svfscanf.o)
 .rodata._printf_i.str1.1
                0x0800be6e       0x22 /home/honeykill/.local/share/stm32cube/bundles/gnu-tools-for-stm32/14.3.1+st.2/bin/../lib/gcc/arm-none-eabi/14.3.1/../../../../arm-none-eabi/lib/thumb/v7e-m+fp/hard/libg_nano.a(libc_a-nano-vfprintf_i.o)
 .rodata._scanf_i.str1.1
                0x0800be6e       0x12 /home/honeykill/.local/share/stm32cube/bundles/gnu-tools-for-stm32/14.3.1+st.2/bin/../lib/gcc/arm-none-eabi/14.3.1/../../../../arm-none-eabi/lib/thumb/v7e-m+fp/hard/libg_nano.a(libc_a-nano-vfscanf_i.o)
 .rodata.str1.1
                0x0800be6e        0x9 /home/honeykill/.local/share/stm32cube/bundles/gnu-tools-for-stm32/14.3.1+st.2/bin/../lib/gcc/arm-none-eabi/14.3.1/../../../../arm-none-eabi/lib/thumb/v7e-m+fp/hard/libg_nano.a(libc_a-nano-vfscanf_i.o)
 .rodata._ctype_
                0x0800be6e      0x101 /home/honeykill/.local/share/stm32cube/bundles/gnu-tools-for-stm32/14.3.1+st.2/bin/../lib/gcc/arm-none-eabi/14.3.1/../../../../arm-none-eabi/lib/thumb/v7e-m+fp/hard/libg_nano.a(libc_a-ctype_.o)
                0x0800be6e                _ctype_
                0x0800bf70                        . = ALIGN (0x4)
 *fill*         0x0800bf6f        0x1 

.ARM.extab      0x0800bf70        0x0
                0x0800bf70                        . = ALIGN (0x4)
 *(.ARM.extab* .gnu.linkonce.armextab.*)
                0x0800bf70                        . = ALIGN (0x4)

.ARM            0x0800bf70        0x8
                0x0800bf70                        . = ALIGN (0x4)
                0x0800bf70                        __exidx_start = .
 *(.ARM.exidx*)
 .ARM.exidx     0x0800bf70        0x8 /home/honeykill/.local/share/stm32cube/bundles/gnu-tools-for-stm32/14.3.1+st.2/bin/../lib/gcc/arm-none-eabi/14.3.1/thumb/v7e-m+fp/hard/libgcc.a(_udivmoddi4.o)
 .ARM.exidx     0x0800bf78        0x0 /home/honeykill/.local/share/stm32cube/bundles/gnu-tools-for-stm32/14.3.1+st.2/bin/../lib/gcc/arm-none-eabi/14.3.1/../../../../arm-none-eabi/lib/thumb/v7e-m+fp/hard/libg_nano.a(libc_a-strcmp.o)
                                  0x8 (size before relaxing)
 .ARM.exidx     0x0800bf78        0x0 /home/honeykill/.local/share/stm32cube/bundles/gnu-tools-for-stm32/14.3.1+st.2/bin/../lib/gcc/arm-none-eabi/14.3.1/../../../../arm-none-eabi/lib/thumb/v7e-m+fp/hard/libg_nano.a(libc_a-strlen.o)
                                  0x8 (size before relaxing)
 .ARM.exidx     0x0800bf78        0x0 /home/honeykill/.local/share/stm32cube/bundles/gnu-tools-for-stm32/14.3.1+st.2/bin/../lib/gcc/arm-none-eabi/14.3.1/../../../../arm-none-eabi/lib/thumb/v7e-m+fp/hard/libg_nano.a(libc_a-memchr.o)
                                  0x8 (size before relaxing)
                0x0800bf78                        __exidx_end = .
                0x0800bf78                        . = ALIGN (0x4)

.preinit_array  0x0800bf78        0x0
                0x0800bf78                        . = ALIGN (0x4)
                0x0800bf78                        PROVIDE (__preinit_array_start = .)
 *(.preinit_array*)
                0x0800bf78                        PROVIDE (__preinit_array_end = .)
                0x0800bf78                        . = ALIGN (0x4)

.init_array     0x0800bf78        0x4
                0x0800bf78                        . = ALIGN (0x4)
                0x0800bf78                        PROVIDE (__init_array_start = .)
 *(SORT_BY_NAME(.init_array.*))
 *(.init_array*)
 .init_array    0x0800bf78        0x4 /home/honeykill/.local/share/stm32cube/bundles/gnu-tools-for-stm32/14.3.1+st.2/bin/../lib/gcc/arm-none-eabi/14.3.1/thumb/v7e-m+fp/hard/crtbegin.o
                0x0800bf7c                        PROVIDE (__init_array_end = .)
                0x0800bf7c                        . = ALIGN (0x4)

.fini_array     0x0800bf7c        0x4
                0x0800bf7c                        . = ALIGN (0x4)
                [!provide]                        PROVIDE (__fini_array_start = .)
 *(SORT_BY_NAME(.fini_array.*))
 *(.fini_array*)
 .fini_array    0x0800bf7c        0x4 /home/honeykill/.local/share/stm32cube/bundles/gnu-tools-for-stm32/14.3.1+st.2/bin/../lib/gcc/arm-none-eabi/14.3.1/thumb/v7e-m+fp/hard/crtbegin.o
                [!provide]                        PROVIDE (__fini_array_end = .)
                0x0800bf80                        . = ALIGN (0x4)
                0x0800bf80                        _siccmram = LOADADDR (.ccmram)

.rel.dyn        0x0800bf80        0x0
 .rel.iplt      0x0800bf80        0x0 /home/honeykill/.local/share/stm32cube/bundles/gnu-tools-for-stm32/14.3.1+st.2/bin/../lib/gcc/arm-none-eabi/14.3.1/thumb/v7e-m+fp/hard/crtbegin.o

.ccmram         0x10000000        0x0 load address 0x0800bf80
                0x10000000                        . = ALIGN (0x4)
                0x10000000                        _sccmram = .
 *(.ccmram)
 *(.ccmram*)
                0x10000000                        . = ALIGN (0x4)
                0x10000000                        _eccmram = .
                0x0800bf80                        _sidata = LOADADDR (.data)

.data           0x20000000      0x14c load address 0x0800bf80
                0x20000000                        . = ALIGN (0x4)
                0x20000000                        _sdata = .
 *(.data)
 *(.data*)
 .data.SystemCoreClock
                0x20000000        0x4 cmake/stm32cubemx/CMakeFiles/STM32_Drivers.dir/__/__/Core/Src/system_stm32f4xx.c.obj
                0x20000000                SystemCoreClock
 .data.uwTickPrio
                0x20000004        0x4 cmake/stm32cubemx/CMakeFiles/STM32_Drivers.dir/__/__/Drivers/STM32F4xx_HAL_Driver/Src/stm32f4xx_hal.c.obj
                0x20000004                uwTickPrio
 .data.uwTickFreq
                0x20000008        0x1 cmake/stm32cubemx/CMakeFiles/STM32_Drivers.dir/__/__/Drivers/STM32F4xx_HAL_Driver/Src/stm32f4xx_hal.c.obj
                0x20000008                uwTickFreq
 *fill*         0x20000009        0x3 
 .data.USBD_CDC_DeviceQualifierDesc
                0x2000000c        0xa cmake/stm32cubemx/CMakeFiles/USB_Device_Library.dir/__/__/Middlewares/ST/STM32_USB_Device_Library/Class/CDC/Src/usbd_cdc.c.obj
 *fill*         0x20000016        0x2 
 .data.USBD_CDC
                0x20000018       0x38 cmake/stm32cubemx/CMakeFiles/USB_Device_Library.dir/__/__/Middlewares/ST/STM32_USB_Device_Library/Class/CDC/Src/usbd_cdc.c.obj
                0x20000018                USBD_CDC
 .data.USBD_CDC_CfgDesc
                0x20000050       0x43 cmake/stm32cubemx/CMakeFiles/USB_Device_Library.dir/__/__/Middlewares/ST/STM32_USB_Device_Library/Class/CDC/Src/usbd_cdc.c.obj
 .data.CDCInEpAdd
                0x20000093        0x1 cmake/stm32cubemx/CMakeFiles/USB_Device_Library.dir/__/__/Middlewares/ST/STM32_USB_Device_Library/Class/CDC/Src/usbd_cdc.c.obj
 .data.CDCOutEpAdd
                0x20000094        0x1 cmake/stm32cubemx/CMakeFiles/USB_Device_Library.dir/__/__/Middlewares/ST/STM32_USB_Device_Library/Class/CDC/Src/usbd_cdc.c.obj
 .data.CDCCmdEpAdd
                0x20000095        0x1 cmake/stm32cubemx/CMakeFiles/USB_Device_Library.dir/__/__/Middlewares/ST/STM32_USB_Device_Library/Class/CDC/Src/usbd_cdc.c.obj
 *fill*         0x20000096        0x2 
 .data.FS_Desc  0x20000098       0x1c CMakeFiles/f407-fish.dir/USB_DEVICE/App/usbd_desc.c.obj
                0x20000098                FS_Desc
 .data.USBD_FS_DeviceDesc
                0x200000b4       0x12 CMakeFiles/f407-fish.dir/USB_DEVICE/App/usbd_desc.c.obj
                0x200000b4                USBD_FS_DeviceDesc
 *fill*         0x200000c6        0x2 
 .data.USBD_LangIDDesc
                0x200000c8        0x4 CMakeFiles/f407-fish.dir/USB_DEVICE/App/usbd_desc.c.obj
                0x200000c8                USBD_LangIDDesc
 .data.USBD_StringSerial
                0x200000cc       0x1a CMakeFiles/f407-fish.dir/USB_DEVICE/App/usbd_desc.c.obj
                0x200000cc                USBD_StringSerial
 *fill*         0x200000e6        0x2 
 .data.USBD_Interface_fops_FS
                0x200000e8       0x14 CMakeFiles/f407-fish.dir/USB_DEVICE/App/usbd_cdc_if.c.obj
                0x200000e8                USBD_Interface_fops_FS
 .data._impure_ptr
                0x200000fc        0x4 /home/honeykill/.local/share/stm32cube/bundles/gnu-tools-for-stm32/14.3.1+st.2/bin/../lib/gcc/arm-none-eabi/14.3.1/../../../../arm-none-eabi/lib/thumb/v7e-m+fp/hard/libg_nano.a(libc_a-impure.o)
                0x200000fc                _impure_ptr
 .data._impure_data
                0x20000100       0x4c /home/honeykill/.local/share/stm32cube/bundles/gnu-tools-for-stm32/14.3.1+st.2/bin/../lib/gcc/arm-none-eabi/14.3.1/../../../../arm-none-eabi/lib/thumb/v7e-m+fp/hard/libg_nano.a(libc_a-impure.o)
                0x20000100                _impure_data
 *(.RamFunc)
 *(.RamFunc*)
                0x2000014c                        . = ALIGN (0x4)

.igot.plt       0x2000014c        0x0 load address 0x0800c0cc
 .igot.plt      0x2000014c        0x0 /home/honeykill/.local/share/stm32cube/bundles/gnu-tools-for-stm32/14.3.1+st.2/bin/../lib/gcc/arm-none-eabi/14.3.1/thumb/v7e-m+fp/hard/crtbegin.o

.tdata          0x2000014c        0x0 load address 0x0800c0cc
 *(.tdata .tdata.* .gnu.linkonce.td.*)
                0x2000014c                        . = ALIGN (0x4)
                0x2000014c                        _edata = .
                [!provide]                        PROVIDE (__data_end = .)
                [!provide]                        PROVIDE (__tdata_end = .)
                [!provide]                        PROVIDE (__tdata_start = ADDR (.tdata))
                [!provide]                        PROVIDE (__tdata_size = (__tdata_end - __tdata_start))
                [!provide]                        PROVIDE (__data_start = ADDR (.data))
                [!provide]                        PROVIDE (__data_size = (__data_end - __data_start))
                [!provide]                        PROVIDE (__tdata_source = LOADADDR (.tdata))
                [!provide]                        PROVIDE (__tdata_source_end = (LOADADDR (.tdata) + SIZEOF (.tdata)))
                [!provide]                        PROVIDE (__tdata_source_size = (__tdata_source_end - __tdata_source))
                [!provide]                        PROVIDE (__data_source = LOADADDR (.data))
                [!provide]                        PROVIDE (__data_source_end = __tdata_source_end)
                [!provide]                        PROVIDE (__data_source_size = (__data_source_end - __data_source))

.tbss           0x2000014c        0x0 load address 0x0800c0cc
                0x2000014c                        _sbss = .
                0x2000014c                        __bss_start__ = _sbss
 *(.tbss .tbss.*)
                0x2000014c                        . = ALIGN (0x4)
                [!provide]                        PROVIDE (__tbss_end = .)
                [!provide]                        PROVIDE (__tbss_start = ADDR (.tbss))
                [!provide]                        PROVIDE (__tbss_size = (__tbss_end - __tbss_start))
                [!provide]                        PROVIDE (__tbss_offset = (ADDR (.tbss) - ADDR (.tdata)))
                [!provide]                        PROVIDE (__tls_base = __tdata_start)
                [!provide]                        PROVIDE (__tls_end = __tbss_end)
                [!provide]                        PROVIDE (__tls_size = (__tls_end - __tls_base))
                [!provide]                        PROVIDE (__tls_align = MAX (ALIGNOF (.tdata), ALIGNOF (.tbss)))
                [!provide]                        PROVIDE (__tls_size_align = (((__tls_size + __tls_align) - 0x1) & ~ ((__tls_align - 0x1))))
                [!provide]                        PROVIDE (__arm32_tls_tcb_offset = MAX (0x8, __tls_align))
                [!provide]                        PROVIDE (__arm64_tls_tcb_offset = MAX (0x10, __tls_align))

.bss            0x2000014c     0x2600 load address 0x0800c0cc
 *(.bss)
 .bss           0x2000014c       0x1c /home/honeykill/.local/share/stm32cube/bundles/gnu-tools-for-stm32/14.3.1+st.2/bin/../lib/gcc/arm-none-eabi/14.3.1/thumb/v7e-m+fp/hard/crtbegin.o
 *(.bss*)
 .bss.uwTick    0x20000168        0x4 cmake/stm32cubemx/CMakeFiles/STM32_Drivers.dir/__/__/Drivers/STM32F4xx_HAL_Driver/Src/stm32f4xx_hal.c.obj
                0x20000168                uwTick
 .bss.cfgidx.0  0x2000016c        0x1 cmake/stm32cubemx/CMakeFiles/USB_Device_Library.dir/__/__/Middlewares/ST/STM32_USB_Device_Library/Core/Src/usbd_ctlreq.c.obj
 *fill*         0x2000016d        0x3 
 .bss.hpcd_USB_OTG_FS
                0x20000170      0x4e4 CMakeFiles/f407-fish.dir/USB_DEVICE/Target/usbd_conf.c.obj
                0x20000170                hpcd_USB_OTG_FS
 .bss.mem.0     0x20000654      0x220 CMakeFiles/f407-fish.dir/USB_DEVICE/Target/usbd_conf.c.obj
 .bss.hUsbDeviceFS
                0x20000874      0x2dc CMakeFiles/f407-fish.dir/USB_DEVICE/App/usb_device.c.obj