Component: ARM Compiler 5.05 update 1 (build 106) Tool: armlink [4d0efa]

==============================================================================

Section Cross References

    startup_stm32f407xx.o(STACK) refers (Special) to heapauxi.o(.text) for __use_two_region_memory
    startup_stm32f407xx.o(HEAP) refers (Special) to heapauxi.o(.text) for __use_two_region_memory
    startup_stm32f407xx.o(RESET) refers (Special) to heapauxi.o(.text) for __use_two_region_memory
    startup_stm32f407xx.o(RESET) refers to startup_stm32f407xx.o(STACK) for __initial_sp
    startup_stm32f407xx.o(RESET) refers to startup_stm32f407xx.o(.text) for Reset_Handler
    startup_stm32f407xx.o(RESET) refers to stm32f4xx_it.o(i.NMI_Handler) for NMI_Handler
    startup_stm32f407xx.o(RESET) refers to stm32f4xx_it.o(i.HardFault_Handler) for HardFault_Handler
    startup_stm32f407xx.o(RESET) refers to stm32f4xx_it.o(i.MemManage_Handler) for MemManage_Handler
    startup_stm32f407xx.o(RESET) refers to stm32f4xx_it.o(i.BusFault_Handler) for BusFault_Handler
    startup_stm32f407xx.o(RESET) refers to stm32f4xx_it.o(i.UsageFault_Handler) for UsageFault_Handler
    startup_stm32f407xx.o(RESET) refers to stm32f4xx_it.o(i.SVC_Handler) for SVC_Handler
    startup_stm32f407xx.o(RESET) refers to stm32f4xx_it.o(i.DebugMon_Handler) for DebugMon_Handler
    startup_stm32f407xx.o(RESET) refers to stm32f4xx_it.o(i.PendSV_Handler) for PendSV_Handler
    startup_stm32f407xx.o(RESET) refers to stm32f4xx_it.o(i.SysTick_Handler) for SysTick_Handler
    startup_stm32f407xx.o(RESET) refers to stm32f4xx_it.o(i.DMA1_Stream1_IRQHandler) for DMA1_Stream1_IRQHandler
    startup_stm32f407xx.o(RESET) refers to stm32f4xx_it.o(i.DMA1_Stream3_IRQHandler) for DMA1_Stream3_IRQHandler
    startup_stm32f407xx.o(RESET) refers to stm32f4xx_it.o(i.USART1_IRQHandler) for USART1_IRQHandler
    startup_stm32f407xx.o(RESET) refers to stm32f4xx_it.o(i.DMA2_Stream2_IRQHandler) for DMA2_Stream2_IRQHandler
    startup_stm32f407xx.o(RESET) refers to stm32f4xx_it.o(i.OTG_FS_IRQHandler) for OTG_FS_IRQHandler
    startup_stm32f407xx.o(RESET) refers to stm32f4xx_it.o(i.DMA2_Stream7_IRQHandler) for DMA2_Stream7_IRQHandler
    startup_stm32f407xx.o(.text) refers (Special) to heapauxi.o(.text) for __use_two_region_memory
    startup_stm32f407xx.o(.text) refers to system_stm32f4xx.o(i.SystemInit) for SystemInit
    startup_stm32f407xx.o(.text) refers to __main.o(!!!main) for __main
    startup_stm32f407xx.o(.text) refers to startup_stm32f407xx.o(HEAP) for Heap_Mem
    startup_stm32f407xx.o(.text) refers to startup_stm32f407xx.o(STACK) for Stack_Mem
    main.o(i.SystemClock_Config) refers to rt_memclr_w.o(.text) for __aeabi_memclr4
    main.o(i.SystemClock_Config) refers to stm32f4xx_hal_rcc.o(i.HAL_RCC_OscConfig) for HAL_RCC_OscConfig
    main.o(i.SystemClock_Config) refers to stm32f4xx_hal_rcc.o(i.HAL_RCC_ClockConfig) for HAL_RCC_ClockConfig
    main.o(i.main) refers to stm32f4xx_hal.o(i.HAL_Init) for HAL_Init
    main.o(i.main) refers to main.o(i.SystemClock_Config) for SystemClock_Config
    main.o(i.main) refers to gpio.o(i.MX_GPIO_Init) for MX_GPIO_Init
    main.o(i.main) refers to dma.o(i.MX_DMA_Init) for MX_DMA_Init
    main.o(i.main) refers to usart.o(i.MX_USART1_UART_Init) for MX_USART1_UART_Init
    main.o(i.main) refers to usb_device.o(i.MX_USB_DEVICE_Init) for MX_USB_DEVICE_Init
    main.o(i.main) refers to usart.o(i.MX_USART3_UART_Init) for MX_USART3_UART_Init
    main.o(i.main) refers to uart1_dma.o(i.UART1_DmaCommInit) for UART1_DmaCommInit
    main.o(i.main) refers to stm32f4xx_hal.o(i.HAL_Delay) for HAL_Delay
    main.o(i.main) refers to emm_v5_app.o(i.Emm_V5_App_Init) for Emm_V5_App_Init
    main.o(i.main) refers to emm_v5.o(i.Emm_V5_Pos_Control) for Emm_V5_Pos_Control
    main.o(i.main) refers to emm_v5_app.o(i.Emm_V5_App_Task) for Emm_V5_App_Task
    main.o(i.make1) refers to main.o(i.make_axis) for make_axis
    main.o(i.make2) refers to main.o(i.make_axis) for make_axis
    main.o(i.make_axis) refers to emm_v5.o(i.Emm_V5_Pos_Control) for Emm_V5_Pos_Control
    gpio.o(i.MX_GPIO_Init) refers to rt_memclr_w.o(.text) for __aeabi_memclr4
    gpio.o(i.MX_GPIO_Init) refers to stm32f4xx_hal_gpio.o(i.HAL_GPIO_WritePin) for HAL_GPIO_WritePin
    gpio.o(i.MX_GPIO_Init) refers to stm32f4xx_hal_gpio.o(i.HAL_GPIO_Init) for HAL_GPIO_Init
    dma.o(i.MX_DMA_Init) refers to stm32f4xx_hal_cortex.o(i.HAL_NVIC_SetPriority) for HAL_NVIC_SetPriority
    dma.o(i.MX_DMA_Init) refers to stm32f4xx_hal_cortex.o(i.HAL_NVIC_EnableIRQ) for HAL_NVIC_EnableIRQ
    usart.o(i.HAL_UART_MspDeInit) refers to stm32f4xx_hal_gpio.o(i.HAL_GPIO_DeInit) for HAL_GPIO_DeInit
    usart.o(i.HAL_UART_MspDeInit) refers to stm32f4xx_hal_dma.o(i.HAL_DMA_DeInit) for HAL_DMA_DeInit
    usart.o(i.HAL_UART_MspDeInit) refers to stm32f4xx_hal_cortex.o(i.HAL_NVIC_DisableIRQ) for HAL_NVIC_DisableIRQ
[...]
    __rt_lib_init_exceptions_1               0x0800026b   Thumb Code     0  libinit2.o(.ARM.Collect$$libinit$$00000030)
    __rt_lib_init_fp_trap_1                  0x0800026b   Thumb Code     0  libinit2.o(.ARM.Collect$$libinit$$0000001F)
    __rt_lib_init_getenv_1                   0x0800026b   Thumb Code     0  libinit2.o(.ARM.Collect$$libinit$$00000023)
    __rt_lib_init_lc_ctype_1                 0x0800026b   Thumb Code     0  libinit2.o(.ARM.Collect$$libinit$$00000013)
    __rt_lib_init_lc_monetary_1              0x0800026b   Thumb Code     0  libinit2.o(.ARM.Collect$$libinit$$00000015)
    __rt_lib_init_lc_numeric_1               0x0800026b   Thumb Code     0  libinit2.o(.ARM.Collect$$libinit$$00000017)
    __rt_lib_init_lc_time_1                  0x0800026b   Thumb Code     0  libinit2.o(.ARM.Collect$$libinit$$00000019)
    __rt_lib_init_return                     0x0800026b   Thumb Code     0  libinit2.o(.ARM.Collect$$libinit$$00000033)
    __rt_lib_init_signal_1                   0x0800026b   Thumb Code     0  libinit2.o(.ARM.Collect$$libinit$$0000001D)
    __rt_lib_init_stdio_1                    0x0800026b   Thumb Code     0  libinit2.o(.ARM.Collect$$libinit$$00000025)
    __rt_lib_shutdown                        0x0800026d   Thumb Code     0  libshutdown.o(.ARM.Collect$$libshutdown$$00000000)
    __rt_lib_shutdown_fp_trap_1              0x0800026f   Thumb Code     0  libshutdown2.o(.ARM.Collect$$libshutdown$$00000006)
    __rt_lib_shutdown_heap_1                 0x0800026f   Thumb Code     0  libshutdown2.o(.ARM.Collect$$libshutdown$$0000000E)
    __rt_lib_shutdown_return                 0x0800026f   Thumb Code     0  libshutdown2.o(.ARM.Collect$$libshutdown$$0000000F)
    __rt_lib_shutdown_signal_1               0x0800026f   Thumb Code     0  libshutdown2.o(.ARM.Collect$$libshutdown$$00000009)
    __rt_lib_shutdown_stdio_1                0x0800026f   Thumb Code     0  libshutdown2.o(.ARM.Collect$$libshutdown$$00000003)
    __rt_lib_shutdown_user_alloc_1           0x0800026f   Thumb Code     0  libshutdown2.o(.ARM.Collect$$libshutdown$$0000000B)
    __rt_entry                               0x08000271   Thumb Code     0  __rtentry.o(.ARM.Collect$$rtentry$$00000000)
    __rt_entry_presh_1                       0x08000271   Thumb Code     0  __rtentry2.o(.ARM.Collect$$rtentry$$00000002)
    __rt_entry_sh                            0x08000271   Thumb Code     0  __rtentry4.o(.ARM.Collect$$rtentry$$00000004)
    __rt_entry_li                            0x08000277   Thumb Code     0  __rtentry2.o(.ARM.Collect$$rtentry$$0000000A)
    __rt_entry_postsh_1                      0x08000277   Thumb Code     0  __rtentry2.o(.ARM.Collect$$rtentry$$00000009)
    __rt_entry_main                          0x0800027b   Thumb Code     0  __rtentry2.o(.ARM.Collect$$rtentry$$0000000D)
    __rt_entry_postli_1                      0x0800027b   Thumb Code     0  __rtentry2.o(.ARM.Collect$$rtentry$$0000000C)
    __rt_exit                                0x08000283   Thumb Code     0  rtexit.o(.ARM.Collect$$rtexit$$00000000)
    __rt_exit_ls                             0x08000285   Thumb Code     0  rtexit2.o(.ARM.Collect$$rtexit$$00000003)
    __rt_exit_prels_1                        0x08000285   Thumb Code     0  rtexit2.o(.ARM.Collect$$rtexit$$00000002)
    __rt_exit_exit                           0x08000289   Thumb Code     0  rtexit2.o(.ARM.Collect$$rtexit$$00000004)
    Reset_Handler                            0x08000291   Thumb Code     8  startup_stm32f407xx.o(.text)
    ADC_IRQHandler                           0x080002ab   Thumb Code     0  startup_stm32f407xx.o(.text)
    CAN1_RX0_IRQHandler                      0x080002ab   Thumb Code     0  startup_stm32f407xx.o(.text)
    CAN1_RX1_IRQHandler                      0x080002ab   Thumb Code     0  startup_stm32f407xx.o(.text)
    CAN1_SCE_IRQHandler                      0x080002ab   Thumb Code     0  startup_stm32f407xx.o(.text)
    CAN1_TX_IRQHandler                       0x080002ab   Thumb Code     0  startup_stm32f407xx.o(.text)
    CAN2_RX0_IRQHandler                      0x080002ab   Thumb Code     0  startup_stm32f407xx.o(.text)
    CAN2_RX1_IRQHandler                      0x080002ab   Thumb Code     0  startup_stm32f407xx.o(.text)
    CAN2_SCE_IRQHandler                      0x080002ab   Thumb Code     0  startup_stm32f407xx.o(.text)
    CAN2_TX_IRQHandler                       0x080002ab   Thumb Code     0  startup_stm32f407xx.o(.text)
    DCMI_IRQHandler                          0x080002ab   Thumb Code     0  startup_stm32f407xx.o(.text)
    DMA1_Stream0_IRQHandler                  0x080002ab   Thumb Code     0  startup_stm32f407xx.o(.text)
    DMA1_Stream2_IRQHandler                  0x080002ab   Thumb Code     0  startup_stm32f407xx.o(.text)
    DMA1_Stream4_IRQHandler                  0x080002ab   Thumb Code     0  startup_stm32f407xx.o(.text)
    DMA1_Stream5_IRQHandler                  0x080002ab   Thumb Code     0  startup_stm32f407xx.o(.text)
    DMA1_Stream6_IRQHandler                  0x080002ab   Thumb Code     0  startup_stm32f407xx.o(.text)
    DMA1_Stream7_IRQHandler                  0x080002ab   Thumb Code     0  startup_stm32f407xx.o(.text)
    DMA2_Stream0_IRQHandler                  0x080002ab   Thumb Code     0  startup_stm32f407xx.o(.text)
    DMA2_Stream1_IRQHandler                  0x080002ab   Thumb Code     0  startup_stm32f407xx.o(.text)
    DMA2_Stream3_IRQHandler                  0x080002ab   Thumb Code     0  startup_stm32f407xx.o(.text)
    DMA2_Stream4_IRQHandler                  0x080002ab   Thumb Code     0  startup_stm32f407xx.o(.text)
    DMA2_Stream5_IRQHandler                  0x080002ab   Thumb Code     0  startup_stm32f407xx.o(.text)
    DMA2_Stream6_IRQHandler                  0x080002ab   Thumb Code     0  startup_stm32f407xx.o(.text)
    ETH_IRQHandler                           0x080002ab   Thumb Code     0  startup_stm32f407xx.o(.text)
    ETH_WKUP_IRQHandler                      0x080002ab   Thumb Code     0  startup_stm32f407xx.o(.text)
    EXTI0_IRQHandler                         0x080002ab   Thumb Code     0  startup_stm32f407xx.o(.text)
    EXTI15_10_IRQHandler                     0x080002ab   Thumb Code     0  startup_stm32f407xx.o(.text)
    EXTI1_IRQHandler                         0x080002ab   Thumb Code     0  startup_stm32f407xx.o(.text)
    EXTI2_IRQHandler                         0x080002ab   Thumb Code     0  startup_stm32f407xx.o(.text)
    EXTI3_IRQHandler                         0x080002ab   Thumb Code     0  startup_stm32f407xx.o(.text)
    EXTI4_IRQHandler                         0x080002ab   Thumb Code     0  startup_stm32f407xx.o(.text)
    EXTI9_5_IRQHandler                       0x080002ab   Thumb Code     0  startup_stm32f407xx.o(.text)
    FLASH_IRQHandler                         0x080002ab   Thumb Code     0  startup_stm32f407xx.o(.text)
    FMC_IRQHandler                           0x080002ab   Thumb Code     0  startup_stm32f407xx.o(.text)
    FPU_IRQHandler                           0x080002ab   Thumb Code     0  startup_stm32f407xx.o(.text)
    HASH_RNG_IRQHandler                      0x080002ab   Thumb Code     0  startup_stm32f407xx.o(.text)
    I2C1_ER_IRQHandler                       0x080002ab   Thumb Code     0  startup_stm32f407xx.o(.text)
    I2C1_EV_IRQHandler                       0x080002ab   Thumb Code     0  startup_stm32f407xx.o(.text)
    I2C2_ER_IRQHandler                       0x080002ab   Thumb Code     0  startup_stm32f407xx.o(.text)
    I2C2_EV_IRQHandler                       0x080002ab   Thumb Code     0  startup_stm32f407xx.o(.text)
    I2C3_ER_IRQHandler                       0x080002ab   Thumb Code     0  startup_stm32f407xx.o(.text)
    I2C3_EV_IRQHandler                       0x080002ab   Thumb Code     0  startup_stm32f407xx.o(.text)
    OTG_FS_WKUP_IRQHandler                   0x080002ab   Thumb Code     0  startup_stm32f407xx.o(.text)
    OTG_HS_EP1_IN_IRQHandler                 0x080002ab   Thumb Code     0  startup_stm32f407xx.o(.text)
    OTG_HS_EP1_OUT_IRQHandler                0x080002ab   Thumb Code     0  startup_stm32f407xx.o(.text)
    OTG_HS_IRQHandler                        0x080002ab   Thumb Code     0  startup_stm32f407xx.o(.text)
    OTG_HS_WKUP_IRQHandler                   0x080002ab   Thumb Code     0  startup_stm32f407xx.o(.text)
    PVD_IRQHandler                           0x080002ab   Thumb Code     0  startup_stm32f407xx.o(.text)
    RCC_IRQHandler                           0x080002ab   Thumb Code     0  startup_stm32f407xx.o(.text)
    RTC_Alarm_IRQHandler                     0x080002ab   Thumb Code     0  startup_stm32f407xx.o(.text)
    RTC_WKUP_IRQHandler                      0x080002ab   Thumb Code     0  startup_stm32f407xx.o(.text)
    SDIO_IRQHandler                          0x080002ab   Thumb Code     0  startup_stm32f407xx.o(.text)
    SPI1_IRQHandler                          0x080002ab   Thumb Code     0  startup_stm32f407xx.o(.text)
    SPI2_IRQHandler                          0x080002ab   Thumb Code     0  startup_stm32f407xx.o(.text)
    SPI3_IRQHandler                          0x080002ab   Thumb Code     0  startup_stm32f407xx.o(.text)
    TAMP_STAMP_IRQHandler                    0x080002ab   Thumb Code     0  startup_stm32f407xx.o(.text)
    TIM1_BRK_TIM9_IRQHandler                 0x080002ab   Thumb Code     0  startup_stm32f407xx.o(.text)
    TIM1_CC_IRQHandler                       0x080002ab   Thumb Code     0  startup_stm32f407xx.o(.text)
    TIM1_TRG_COM_TIM11_IRQHandler            0x080002ab   Thumb Code     0  startup_stm32f407xx.o(.text)
    TIM1_UP_TIM10_IRQHandler                 0x080002ab   Thumb Code     0  startup_stm32f407xx.o(.text)
    TIM2_IRQHandler                          0x080002ab   Thumb Code     0  startup_stm32f407xx.o(.text)
    TIM3_IRQHandler                          0x080002ab   Thumb Code     0  startup_stm32f407xx.o(.text)
    TIM4_IRQHandler                          0x080002ab   Thumb Code     0  startup_stm32f407xx.o(.text)
    TIM5_IRQHandler                          0x080002ab   Thumb Code     0  startup_stm32f407xx.o(.text)
    TIM6_DAC_IRQHandler                      0x080002ab   Thumb Code     0  startup_stm32f407xx.o(.text)
    TIM7_IRQHandler                          0x080002ab   Thumb Code     0  startup_stm32f407xx.o(.text)
    TIM8_BRK_TIM12_IRQHandler                0x080002ab   Thumb Code     0  startup_stm32f407xx.o(.text)
    TIM8_CC_IRQHandler                       0x080002ab   Thumb Code     0  startup_stm32f407xx.o(.text)
    TIM8_TRG_COM_TIM14_IRQHandler            0x080002ab   Thumb Code     0  startup_stm32f407xx.o(.text)
    TIM8_UP_TIM13_IRQHandler                 0x080002ab   Thumb Code     0  startup_stm32f407xx.o(.text)
    UART4_IRQHandler                         0x080002ab   Thumb Code     0  startup_stm32f407xx.o(.text)
    UART5_IRQHandler                         0x080002ab   Thumb Code     0  startup_stm32f407xx.o(.text)
    USART2_IRQHandler                        0x080002ab   Thumb Code     0  startup_stm32f407xx.o(.text)
    USART3_IRQHandler                        0x080002ab   Thumb Code     0  startup_stm32f407xx.o(.text)
    USART6_IRQHandler                        0x080002ab   Thumb Code     0  startup_stm32f407xx.o(.text)
    WWDG_IRQHandler                          0x080002ab   Thumb Code     0  startup_stm32f407xx.o(.text)
    __user_initial_stackheap                 0x080002ad   Thumb Code     0  startup_stm32f407xx.o(.text)
    __aeabi_uldivmod                         0x080002d1   Thumb Code     0  lludivv7m.o(.text)
    _ll_udiv                                 0x080002d1   Thumb Code   238  lludivv7m.o(.text)
    __2snprintf                              0x080003c1   Thumb Code    48  noretval__2snprintf.o(.text)
    _printf_pre_padding                      0x080003f5   Thumb Code    44  _printf_pad.o(.text)
    _printf_post_padding                     0x08000421   Thumb Code    34  _printf_pad.o(.text)
    _printf_int_dec                          0x08000445   Thumb Code   104  _printf_dec.o(.text)
    _printf_int_hex                          0x080004bd   Thumb Code    84  _printf_hex_int.o(.text)
    _printf_longlong_hex                     0x080004bd   Thumb Code     0  _printf_hex_int.o(.text)
    __printf                                 0x08000515   Thumb Code   388  __printf_flags_ss_wp.o(.text)
    __0sscanf                                0x0800069d   Thumb Code    52  __0sscanf.o(.text)
    _scanf_int                               0x080006d9   Thumb Code   332  _scanf_int.o(.text)
    _scanf_string                            0x08000825   Thumb Code   224  _scanf_str.o(.text)
    __aeabi_memcpy                           0x08000905   Thumb Code     0  rt_memcpy_v6.o(.text)
    __rt_memcpy                              0x08000905   Thumb Code   138  rt_memcpy_v6.o(.text)
    _memcpy_lastbytes                        0x0800096b   Thumb Code     0  rt_memcpy_v6.o(.text)
    __aeabi_memclr                           0x0800098f   Thumb Code     0  rt_memclr.o(.text)
    __rt_memclr                              0x0800098f   Thumb Code    68  rt_memclr.o(.text)
    _memset                                  0x08000993   Thumb Code     0  rt_memclr.o(.text)
    __aeabi_memclr4                          0x080009d3   Thumb Code     0  rt_memclr_w.o(.text)
    __aeabi_memclr8                          0x080009d3   Thumb Code     0  rt_memclr_w.o(.text)
    __rt_memclr_w                            0x080009d3   Thumb Code    78  rt_memclr_w.o(.text)
    _memset_w                                0x080009d7   Thumb Code     0  rt_memclr_w.o(.text)
    strcmp                                   0x08000a21   Thumb Code   128  strcmpv7m.o(.text)
    __use_two_region_memory                  0x08000aa1   Thumb Code     2  heapauxi.o(.text)
    __rt_heap_escrow$2region                 0x08000aa3   Thumb Code     2  heapauxi.o(.text)
    __rt_heap_expand$2region                 0x08000aa5   Thumb Code     2  heapauxi.o(.text)
    _printf_int_common                       0x08000aa7   Thumb Code   178  _printf_intcommon.o(.text)
    _printf_char_common                      0x08000b63   Thumb Code    32  _printf_char_common.o(.text)
    _sputc                                   0x08000b89   Thumb Code    10  _sputc.o(.text)
    _snputc                                  0x08000b93   Thumb Code    16  _snputc.o(.text)
    _chval                                   0x08000ba3   Thumb Code    28  _chval.o(.text)
    __vfscanf_char                           0x08000bcd   Thumb Code    24  scanf_char.o(.text)
    _sgetc                                   0x08000bed   Thumb Code    30  _sgetc.o(.text)
    _sbackspace                              0x08000c0b   Thumb Code    34  _sgetc.o(.text)
    __aeabi_memcpy4                          0x08000c2d   Thumb Code     0  rt_memcpy_w.o(.text)
    __aeabi_memcpy8                          0x08000c2d   Thumb Code     0  rt_memcpy_w.o(.text)
    __rt_memcpy_w                            0x08000c2d   Thumb Code   100  rt_memcpy_w.o(.text)
    _memcpy_lastbytes_aligned                0x08000c75   Thumb Code     0  rt_memcpy_w.o(.text)
    isspace                                  0x08000c91   Thumb Code    18  isspace.o(.text)
    __vfscanf                                0x08000ca5   Thumb Code   878  _scanf.o(.text)
    __user_setup_stackheap                   0x08001019   Thumb Code    74  sys_stackheap_outer.o(.text)
    __rt_ctype_table                         0x08001065   Thumb Code    16  rt_ctype_table.o(.text)
    exit                                     0x08001075   Thumb Code    12  exit.o(.text)
    __user_libspace                          0x08001081   Thumb Code     8  libspace.o(.text)
    __user_perproc_libspace                  0x08001081   Thumb Code     0  libspace.o(.text)
    __user_perthread_libspace                0x08001081   Thumb Code     0  libspace.o(.text)
    __rt_locale                              0x08001089   Thumb Code     8  rt_locale_intlibspace.o(.text)
    _sys_exit                                0x08001091   Thumb Code     8  sys_exit.o(.text)
    __I$use$semihosting                      0x0800109d   Thumb Code     0  use_no_semi.o(.text)
    __use_no_semihosting_swi                 0x0800109d   Thumb Code     2  use_no_semi.o(.text)
    BusFault_Handler                         0x0800109f   Thumb Code     2  stm32f4xx_it.o(i.BusFault_Handler)
    __semihosting_library_function           0x0800109f   Thumb Code     0  indicate_semi.o(.text)
    CDC_Transmit_FS                          0x080010f1   Thumb Code    38  usbd_cdc_if.o(i.CDC_Transmit_FS)
    DMA1_Stream1_IRQHandler                  0x0800111d   Thumb Code     6  stm32f4xx_it.o(i.DMA1_Stream1_IRQHandler)
    DMA1_Stream3_IRQHandler                  0x08001129   Thumb Code     6  stm32f4xx_it.o(i.DMA1_Stream3_IRQHandler)
    DMA2_Stream2_IRQHandler                  0x08001135   Thumb Code     6  stm32f4xx_it.o(i.DMA2_Stream2_IRQHandler)
    DMA2_Stream7_IRQHandler                  0x08001141   Thumb Code     6  stm32f4xx_it.o(i.DMA2_Stream7_IRQHandler)
    DebugMon_Handler                         0x080011f1   Thumb Code     2  stm32f4xx_it.o(i.DebugMon_Handler)
    Emm_V5_App_Init                          0x080014d1   Thumb Code   190  emm_v5_app.o(i.Emm_V5_App_Init)
    Emm_V5_App_SetEnable                     0x08001ca5   Thumb Code    54  emm_v5_app.o(i.Emm_V5_App_SetEnable)
    Emm_V5_App_SetVelocity                   0x08001ce1   Thumb Code    54  emm_v5_app.o(i.Emm_V5_App_SetVelocity)
    Emm_V5_App_Stop                          0x08001d41   Thumb Code    54  emm_v5_app.o(i.Emm_V5_App_Stop)
    Emm_V5_App_Task                          0x08001d7d   Thumb Code   288  emm_v5_app.o(i.Emm_V5_App_Task)
    Emm_V5_App_USB_CDC_Input                 0x08001ea9   Thumb Code   116  emm_v5_app.o(i.Emm_V5_App_USB_CDC_Input)
    Emm_V5_En_Control                        0x08002035   Thumb Code    28  emm_v5.o(i.Emm_V5_En_Control)
    Emm_V5_Pos_Control                       0x08002055   Thumb Code    58  emm_v5.o(i.Emm_V5_Pos_Control)
    Emm_V5_Reset_CurPos_To_Zero              0x08002095   Thumb Code    24  emm_v5.o(i.Emm_V5_Reset_CurPos_To_Zero)
    Emm_V5_Stop_Now                          0x080020b5   Thumb Code    26  emm_v5.o(i.Emm_V5_Stop_Now)
    Emm_V5_Vel_Control                       0x080020d5   Thumb Code    38  emm_v5.o(i.Emm_V5_Vel_Control)
    Error_Handler                            0x08002101   Thumb Code     4  main.o(i.Error_Handler)
    HAL_DMA_Abort                            0x08002105   Thumb Code   146  stm32f4xx_hal_dma.o(i.HAL_DMA_Abort)
    HAL_DMA_Abort_IT                         0x08002197   Thumb Code    36  stm32f4xx_hal_dma.o(i.HAL_DMA_Abort_IT)
    HAL_DMA_GetError                         0x080021bb   Thumb Code     4  stm32f4xx_hal_dma.o(i.HAL_DMA_GetError)
    HAL_DMA_IRQHandler                       0x080021c1   Thumb Code   412  stm32f4xx_hal_dma.o(i.HAL_DMA_IRQHandler)
    HAL_DMA_Init                             0x08002361   Thumb Code   206  stm32f4xx_hal_dma.o(i.HAL_DMA_Init)
    HAL_DMA_Start_IT                         0x08002435   Thumb Code   110  stm32f4xx_hal_dma.o(i.HAL_DMA_Start_IT)
    HAL_Delay                                0x080024a5   Thumb Code    32  stm32f4xx_hal.o(i.HAL_Delay)
    HAL_GPIO_Init                            0x080024c9   Thumb Code   450  stm32f4xx_hal_gpio.o(i.HAL_GPIO_Init)
    HAL_GPIO_WritePin                        0x080026b9   Thumb Code    10  stm32f4xx_hal_gpio.o(i.HAL_GPIO_WritePin)
    HAL_GetTick                              0x080026c5   Thumb Code     6  stm32f4xx_hal.o(i.HAL_GetTick)
    HAL_IncTick                              0x080026d1   Thumb Code    12  stm32f4xx_hal.o(i.HAL_IncTick)
    HAL_Init                                 0x080026e1   Thumb Code    48  stm32f4xx_hal.o(i.HAL_Init)
    HAL_InitTick                             0x08002715   Thumb Code    54  stm32f4xx_hal.o(i.HAL_InitTick)
    HAL_MspInit                              0x08002755   Thumb Code    42  stm32f4xx_hal_msp.o(i.HAL_MspInit)
    HAL_NVIC_EnableIRQ                       0x08002785   Thumb Code    26  stm32f4xx_hal_cortex.o(i.HAL_NVIC_EnableIRQ)
    HAL_NVIC_SetPriority                     0x080027a1   Thumb Code    60  stm32f4xx_hal_cortex.o(i.HAL_NVIC_SetPriority)
    HAL_NVIC_SetPriorityGrouping             0x080027e1   Thumb Code    26  stm32f4xx_hal_cortex.o(i.HAL_NVIC_SetPriorityGrouping)
    HAL_PCDEx_LPM_Callback                   0x08002805   Thumb Code     2  stm32f4xx_hal_pcd_ex.o(i.HAL_PCDEx_LPM_Callback)
    HAL_PCDEx_SetRxFiFo                      0x08002807   Thumb Code     8  stm32f4xx_hal_pcd_ex.o(i.HAL_PCDEx_SetRxFiFo)
    HAL_PCDEx_SetTxFiFo                      0x0800280f   Thumb Code    68  stm32f4xx_hal_pcd_ex.o(i.HAL_PCDEx_SetTxFiFo)
    HAL_PCD_ConnectCallback                  0x08002853   Thumb Code     8  usbd_conf.o(i.HAL_PCD_ConnectCallback)
    HAL_PCD_DataInStageCallback              0x0800285b   Thumb Code    18  usbd_conf.o(i.HAL_PCD_DataInStageCallback)
    HAL_PCD_DataOutStageCallback             0x0800286d   Thumb Code    20  usbd_conf.o(i.HAL_PCD_DataOutStageCallback)
    HAL_PCD_DisconnectCallback               0x08002881   Thumb Code     8  usbd_conf.o(i.HAL_PCD_DisconnectCallback)
    HAL_PCD_EP_Abort                         0x08002889   Thumb Code    30  stm32f4xx_hal_pcd.o(i.HAL_PCD_EP_Abort)
    HAL_PCD_EP_Close                         0x080028a7   Thumb Code    74  stm32f4xx_hal_pcd.o(i.HAL_PCD_EP_Close)
    HAL_PCD_EP_ClrStall                      0x080028f1   Thumb Code    90  stm32f4xx_hal_pcd.o(i.HAL_PCD_EP_ClrStall)
    HAL_PCD_EP_GetRxCount                    0x0800294b   Thumb Code    18  stm32f4xx_hal_pcd.o(i.HAL_PCD_EP_GetRxCount)
    HAL_PCD_EP_Open                          0x0800295d   Thumb Code    98  stm32f4xx_hal_pcd.o(i.HAL_PCD_EP_Open)
    HAL_PCD_EP_Receive                       0x080029bf   Thumb Code    56  stm32f4xx_hal_pcd.o(i.HAL_PCD_EP_Receive)
    HAL_PCD_EP_SetStall                      0x080029f7   Thumb Code   114  stm32f4xx_hal_pcd.o(i.HAL_PCD_EP_SetStall)
    HAL_PCD_EP_Transmit                      0x08002a69   Thumb Code    50  stm32f4xx_hal_pcd.o(i.HAL_PCD_EP_Transmit)
    HAL_PCD_IRQHandler                       0x08002a9d   Thumb Code  1372  stm32f4xx_hal_pcd.o(i.HAL_PCD_IRQHandler)
    HAL_PCD_ISOINIncompleteCallback          0x08002ff9   Thumb Code     8  usbd_conf.o(i.HAL_PCD_ISOINIncompleteCallback)
    HAL_PCD_ISOOUTIncompleteCallback         0x08003001   Thumb Code     8  usbd_conf.o(i.HAL_PCD_ISOOUTIncompleteCallback)
    HAL_PCD_Init                             0x08003009   Thumb Code   204  stm32f4xx_hal_pcd.o(i.HAL_PCD_Init)
    HAL_PCD_MspInit                          0x080030d5   Thumb Code   122  usbd_conf.o(i.HAL_PCD_MspInit)
    HAL_PCD_ResetCallback                    0x08003159   Thumb Code    44  usbd_conf.o(i.HAL_PCD_ResetCallback)
    HAL_PCD_ResumeCallback                   0x08003185   Thumb Code     8  usbd_conf.o(i.HAL_PCD_ResumeCallback)
    HAL_PCD_SOFCallback                      0x0800318d   Thumb Code     8  usbd_conf.o(i.HAL_PCD_SOFCallback)
    HAL_PCD_SetAddress                       0x08003195   Thumb Code    38  stm32f4xx_hal_pcd.o(i.HAL_PCD_SetAddress)
    HAL_PCD_SetupStageCallback               0x080031bb   Thumb Code    14  usbd_conf.o(i.HAL_PCD_SetupStageCallback)
    HAL_PCD_Start                            0x080031c9   Thumb Code    66  stm32f4xx_hal_pcd.o(i.HAL_PCD_Start)
    HAL_PCD_SuspendCallback                  0x0800320d   Thumb Code    44  usbd_conf.o(i.HAL_PCD_SuspendCallback)
    HAL_RCC_ClockConfig                      0x0800323d   Thumb Code   288  stm32f4xx_hal_rcc.o(i.HAL_RCC_ClockConfig)
    HAL_RCC_GetHCLKFreq                      0x08003371   Thumb Code     6  stm32f4xx_hal_rcc.o(i.HAL_RCC_GetHCLKFreq)
    HAL_RCC_GetPCLK1Freq                     0x0800337d   Thumb Code    20  stm32f4xx_hal_rcc.o(i.HAL_RCC_GetPCLK1Freq)
    HAL_RCC_GetPCLK2Freq                     0x0800339d   Thumb Code    20  stm32f4xx_hal_rcc.o(i.HAL_RCC_GetPCLK2Freq)
    HAL_RCC_GetSysClockFreq                  0x080033bd   Thumb Code    88  stm32f4xx_hal_rcc.o(i.HAL_RCC_GetSysClockFreq)
    HAL_RCC_OscConfig                        0x0800341d   Thumb Code   856  stm32f4xx_hal_rcc.o(i.HAL_RCC_OscConfig)
    HAL_SYSTICK_Config                       0x08003789   Thumb Code    40  stm32f4xx_hal_cortex.o(i.HAL_SYSTICK_Config)
    HAL_UARTEx_RxEventCallback               0x080037b1   Thumb Code     2  stm32f4xx_hal_uart.o(i.HAL_UARTEx_RxEventCallback)
    HAL_UART_AbortReceive                    0x080037b3   Thumb Code   148  stm32f4xx_hal_uart.o(i.HAL_UART_AbortReceive)
    HAL_UART_ErrorCallback                   0x08003849   Thumb Code    44  uart1_dma.o(i.HAL_UART_ErrorCallback)
    HAL_UART_IRQHandler                      0x0800387d   Thumb Code   636  stm32f4xx_hal_uart.o(i.HAL_UART_IRQHandler)
    HAL_UART_Init                            0x08003afd   Thumb Code   100  stm32f4xx_hal_uart.o(i.HAL_UART_Init)
    HAL_UART_MspInit                         0x08003b61   Thumb Code   368  usart.o(i.HAL_UART_MspInit)
    HAL_UART_Receive_DMA                     0x08003cf5   Thumb Code    28  stm32f4xx_hal_uart.o(i.HAL_UART_Receive_DMA)
    HAL_UART_RxCpltCallback                  0x08003d11   Thumb Code    12  uart1_dma.o(i.HAL_UART_RxCpltCallback)
    HAL_UART_RxHalfCpltCallback              0x08003d21   Thumb Code    12  uart1_dma.o(i.HAL_UART_RxHalfCpltCallback)
    HAL_UART_Transmit                        0x08003d31   Thumb Code   160  stm32f4xx_hal_uart.o(i.HAL_UART_Transmit)
    HAL_UART_Transmit_DMA                    0x08003dd1   Thumb Code   120  stm32f4xx_hal_uart.o(i.HAL_UART_Transmit_DMA)
    HAL_UART_TxCpltCallback                  0x08003e55   Thumb Code    60  uart1_dma.o(i.HAL_UART_TxCpltCallback)
    HAL_UART_TxHalfCpltCallback              0x08003e9d   Thumb Code     2  stm32f4xx_hal_uart.o(i.HAL_UART_TxHalfCpltCallback)
    HardFault_Handler                        0x08003e9f   Thumb Code     2  stm32f4xx_it.o(i.HardFault_Handler)
    MX_DMA_Init                              0x08003ed9   Thumb Code   104  dma.o(i.MX_DMA_Init)
    MX_GPIO_Init                             0x08003f45   Thumb Code   130  gpio.o(i.MX_GPIO_Init)
    MX_USART1_UART_Init                      0x08003fd1   Thumb Code    48  usart.o(i.MX_USART1_UART_Init)
    MX_USART3_UART_Init                      0x08004009   Thumb Code    48  usart.o(i.MX_USART3_UART_Init)
    MX_USB_DEVICE_Init                       0x08004041   Thumb Code    66  usb_device.o(i.MX_USB_DEVICE_Init)
    MemManage_Handler                        0x08004095   Thumb Code     2  stm32f4xx_it.o(i.MemManage_Handler)
    NMI_Handler                              0x08004097   Thumb Code     2  stm32f4xx_it.o(i.NMI_Handler)
    OTG_FS_IRQHandler                        0x08004099   Thumb Code     6  stm32f4xx_it.o(i.OTG_FS_IRQHandler)
    PendSV_Handler                           0x08004213   Thumb Code     2  stm32f4xx_it.o(i.PendSV_Handler)
    SVC_Handler                              0x08004215   Thumb Code     2  stm32f4xx_it.o(i.SVC_Handler)
    SysTick_Handler                          0x08004221   Thumb Code     4  stm32f4xx_it.o(i.SysTick_Handler)
    SystemClock_Config                       0x08004225   Thumb Code   140  main.o(i.SystemClock_Config)
    SystemInit                               0x080042b9   Thumb Code    12  system_stm32f4xx.o(i.SystemInit)
    UART1_DmaCommInit                        0x080042c9   Thumb Code    96  uart1_dma.o(i.UART1_DmaCommInit)
    UART1_DmaGetDebugInfo                    0x08004339   Thumb Code   120  uart1_dma.o(i.UART1_DmaGetDebugInfo)
    UART1_DmaIrqHandler                      0x080043b9   Thumb Code    36  uart1_dma.o(i.UART1_DmaIrqHandler)
    UART1_DmaTxEnqueue                       0x080043e1   Thumb Code   190  uart1_dma.o(i.UART1_DmaTxEnqueue)
    UART_Start_Receive_DMA                   0x08004931   Thumb Code   146  stm32f4xx_hal_uart.o(i.UART_Start_Receive_DMA)
    USART1_IRQHandler                        0x08004a45   Thumb Code    16  stm32f4xx_it.o(i.USART1_IRQHandler)
    USBD_CDC_GetDeviceQualifierDescriptor    0x08004bd9   Thumb Code     8  usbd_cdc.o(i.USBD_CDC_GetDeviceQualifierDescriptor)
    USBD_CDC_ReceivePacket                   0x08004dbd   Thumb Code    50  usbd_cdc.o(i.USBD_CDC_ReceivePacket)
    USBD_CDC_RegisterInterface               0x08004df5   Thumb Code    22  usbd_cdc.o(i.USBD_CDC_RegisterInterface)
    USBD_CDC_SetRxBuffer                     0x08004e0b   Thumb Code    26  usbd_cdc.o(i.USBD_CDC_SetRxBuffer)
    USBD_CDC_SetTxBuffer                     0x08004e25   Thumb Code    30  usbd_cdc.o(i.USBD_CDC_SetTxBuffer)
    USBD_CDC_TransmitPacket                  0x08004f19   Thumb Code    76  usbd_cdc.o(i.USBD_CDC_TransmitPacket)
    USBD_ClrClassConfig                      0x08004f69   Thumb Code    20  usbd_core.o(i.USBD_ClrClassConfig)
    USBD_CoreFindEP                          0x08004f7d   Thumb Code     4  usbd_core.o(i.USBD_CoreFindEP)
    USBD_CoreFindIF                          0x08004f81   Thumb Code     4  usbd_core.o(i.USBD_CoreFindIF)
    USBD_CtlContinueRx                       0x08004f85   Thumb Code    16  usbd_ioreq.o(i.USBD_CtlContinueRx)
    USBD_CtlContinueSendData                 0x08004f95   Thumb Code    16  usbd_ioreq.o(i.USBD_CtlContinueSendData)
    USBD_CtlError                            0x08004fa5   Thumb Code    22  usbd_ctlreq.o(i.USBD_CtlError)
    USBD_CtlPrepareRx                        0x08004fbb   Thumb Code    34  usbd_ioreq.o(i.USBD_CtlPrepareRx)
    USBD_CtlReceiveStatus                    0x08004fdd   Thumb Code    22  usbd_ioreq.o(i.USBD_CtlReceiveStatus)
    USBD_CtlSendData                         0x08004ff3   Thumb Code    28  usbd_ioreq.o(i.USBD_CtlSendData)
    USBD_CtlSendStatus                       0x0800500f   Thumb Code    22  usbd_ioreq.o(i.USBD_CtlSendStatus)
    USBD_FS_ConfigStrDescriptor              0x08005025   Thumb Code    16  usbd_desc.o(i.USBD_FS_ConfigStrDescriptor)
    USBD_FS_DeviceDescriptor                 0x08005045   Thumb Code     8  usbd_desc.o(i.USBD_FS_DeviceDescriptor)
    USBD_FS_InterfaceStrDescriptor           0x08005051   Thumb Code    16  usbd_desc.o(i.USBD_FS_InterfaceStrDescriptor)
    USBD_FS_LangIDStrDescriptor              0x08005075   Thumb Code     8  usbd_desc.o(i.USBD_FS_LangIDStrDescriptor)
    USBD_FS_ManufacturerStrDescriptor        0x08005081   Thumb Code    16  usbd_desc.o(i.USBD_FS_ManufacturerStrDescriptor)
    USBD_FS_ProductStrDescriptor             0x080050a9   Thumb Code    16  usbd_desc.o(i.USBD_FS_ProductStrDescriptor)
    USBD_FS_SerialStrDescriptor              0x080050d5   Thumb Code    48  usbd_desc.o(i.USBD_FS_SerialStrDescriptor)
    USBD_GetEpDesc                           0x080051f3   Thumb Code    58  usbd_core.o(i.USBD_GetEpDesc)
    USBD_GetNextDesc                         0x08005241   Thumb Code    14  usbd_core.o(i.USBD_GetNextDesc)
    USBD_GetString                           0x0800524f   Thumb Code    78  usbd_ctlreq.o(i.USBD_GetString)
    USBD_Get_USB_Status                      0x0800529d   Thumb Code    24  usbd_conf.o(i.USBD_Get_USB_Status)
    USBD_Init                                0x080052b5   Thumb Code    38  usbd_core.o(i.USBD_Init)
    USBD_LL_ClearStallEP                     0x080052db   Thumb Code    18  usbd_conf.o(i.USBD_LL_ClearStallEP)
    USBD_LL_CloseEP                          0x080052ed   Thumb Code    18  usbd_conf.o(i.USBD_LL_CloseEP)
    USBD_LL_DataInStage                      0x080052ff   Thumb Code   184  usbd_core.o(i.USBD_LL_DataInStage)
    USBD_LL_DataOutStage                     0x080053b7   Thumb Code   148  usbd_core.o(i.USBD_LL_DataOutStage)
    USBD_LL_DevConnected                     0x0800544b   Thumb Code     4  usbd_core.o(i.USBD_LL_DevConnected)
    USBD_LL_DevDisconnected                  0x0800544f   Thumb Code    30  usbd_core.o(i.USBD_LL_DevDisconnected)
    USBD_LL_GetRxDataSize                    0x0800546d   Thumb Code     8  usbd_conf.o(i.USBD_LL_GetRxDataSize)
    USBD_LL_Init                             0x08005475   Thumb Code    90  usbd_conf.o(i.USBD_LL_Init)
    USBD_LL_IsStallEP                        0x080054d5   Thumb Code    30  usbd_conf.o(i.USBD_LL_IsStallEP)
    USBD_LL_IsoINIncomplete                  0x080054f3   Thumb Code    40  usbd_core.o(i.USBD_LL_IsoINIncomplete)
    USBD_LL_IsoOUTIncomplete                 0x0800551b   Thumb Code    40  usbd_core.o(i.USBD_LL_IsoOUTIncomplete)
    USBD_LL_OpenEP                           0x08005543   Thumb Code    24  usbd_conf.o(i.USBD_LL_OpenEP)
    USBD_LL_PrepareReceive                   0x0800555b   Thumb Code    18  usbd_conf.o(i.USBD_LL_PrepareReceive)
    USBD_LL_Reset                            0x0800556d   Thumb Code    94  usbd_core.o(i.USBD_LL_Reset)
    USBD_LL_Resume                           0x080055cb   Thumb Code    20  usbd_core.o(i.USBD_LL_Resume)
    USBD_LL_SOF                              0x080055df   Thumb Code    26  usbd_core.o(i.USBD_LL_SOF)
    USBD_LL_SetSpeed                         0x080055f9   Thumb Code     6  usbd_core.o(i.USBD_LL_SetSpeed)
    USBD_LL_SetUSBAddress                    0x080055ff   Thumb Code    18  usbd_conf.o(i.USBD_LL_SetUSBAddress)
    USBD_LL_SetupStage                       0x08005611   Thumb Code    96  usbd_core.o(i.USBD_LL_SetupStage)
    USBD_LL_StallEP                          0x08005671   Thumb Code    18  usbd_conf.o(i.USBD_LL_StallEP)
    USBD_LL_Start                            0x08005683   Thumb Code    18  usbd_conf.o(i.USBD_LL_Start)
    USBD_LL_Suspend                          0x08005695   Thumb Code    26  usbd_core.o(i.USBD_LL_Suspend)
    USBD_LL_Transmit                         0x080056af   Thumb Code    18  usbd_conf.o(i.USBD_LL_Transmit)
    USBD_ParseSetupRequest                   0x080056c1   Thumb Code    44  usbd_ctlreq.o(i.USBD_ParseSetupRequest)
    USBD_RegisterClass                       0x080056ed   Thumb Code    58  usbd_core.o(i.USBD_RegisterClass)
    USBD_SetClassConfig                      0x08005727   Thumb Code    20  usbd_core.o(i.USBD_SetClassConfig)
    USBD_Start                               0x080057f5   Thumb Code     4  usbd_core.o(i.USBD_Start)
    USBD_StdDevReq                           0x080057f9   Thumb Code   300  usbd_ctlreq.o(i.USBD_StdDevReq)
    USBD_StdEPReq                            0x08005925   Thumb Code   358  usbd_ctlreq.o(i.USBD_StdEPReq)
    USBD_StdItfReq                           0x08005a8b   Thumb Code   114  usbd_ctlreq.o(i.USBD_StdItfReq)
    USBD_static_free                         0x08005afd   Thumb Code     2  usbd_conf.o(i.USBD_static_free)
    USBD_static_malloc                       0x08005b01   Thumb Code     4  usbd_conf.o(i.USBD_static_malloc)
    USB_ActivateEndpoint                     0x08005b09   Thumb Code   122  stm32f4xx_ll_usb.o(i.USB_ActivateEndpoint)
    USB_ActivateSetup                        0x08005b89   Thumb Code    28  stm32f4xx_ll_usb.o(i.USB_ActivateSetup)
    USB_CoreInit                             0x08005ba5   Thumb Code   126  stm32f4xx_ll_usb.o(i.USB_CoreInit)
    USB_DeactivateEndpoint                   0x08005c6d   Thumb Code   194  stm32f4xx_ll_usb.o(i.USB_DeactivateEndpoint)
    USB_DevConnect                           0x08005d39   Thumb Code    28  stm32f4xx_ll_usb.o(i.USB_DevConnect)
    USB_DevDisconnect                        0x08005d55   Thumb Code    28  stm32f4xx_ll_usb.o(i.USB_DevDisconnect)
    USB_DevInit                              0x08005d71   Thumb Code   370  stm32f4xx_ll_usb.o(i.USB_DevInit)
    USB_DisableGlobalInt                     0x08005eed   Thumb Code    12  stm32f4xx_ll_usb.o(i.USB_DisableGlobalInt)
    USB_EP0_OutStart                         0x08005ef9   Thumb Code    84  stm32f4xx_ll_usb.o(i.USB_EP0_OutStart)
    USB_EPClearStall                         0x08005f51   Thumb Code    88  stm32f4xx_ll_usb.o(i.USB_EPClearStall)
    USB_EPSetStall                           0x08005fa9   Thumb Code    88  stm32f4xx_ll_usb.o(i.USB_EPSetStall)
    USB_EPStartXfer                          0x08006001   Thumb Code   562  stm32f4xx_ll_usb.o(i.USB_EPStartXfer)
    USB_EPStopXfer                           0x08006239   Thumb Code   158  stm32f4xx_ll_usb.o(i.USB_EPStopXfer)
    USB_EnableGlobalInt                      0x080062d7   Thumb Code    12  stm32f4xx_ll_usb.o(i.USB_EnableGlobalInt)
    USB_FlushRxFifo                          0x080062e3   Thumb Code    56  stm32f4xx_ll_usb.o(i.USB_FlushRxFifo)
    USB_FlushTxFifo                          0x0800631b   Thumb Code    60  stm32f4xx_ll_usb.o(i.USB_FlushTxFifo)
    USB_GetDevSpeed                          0x08006357   Thumb Code    26  stm32f4xx_ll_usb.o(i.USB_GetDevSpeed)
    USB_GetMode                              0x08006371   Thumb Code     8  stm32f4xx_ll_usb.o(i.USB_GetMode)
    USB_ReadDevAllInEpInterrupt              0x08006379   Thumb Code    14  stm32f4xx_ll_usb.o(i.USB_ReadDevAllInEpInterrupt)
    USB_ReadDevAllOutEpInterrupt             0x08006387   Thumb Code    14  stm32f4xx_ll_usb.o(i.USB_ReadDevAllOutEpInterrupt)
    USB_ReadDevInEPInterrupt                 0x08006395   Thumb Code    36  stm32f4xx_ll_usb.o(i.USB_ReadDevInEPInterrupt)
    USB_ReadDevOutEPInterrupt                0x080063b9   Thumb Code    16  stm32f4xx_ll_usb.o(i.USB_ReadDevOutEPInterrupt)
    USB_ReadInterrupts                       0x080063c9   Thumb Code     8  stm32f4xx_ll_usb.o(i.USB_ReadInterrupts)
    USB_ReadPacket                           0x080063d1   Thumb Code    62  stm32f4xx_ll_usb.o(i.USB_ReadPacket)
    USB_SetCurrentMode                       0x0800640f   Thumb Code    92  stm32f4xx_ll_usb.o(i.USB_SetCurrentMode)
    USB_SetDevAddress                        0x0800646b   Thumb Code    34  stm32f4xx_ll_usb.o(i.USB_SetDevAddress)
    USB_SetTurnaroundTime                    0x0800648d   Thumb Code   158  stm32f4xx_ll_usb.o(i.USB_SetTurnaroundTime)
    USB_WritePacket                          0x08006575   Thumb Code    40  stm32f4xx_ll_usb.o(i.USB_WritePacket)
    UsageFault_Handler                       0x0800659d   Thumb Code     2  stm32f4xx_it.o(i.UsageFault_Handler)
    _is_digit                                0x080065bf   Thumb Code    14  __printf_wp.o(i._is_digit)
    main                                     0x080065e1   Thumb Code   162  main.o(i.main)
    _get_lc_ctype                            0x08006685   Thumb Code    44  lc_ctype_c.o(locale$$code)
    _fp_init                                 0x080066b1   Thumb Code    10  fpinit.o(x$fpl$fpinit)
    __fplib_config_fpu_vfp                   0x080066b9   Thumb Code     0  fpinit.o(x$fpl$fpinit)
    __fplib_config_pureend_doubles           0x080066b9   Thumb Code     0  fpinit.o(x$fpl$fpinit)
    AHBPrescTable                            0x080066c2   Data          16  system_stm32f4xx.o(.constdata)
    APBPrescTable                            0x080066d2   Data           8  system_stm32f4xx.o(.constdata)
    Region$$Table$$Base                      0x080067d8   Number         0  anon$$obj.o(Region$$Table)
    Region$$Table$$Limit                     0x080067f8   Number         0  anon$$obj.o(Region$$Table)
    __ctype                                  0x08006805   Data           0  lc_ctype_c.o(locale$$data)
    FS_Desc                                  0x20000000   Data          28  usbd_desc.o(.data)
    USBD_LangIDDesc                          0x2000001c   Data           4  usbd_desc.o(.data)
    USBD_FS_DeviceDesc                       0x20000020   Data          18  usbd_desc.o(.data)
    USBD_StringSerial                        0x20000034   Data          26  usbd_desc.o(.data)
    USBD_Interface_fops_FS                   0x20000050   Data          20  usbd_cdc_if.o(.data)
    uwTickFreq                               0x20000064   Data           1  stm32f4xx_hal.o(.data)
    uwTickPrio                               0x20000068   Data           4  stm32f4xx_hal.o(.data)
    uwTick                                   0x2000006c   Data           4  stm32f4xx_hal.o(.data)
    SystemCoreClock                          0x20000070   Data           4  system_stm32f4xx.o(.data)
    USBD_CDC                                 0x200000cc   Data          56  usbd_cdc.o(.data)
    huart1                                   0x20000148   Data          72  usart.o(.bss)
    huart3                                   0x20000190   Data          72  usart.o(.bss)
    hdma_usart1_tx                           0x200001d8   Data          96  usart.o(.bss)
    hdma_usart1_rx                           0x20000238   Data          96  usart.o(.bss)
    hdma_usart3_rx                           0x20000298   Data          96  usart.o(.bss)
    hdma_usart3_tx                           0x200002f8   Data          96  usart.o(.bss)
    hUsbDeviceFS                             0x20000358   Data         732  usb_device.o(.bss)
    USBD_StrDesc                             0x20000634   Data         512  usbd_desc.o(.bss)
    UserRxBufferFS                           0x20000834   Data        2048  usbd_cdc_if.o(.bss)
    UserTxBufferFS                           0x20001034   Data        2048  usbd_cdc_if.o(.bss)
    hpcd_USB_OTG_FS                          0x20001a54   Data        1252  usbd_conf.o(.bss)
    MMCL_cmd                                 0x20001f38   Data        1024  emm_v5.o(.bss)
    __libspace_start                         0x20002e8c   Data          96  libspace.o(.bss)
    __temporary_stack_top$libspace           0x20002eec   Data           0  libspace.o(.bss)



==============================================================================

Memory Map of the image

  Image Entry point : 0x08000189

  Load Region LR_IROM1 (Base: 0x08000000, Size: 0x00006a50, Max: 0x00080000, ABSOLUTE, COMPRESSED[0x000069c0])

    Execution Region ER_IROM1 (Exec base: 0x08000000, Load base: 0x08000000, Size: 0x00006908, Max: 0x00080000, ABSOLUTE)

    Exec Addr    Load Addr    Size         Type   Attr      Idx    E Section Name        Object

    0x08000000   0x08000000   0x00000188   Data   RO            3    RESET               startup_stm32f407xx.o
    0x08000188   0x08000188   0x00000008   Code   RO         4126  * !!!main             c_w.l(__main.o)
    0x08000190   0x08000190   0x00000034   Code   RO         4327    !!!scatter          c_w.l(__scatter.o)
    0x080001c4   0x080001c4   0x0000005a   Code   RO         4325    !!dczerorl2         c_w.l(__dczerorl2.o)
    0x0800021e   0x0800021e   0x00000002   PAD
    0x08000220   0x08000220   0x0000001c   Code   RO         4329    !!handler_zi        c_w.l(__scatter_zi.o)
    0x0800023c   0x0800023c   0x00000000   Code   RO         4109    .ARM.Collect$$_printf_percent$$00000000  c_w.l(_printf_percent.o)
    0x0800023c   0x0800023c   0x00000006   Code   RO         4107    .ARM.Collect$$_printf_percent$$00000009  c_w.l(_printf_d.o)
    0x08000242   0x08000242   0x00000006   Code   RO         4108    .ARM.Collect$$_printf_percent$$0000000A  c_w.l(_printf_u.o)
    0x08000248   0x08000248   0x00000006   Code   RO         4106    .ARM.Collect$$_printf_percent$$0000000C  c_w.l(_printf_x.o)
    0x0800024e   0x0800024e   0x00000004   Code   RO         4141    .ARM.Collect$$_printf_percent$$00000017  c_w.l(_printf_percent_end.o)
    0x08000252   0x08000252   0x00000002   Code   RO         4188    .ARM.Collect$$libinit$$00000000  c_w.l(libinit.o)
    0x08000254   0x08000254   0x00000004   Code   RO         4208    .ARM.Collect$$libinit$$00000001  c_w.l(libinit2.o)
    0x08000258   0x08000258   0x00000000   Code   RO         4211    .ARM.Collect$$libinit$$00000004  c_w.l(libinit2.o)
    0x08000258   0x08000258   0x00000000   Code   RO         4214    .ARM.Collect$$libinit$$0000000A  c_w.l(libinit2.o)
    0x08000258   0x08000258   0x00000000   Code   RO         4216    .ARM.Collect$$libinit$$0000000C  c_w.l(libinit2.o)
    0x08000258   0x08000258   0x00000000   Code   RO         4218    .ARM.Collect$$libinit$$0000000E  c_w.l(libinit2.o)
    0x08000258   0x08000258   0x00000006   Code   RO         4219    .ARM.Collect$$libinit$$0000000F  c_w.l(libinit2.o)
    0x0800025e   0x0800025e   0x00000000   Code   RO         4221    .ARM.Collect$$libinit$$00000011  c_w.l(libinit2.o)
    0x0800025e   0x0800025e   0x0000000c   Code   RO         4222    .ARM.Collect$$libinit$$00000012  c_w.l(libinit2.o)
    0x0800026a   0x0800026a   0x00000000   Code   RO         4223    .ARM.Collect$$libinit$$00000013  c_w.l(libinit2.o)
    0x0800026a   0x0800026a   0x00000000   Code   RO         4225    .ARM.Collect$$libinit$$00000015  c_w.l(libinit2.o)
    0x0800026a   0x0800026a   0x00000000   Code   RO         4227    .ARM.Collect$$libinit$$00000017  c_w.l(libinit2.o)
    0x0800026a   0x0800026a   0x00000000   Code   RO         4229    .ARM.Collect$$libinit$$00000019  c_w.l(libinit2.o)
    0x0800026a   0x0800026a   0x00000000   Code   RO         4231    .ARM.Collect$$libinit$$0000001B  c_w.l(libinit2.o)
    0x0800026a   0x0800026a   0x00000000   Code   RO         4233    .ARM.Collect$$libinit$$0000001D  c_w.l(libinit2.o)
    0x0800026a   0x0800026a   0x00000000   Code   RO         4235    .ARM.Collect$$libinit$$0000001F  c_w.l(libinit2.o)
    0x0800026a   0x0800026a   0x00000000   Code   RO         4237    .ARM.Collect$$libinit$$00000021  c_w.l(libinit2.o)
    0x0800026a   0x0800026a   0x00000000   Code   RO         4239    .ARM.Collect$$libinit$$00000023  c_w.l(libinit2.o)
    0x0800026a   0x0800026a   0x00000000   Code   RO         4241    .ARM.Collect$$libinit$$00000025  c_w.l(libinit2.o)
    0x0800026a   0x0800026a   0x00000000   Code   RO         4245    .ARM.Collect$$libinit$$0000002C  c_w.l(libinit2.o)
    0x0800026a   0x0800026a   0x00000000   Code   RO         4247    .ARM.Collect$$libinit$$0000002E  c_w.l(libinit2.o)
    0x0800026a   0x0800026a   0x00000000   Code   RO         4249    .ARM.Collect$$libinit$$00000030  c_w.l(libinit2.o)
    0x0800026a   0x0800026a   0x00000000   Code   RO         4251    .ARM.Collect$$libinit$$00000032  c_w.l(libinit2.o)
    0x0800026a   0x0800026a   0x00000002   Code   RO         4252    .ARM.Collect$$libinit$$00000033  c_w.l(libinit2.o)
    0x0800026c   0x0800026c   0x00000002   Code   RO         4283    .ARM.Collect$$libshutdown$$00000000  c_w.l(libshutdown.o)
    0x0800026e   0x0800026e   0x00000000   Code   RO         4310    .ARM.Collect$$libshutdown$$00000003  c_w.l(libshutdown2.o)
    0x0800026e   0x0800026e   0x00000000   Code   RO         4313    .ARM.Collect$$libshutdown$$00000006  c_w.l(libshutdown2.o)
    0x0800026e   0x0800026e   0x00000000   Code   RO         4316    .ARM.Collect$$libshutdown$$00000009  c_w.l(libshutdown2.o)
    0x0800026e   0x0800026e   0x00000000   Code   RO         4318    .ARM.Collect$$libshutdown$$0000000B  c_w.l(libshutdown2.o)
    0x0800026e   0x0800026e   0x00000000   Code   RO         4321    .ARM.Collect$$libshutdown$$0000000E  c_w.l(libshutdown2.o)
    0x0800026e   0x0800026e   0x00000002   Code   RO         4322    .ARM.Collect$$libshutdown$$0000000F  c_w.l(libshutdown2.o)
    0x08000270   0x08000270   0x00000000   Code   RO         4128    .ARM.Collect$$rtentry$$00000000  c_w.l(__rtentry.o)
    0x08000270   0x08000270   0x00000000   Code   RO         4151    .ARM.Collect$$rtentry$$00000002  c_w.l(__rtentry2.o)
    0x08000270   0x08000270   0x00000006   Code   RO         4163    .ARM.Collect$$rtentry$$00000004  c_w.l(__rtentry4.o)
    0x08000276   0x08000276   0x00000000   Code   RO         4153    .ARM.Collect$$rtentry$$00000009  c_w.l(__rtentry2.o)
    0x08000276   0x08000276   0x00000004   Code   RO         4154    .ARM.Collect$$rtentry$$0000000A  c_w.l(__rtentry2.o)
    0x0800027a   0x0800027a   0x00000000   Code   RO         4156    .ARM.Collect$$rtentry$$0000000C  c_w.l(__rtentry2.o)
    0x0800027a   0x0800027a   0x00000008   Code   RO         4157    .ARM.Collect$$rtentry$$0000000D  c_w.l(__rtentry2.o)
    0x08000282   0x08000282   0x00000002   Code   RO         4192    .ARM.Collect$$rtexit$$00000000  c_w.l(rtexit.o)
    0x08000284   0x08000284   0x00000000   Code   RO         4256    .ARM.Collect$$rtexit$$00000002  c_w.l(rtexit2.o)
    0x08000284   0x08000284   0x00000004   Code   RO         4257    .ARM.Collect$$rtexit$$00000003  c_w.l(rtexit2.o)
    0x08000288   0x08000288   0x00000006   Code   RO         4258    .ARM.Collect$$rtexit$$00000004  c_w.l(rtexit2.o)
    0x0800028e   0x0800028e   0x00000002   PAD
    0x08000290   0x08000290   0x00000040   Code   RO            4    .text               startup_stm32f407xx.o
    0x080002d0   0x080002d0   0x000000ee   Code   RO         4053    .text               c_w.l(lludivv7m.o)
    0x080003be   0x080003be   0x00000002   PAD
    0x080003c0   0x080003c0   0x00000034   Code   RO         4057    .text               c_w.l(noretval__2snprintf.o)
    0x080003f4   0x080003f4   0x0000004e   Code   RO         4061    .text               c_w.l(_printf_pad.o)
    0x08000442   0x08000442   0x00000002   PAD
    0x08000444   0x08000444   0x00000078   Code   RO         4063    .text               c_w.l(_printf_dec.o)
    0x080004bc   0x080004bc   0x00000058   Code   RO         4068    .text               c_w.l(_printf_hex_int.o)
    0x08000514   0x08000514   0x00000188   Code   RO         4103    .text               c_w.l(__printf_flags_ss_wp.o)
    0x0800069c   0x0800069c   0x0000003c   Code   RO         4110    .text               c_w.l(__0sscanf.o)
    0x080006d8   0x080006d8   0x0000014c   Code   RO         4112    .text               c_w.l(_scanf_int.o)
    0x08000824   0x08000824   0x000000e0   Code   RO         4114    .text               c_w.l(_scanf_str.o)
    0x08000904   0x08000904   0x0000008a   Code   RO         4116    .text               c_w.l(rt_memcpy_v6.o)
    0x0800098e   0x0800098e   0x00000044   Code   RO         4118    .text               c_w.l(rt_memclr.o)
    0x080009d2   0x080009d2   0x0000004e   Code   RO         4120    .text               c_w.l(rt_memclr_w.o)
    0x08000a20   0x08000a20   0x00000080   Code   RO         4122    .text               c_w.l(strcmpv7m.o)
    0x08000aa0   0x08000aa0   0x00000006   Code   RO         4124    .text               c_w.l(heapauxi.o)
    0x08000aa6   0x08000aa6   0x000000b2   Code   RO         4133    .text               c_w.l(_printf_intcommon.o)
    0x08000b58   0x08000b58   0x00000030   Code   RO         4135    .text               c_w.l(_printf_char_common.o)
    0x08000b88   0x08000b88   0x0000000a   Code   RO         4137    .text               c_w.l(_sputc.o)
    0x08000b92   0x08000b92   0x00000010   Code   RO         4139    .text               c_w.l(_snputc.o)
    0x08000ba2   0x08000ba2   0x0000001c   Code   RO         4142    .text               c_w.l(_chval.o)
    0x08000bbe   0x08000bbe   0x00000002   PAD
    0x08000bc0   0x08000bc0   0x0000002c   Code   RO         4144    .text               c_w.l(scanf_char.o)
    0x08000bec   0x08000bec   0x00000040   Code   RO         4146    .text               c_w.l(_sgetc.o)
    0x08000c2c   0x08000c2c   0x00000064   Code   RO         4148    .text               c_w.l(rt_memcpy_w.o)
    0x08000c90   0x08000c90   0x00000012   Code   RO         4167    .text               c_w.l(isspace.o)
    0x08000ca2   0x08000ca2   0x00000002   PAD
    0x08000ca4   0x08000ca4   0x00000374   Code   RO         4171    .text               c_w.l(_scanf.o)
    0x08001018   0x08001018   0x0000004a   Code   RO         4173    .text               c_w.l(sys_stackheap_outer.o)
    0x08001062   0x08001062   0x00000002   PAD
    0x08001064   0x08001064   0x00000010   Code   RO         4175    .text               c_w.l(rt_ctype_table.o)
    0x08001074   0x08001074   0x0000000c   Code   RO         4177    .text               c_w.l(exit.o)
    0x08001080   0x08001080   0x00000008   Code   RO         4189    .text               c_w.l(libspace.o)
    0x08001088   0x08001088   0x00000008   Code   RO         4199    .text               c_w.l(rt_locale_intlibspace.o)
    0x08001090   0x08001090   0x0000000c   Code   RO         4253    .text               c_w.l(sys_exit.o)
    0x0800109c   0x0800109c   0x00000002   Code   RO         4272    .text               c_w.l(use_no_semi.o)
    0x0800109e   0x0800109e   0x00000000   Code   RO         4274    .text               c_w.l(indicate_semi.o)
    0x0800109e   0x0800109e   0x00000002   Code   RO          304    i.BusFault_Handler  stm32f4xx_it.o
    0x080010a0   0x080010a0   0x00000004   Code   RO          574    i.CDC_Control_FS    usbd_cdc_if.o
    0x080010a4   0x080010a4   0x00000004   Code   RO          575    i.CDC_DeInit_FS     usbd_cdc_if.o
    0x080010a8   0x080010a8   0x00000024   Code   RO          576    i.CDC_Init_FS       usbd_cdc_if.o
    0x080010cc   0x080010cc   0x00000020   Code   RO          577    i.CDC_Receive_FS    usbd_cdc_if.o
    0x080010ec   0x080010ec   0x00000004   Code   RO          578    i.CDC_TransmitCplt_FS  usbd_cdc_if.o
    0x080010f0   0x080010f0   0x0000002c   Code   RO          579    i.CDC_Transmit_FS   usbd_cdc_if.o
    0x0800111c   0x0800111c   0x0000000c   Code   RO          305    i.DMA1_Stream1_IRQHandler  stm32f4xx_it.o
    0x08001128   0x08001128   0x0000000c   Code   RO          306    i.DMA1_Stream3_IRQHandler  stm32f4xx_it.o
    0x08001134   0x08001134   0x0000000c   Code   RO          307    i.DMA2_Stream2_IRQHandler  stm32f4xx_it.o
    0x08001140   0x08001140   0x0000000c   Code   RO          308    i.DMA2_Stream7_IRQHandler  stm32f4xx_it.o
    0x0800114c   0x0800114c   0x00000028   Code   RO         1882    i.DMA_CalcBaseAndBitshift  stm32f4xx_hal_dma.o
    0x08001174   0x08001174   0x00000054   Code   RO         1883    i.DMA_CheckFifoParam  stm32f4xx_hal_dma.o
    0x080011c8   0x080011c8   0x00000028   Code   RO         1884    i.DMA_SetConfig     stm32f4xx_hal_dma.o
    0x080011f0   0x080011f0   0x00000002   Code   RO          309    i.DebugMon_Handler  stm32f4xx_it.o
    0x080011f2   0x080011f2   0x00000010   Code   RO         3773    i.Emm_V5_App_AbsFloat  emm_v5_app.o
    0x08001202   0x08001202   0x00000002   PAD
    0x08001204   0x08001204   0x000000c0   Code   RO         3774    i.Emm_V5_App_BuildDebugText  emm_v5_app.o
    0x080012c4   0x080012c4   0x000000f4   Code   RO         3775    i.Emm_V5_App_CalibAxisStep  emm_v5_app.o
    0x080013b8   0x080013b8   0x00000028   Code   RO         3776    i.Emm_V5_App_ClampAngle  emm_v5_app.o
    0x080013e0   0x080013e0   0x00000016   Code   RO         3777    i.Emm_V5_App_ClampRpm  emm_v5_app.o
    0x080013f6   0x080013f6   0x00000002   PAD
    0x080013f8   0x080013f8   0x000000d8   Code   RO         3778    i.Emm_V5_App_HandleVofaFrame  emm_v5_app.o
    0x080014d0   0x080014d0   0x000000d0   Code   RO         3779    i.Emm_V5_App_Init   emm_v5_app.o
    0x080015a0   0x080015a0   0x0000015c   Code   RO         3780    i.Emm_V5_App_PhaseTask  emm_v5_app.o
    0x080016fc   0x080016fc   0x00000154   Code   RO         3781    i.Emm_V5_App_PositionControlTask  emm_v5_app.o
    0x08001850   0x08001850   0x00000264   Code   RO         3782    i.Emm_V5_App_ProcessCmd  emm_v5_app.o
    0x08001ab4   0x08001ab4   0x00000010   Code   RO         3783    i.Emm_V5_App_QueueClearLocked  emm_v5_app.o
    0x08001ac4   0x08001ac4   0x0000000c   Code   RO         3784    i.Emm_V5_App_QueueNext  emm_v5_app.o
    0x08001ad0   0x08001ad0   0x0000004c   Code   RO         3785    i.Emm_V5_App_QueuePushLocked  emm_v5_app.o
    0x08001b1c   0x08001b1c   0x00000076   Code   RO         3786    i.Emm_V5_App_ReplyWithDebug  emm_v5_app.o
    0x08001b92   0x08001b92   0x00000002   PAD
    0x08001b94   0x08001b94   0x00000074   Code   RO         3787    i.Emm_V5_App_SendAxisPosition  emm_v5_app.o
    0x08001c08   0x08001c08   0x00000028   Code   RO         3788    i.Emm_V5_App_SendAxisVelocity  emm_v5_app.o
    0x08001c30   0x08001c30   0x00000044   Code   RO         3789    i.Emm_V5_App_SendVofaToMaix  emm_v5_app.o
    0x08001c74   0x08001c74   0x00000030   Code   RO         3790    i.Emm_V5_App_SendVofaToPC  emm_v5_app.o
    0x08001ca4   0x08001ca4   0x0000003c   Code   RO         3791    i.Emm_V5_App_SetEnable  emm_v5_app.o
    0x08001ce0   0x08001ce0   0x00000036   Code   RO         3792    i.Emm_V5_App_SetVelocity  emm_v5_app.o
    0x08001d16   0x08001d16   0x00000014   Code   RO         3793    i.Emm_V5_App_SetVelocityAxis1  emm_v5_app.o
    0x08001d2a   0x08001d2a   0x00000014   Code   RO         3794    i.Emm_V5_App_SetVelocityAxis2  emm_v5_app.o
    0x08001d3e   0x08001d3e   0x00000002   PAD
    0x08001d40   0x08001d40   0x0000003c   Code   RO         3795    i.Emm_V5_App_Stop   emm_v5_app.o
    0x08001d7c   0x08001d7c   0x0000012c   Code   RO         3796    i.Emm_V5_App_Task   emm_v5_app.o
    0x08001ea8   0x08001ea8   0x00000090   Code   RO         3797    i.Emm_V5_App_USB_CDC_Input  emm_v5_app.o
    0x08001f38   0x08001f38   0x00000034   Code   RO         3798    i.Emm_V5_App_USB_Reply  emm_v5_app.o
    0x08001f6c   0x08001f6c   0x00000064   Code   RO         3799    i.Emm_V5_App_VofaFeedByte  emm_v5_app.o
    0x08001fd0   0x08001fd0   0x00000064   Code   RO         3800    i.Emm_V5_App_VofaFeedByteUSB  emm_v5_app.o
    0x08002034   0x08002034   0x00000020   Code   RO         3378    i.Emm_V5_En_Control  emm_v5.o
    0x08002054   0x08002054   0x00000040   Code   RO         3418    i.Emm_V5_Pos_Control  emm_v5.o
    0x08002094   0x08002094   0x0000001c   Code   RO         3430    i.Emm_V5_Reset_CurPos_To_Zero  emm_v5.o
    0x080020b0   0x080020b0   0x00000004   Code   RO         3433    i.Emm_V5_Send       emm_v5.o
    0x080020b4   0x080020b4   0x00000020   Code   RO         3434    i.Emm_V5_Stop_Now   emm_v5.o
    0x080020d4   0x080020d4   0x0000002c   Code   RO         3437    i.Emm_V5_Vel_Control  emm_v5.o
    0x08002100   0x08002100   0x00000004   Code   RO           13    i.Error_Handler     main.o
    0x08002104   0x08002104   0x00000092   Code   RO         1885    i.HAL_DMA_Abort     stm32f4xx_hal_dma.o
    0x08002196   0x08002196   0x00000024   Code   RO         1886    i.HAL_DMA_Abort_IT  stm32f4xx_hal_dma.o
    0x080021ba   0x080021ba   0x00000004   Code   RO         1888    i.HAL_DMA_GetError  stm32f4xx_hal_dma.o
    0x080021be   0x080021be   0x00000002   PAD
    0x080021c0   0x080021c0   0x000001a0   Code   RO         1890    i.HAL_DMA_IRQHandler  stm32f4xx_hal_dma.o
    0x08002360   0x08002360   0x000000d4   Code   RO         1891    i.HAL_DMA_Init      stm32f4xx_hal_dma.o
    0x08002434   0x08002434   0x0000006e   Code   RO         1895    i.HAL_DMA_Start_IT  stm32f4xx_hal_dma.o
    0x080024a2   0x080024a2   0x00000002   PAD
    0x080024a4   0x080024a4   0x00000024   Code   RO         2322    i.HAL_Delay         stm32f4xx_hal.o
    0x080024c8   0x080024c8   0x000001f0   Code   RO         1778    i.HAL_GPIO_Init     stm32f4xx_hal_gpio.o
    0x080026b8   0x080026b8   0x0000000a   Code   RO         1782    i.HAL_GPIO_WritePin  stm32f4xx_hal_gpio.o
    0x080026c2   0x080026c2   0x00000002   PAD
    0x080026c4   0x080026c4   0x0000000c   Code   RO         2328    i.HAL_GetTick       stm32f4xx_hal.o
    0x080026d0   0x080026d0   0x00000010   Code   RO         2334    i.HAL_IncTick       stm32f4xx_hal.o
    0x080026e0   0x080026e0   0x00000034   Code   RO         2335    i.HAL_Init          stm32f4xx_hal.o
    0x08002714   0x08002714   0x00000040   Code   RO         2336    i.HAL_InitTick      stm32f4xx_hal.o
    0x08002754   0x08002754   0x00000030   Code   RO          416    i.HAL_MspInit       stm32f4xx_hal_msp.o
    0x08002784   0x08002784   0x0000001a   Code   RO         2170    i.HAL_NVIC_EnableIRQ  stm32f4xx_hal_cortex.o
    0x0800279e   0x0800279e   0x00000002   PAD
    0x080027a0   0x080027a0   0x00000040   Code   RO         2176    i.HAL_NVIC_SetPriority  stm32f4xx_hal_cortex.o
    0x080027e0   0x080027e0   0x00000024   Code   RO         2177    i.HAL_NVIC_SetPriorityGrouping  stm32f4xx_hal_cortex.o
    0x08002804   0x08002804   0x00000002   Code   RO         1077    i.HAL_PCDEx_LPM_Callback  stm32f4xx_hal_pcd_ex.o
    0x08002806   0x08002806   0x00000008   Code   RO         1078    i.HAL_PCDEx_SetRxFiFo  stm32f4xx_hal_pcd_ex.o
    0x0800280e   0x0800280e   0x00000044   Code   RO         1079    i.HAL_PCDEx_SetTxFiFo  stm32f4xx_hal_pcd_ex.o
    0x08002852   0x08002852   0x00000008   Code   RO          631    i.HAL_PCD_ConnectCallback  usbd_conf.o
    0x0800285a   0x0800285a   0x00000012   Code   RO          632    i.HAL_PCD_DataInStageCallback  usbd_conf.o
    0x0800286c   0x0800286c   0x00000014   Code   RO          633    i.HAL_PCD_DataOutStageCallback  usbd_conf.o
    0x08002880   0x08002880   0x00000008   Code   RO          634    i.HAL_PCD_DisconnectCallback  usbd_conf.o
    0x08002888   0x08002888   0x0000001e   Code   RO          847    i.HAL_PCD_EP_Abort  stm32f4xx_hal_pcd.o
    0x080028a6   0x080028a6   0x0000004a   Code   RO          848    i.HAL_PCD_EP_Close  stm32f4xx_hal_pcd.o
    0x080028f0   0x080028f0   0x0000005a   Code   RO          849    i.HAL_PCD_EP_ClrStall  stm32f4xx_hal_pcd.o
    0x0800294a   0x0800294a   0x00000012   Code   RO          851    i.HAL_PCD_EP_GetRxCount  stm32f4xx_hal_pcd.o
    0x0800295c   0x0800295c   0x00000062   Code   RO          852    i.HAL_PCD_EP_Open   stm32f4xx_hal_pcd.o
    0x080029be   0x080029be   0x00000038   Code   RO          853    i.HAL_PCD_EP_Receive  stm32f4xx_hal_pcd.o
    0x080029f6   0x080029f6   0x00000072   Code   RO          854    i.HAL_PCD_EP_SetStall  stm32f4xx_hal_pcd.o
    0x08002a68   0x08002a68   0x00000032   Code   RO          855    i.HAL_PCD_EP_Transmit  stm32f4xx_hal_pcd.o
    0x08002a9a   0x08002a9a   0x00000002   PAD
    0x08002a9c   0x08002a9c   0x0000055c   Code   RO          857    i.HAL_PCD_IRQHandler  stm32f4xx_hal_pcd.o
    0x08002ff8   0x08002ff8   0x00000008   Code   RO          635    i.HAL_PCD_ISOINIncompleteCallback  usbd_conf.o
    0x08003000   0x08003000   0x00000008   Code   RO          636    i.HAL_PCD_ISOOUTIncompleteCallback  usbd_conf.o
    0x08003008   0x08003008   0x000000cc   Code   RO          860    i.HAL_PCD_Init      stm32f4xx_hal_pcd.o
    0x080030d4   0x080030d4   0x00000084   Code   RO          638    i.HAL_PCD_MspInit   usbd_conf.o
    0x08003158   0x08003158   0x0000002c   Code   RO          639    i.HAL_PCD_ResetCallback  usbd_conf.o
    0x08003184   0x08003184   0x00000008   Code   RO          640    i.HAL_PCD_ResumeCallback  usbd_conf.o
    0x0800318c   0x0800318c   0x00000008   Code   RO          641    i.HAL_PCD_SOFCallback  usbd_conf.o
    0x08003194   0x08003194   0x00000026   Code   RO          866    i.HAL_PCD_SetAddress  stm32f4xx_hal_pcd.o
    0x080031ba   0x080031ba   0x0000000e   Code   RO          642    i.HAL_PCD_SetupStageCallback  usbd_conf.o
    0x080031c8   0x080031c8   0x00000042   Code   RO          869    i.HAL_PCD_Start     stm32f4xx_hal_pcd.o
    0x0800320a   0x0800320a   0x00000002   PAD
    0x0800320c   0x0800320c   0x00000030   Code   RO          643    i.HAL_PCD_SuspendCallback  usbd_conf.o
    0x0800323c   0x0800323c   0x00000134   Code   RO         1424    i.HAL_RCC_ClockConfig  stm32f4xx_hal_rcc.o
    0x08003370   0x08003370   0x0000000c   Code   RO         1429    i.HAL_RCC_GetHCLKFreq  stm32f4xx_hal_rcc.o
    0x0800337c   0x0800337c   0x00000020   Code   RO         1431    i.HAL_RCC_GetPCLK1Freq  stm32f4xx_hal_rcc.o
    0x0800339c   0x0800339c   0x00000020   Code   RO         1432    i.HAL_RCC_GetPCLK2Freq  stm32f4xx_hal_rcc.o
    0x080033bc   0x080033bc   0x00000060   Code   RO         1433    i.HAL_RCC_GetSysClockFreq  stm32f4xx_hal_rcc.o
    0x0800341c   0x0800341c   0x0000036c   Code   RO         1436    i.HAL_RCC_OscConfig  stm32f4xx_hal_rcc.o
    0x08003788   0x08003788   0x00000028   Code   RO         2181    i.HAL_SYSTICK_Config  stm32f4xx_hal_cortex.o
    0x080037b0   0x080037b0   0x00000002   Code   RO         2585    i.HAL_UARTEx_RxEventCallback  stm32f4xx_hal_uart.o
    0x080037b2   0x080037b2   0x00000094   Code   RO         2588    i.HAL_UART_AbortReceive  stm32f4xx_hal_uart.o
    0x08003846   0x08003846   0x00000002   PAD
    0x08003848   0x08003848   0x00000034   Code   RO         3953    i.HAL_UART_ErrorCallback  uart1_dma.o
    0x0800387c   0x0800387c   0x00000280   Code   RO         2602    i.HAL_UART_IRQHandler  stm32f4xx_hal_uart.o
    0x08003afc   0x08003afc   0x00000064   Code   RO         2603    i.HAL_UART_Init     stm32f4xx_hal_uart.o
    0x08003b60   0x08003b60   0x00000194   Code   RO          257    i.HAL_UART_MspInit  usart.o
    0x08003cf4   0x08003cf4   0x0000001c   Code   RO         2607    i.HAL_UART_Receive_DMA  stm32f4xx_hal_uart.o
    0x08003d10   0x08003d10   0x00000010   Code   RO         3954    i.HAL_UART_RxCpltCallback  uart1_dma.o
    0x08003d20   0x08003d20   0x00000010   Code   RO         3955    i.HAL_UART_RxHalfCpltCallback  uart1_dma.o
    0x08003d30   0x08003d30   0x000000a0   Code   RO         2611    i.HAL_UART_Transmit  stm32f4xx_hal_uart.o
    0x08003dd0   0x08003dd0   0x00000084   Code   RO         2612    i.HAL_UART_Transmit_DMA  stm32f4xx_hal_uart.o
    0x08003e54   0x08003e54   0x00000048   Code   RO         3956    i.HAL_UART_TxCpltCallback  uart1_dma.o
    0x08003e9c   0x08003e9c   0x00000002   Code   RO         2615    i.HAL_UART_TxHalfCpltCallback  stm32f4xx_hal_uart.o
    0x08003e9e   0x08003e9e   0x00000002   Code   RO          310    i.HardFault_Handler  stm32f4xx_it.o
    0x08003ea0   0x08003ea0   0x00000038   Code   RO          488    i.IntToUnicode      usbd_desc.o
    0x08003ed8   0x08003ed8   0x0000006c   Code   RO          232    i.MX_DMA_Init       dma.o
    0x08003f44   0x08003f44   0x0000008c   Code   RO          208    i.MX_GPIO_Init      gpio.o
    0x08003fd0   0x08003fd0   0x00000038   Code   RO          258    i.MX_USART1_UART_Init  usart.o
    0x08004008   0x08004008   0x00000038   Code   RO          259    i.MX_USART3_UART_Init  usart.o
    0x08004040   0x08004040   0x00000054   Code   RO          440    i.MX_USB_DEVICE_Init  usb_device.o
    0x08004094   0x08004094   0x00000002   Code   RO          311    i.MemManage_Handler  stm32f4xx_it.o
    0x08004096   0x08004096   0x00000002   Code   RO          312    i.NMI_Handler       stm32f4xx_it.o
    0x08004098   0x08004098   0x0000000c   Code   RO          313    i.OTG_FS_IRQHandler  stm32f4xx_it.o
    0x080040a4   0x080040a4   0x000000cc   Code   RO          873    i.PCD_EP_OutXfrComplete_int  stm32f4xx_hal_pcd.o
    0x08004170   0x08004170   0x000000a2   Code   RO          874    i.PCD_WriteEmptyTxFifo  stm32f4xx_hal_pcd.o
    0x08004212   0x08004212   0x00000002   Code   RO          314    i.PendSV_Handler    stm32f4xx_it.o
    0x08004214   0x08004214   0x00000002   Code   RO          315    i.SVC_Handler       stm32f4xx_it.o
    0x08004216   0x08004216   0x0000000a   Code   RO         3133    i.SWAPBYTE          usbd_ctlreq.o
    0x08004220   0x08004220   0x00000004   Code   RO          316    i.SysTick_Handler   stm32f4xx_it.o
    0x08004224   0x08004224   0x00000094   Code   RO           14    i.SystemClock_Config  main.o
    0x080042b8   0x080042b8   0x00000010   Code   RO         2937    i.SystemInit        system_stm32f4xx.o
    0x080042c8   0x080042c8   0x00000070   Code   RO         3957    i.UART1_DmaCommInit  uart1_dma.o
    0x08004338   0x08004338   0x00000080   Code   RO         3958    i.UART1_DmaGetDebugInfo  uart1_dma.o
    0x080043b8   0x080043b8   0x00000028   Code   RO         3959    i.UART1_DmaIrqHandler  uart1_dma.o
    0x080043e0   0x080043e0   0x000000c8   Code   RO         3962    i.UART1_DmaTxEnqueue  uart1_dma.o
    0x080044a8   0x080044a8   0x00000028   Code   RO         3963    i.UART1_RingPushBlock  uart1_dma.o
    0x080044d0   0x080044d0   0x00000048   Code   RO         3964    i.UART1_RingPushByte  uart1_dma.o
    0x08004518   0x08004518   0x00000058   Code   RO         3965    i.UART1_RxCheck     uart1_dma.o
    0x08004570   0x08004570   0x00000040   Code   RO         3966    i.UART1_TxStart     uart1_dma.o
    0x080045b0   0x080045b0   0x0000000e   Code   RO         2616    i.UART_DMAAbortOnError  stm32f4xx_hal_uart.o
    0x080045be   0x080045be   0x0000004a   Code   RO         2617    i.UART_DMAError     stm32f4xx_hal_uart.o
    0x08004608   0x08004608   0x00000086   Code   RO         2618    i.UART_DMAReceiveCplt  stm32f4xx_hal_uart.o
    0x0800468e   0x0800468e   0x0000001e   Code   RO         2620    i.UART_DMARxHalfCplt  stm32f4xx_hal_uart.o
    0x080046ac   0x080046ac   0x00000042   Code   RO         2622    i.UART_DMATransmitCplt  stm32f4xx_hal_uart.o
    0x080046ee   0x080046ee   0x0000000a   Code   RO         2624    i.UART_DMATxHalfCplt  stm32f4xx_hal_uart.o
    0x080046f8   0x080046f8   0x0000004e   Code   RO         2626    i.UART_EndRxTransfer  stm32f4xx_hal_uart.o
    0x08004746   0x08004746   0x0000001c   Code   RO         2627    i.UART_EndTxTransfer  stm32f4xx_hal_uart.o
    0x08004762   0x08004762   0x000000c2   Code   RO         2628    i.UART_Receive_IT   stm32f4xx_hal_uart.o
    0x08004824   0x08004824   0x0000010c   Code   RO         2629    i.UART_SetConfig    stm32f4xx_hal_uart.o
    0x08004930   0x08004930   0x000000a0   Code   RO         2630    i.UART_Start_Receive_DMA  stm32f4xx_hal_uart.o
    0x080049d0   0x080049d0   0x00000072   Code   RO         2632    i.UART_WaitOnFlagUntilTimeout  stm32f4xx_hal_uart.o
    0x08004a42   0x08004a42   0x00000002   PAD
    0x08004a44   0x08004a44   0x00000014   Code   RO          317    i.USART1_IRQHandler  stm32f4xx_it.o
    0x08004a58   0x08004a58   0x00000076   Code   RO         3271    i.USBD_CDC_DataIn   usbd_cdc.o
    0x08004ace   0x08004ace   0x0000003c   Code   RO         3272    i.USBD_CDC_DataOut  usbd_cdc.o
    0x08004b0a   0x08004b0a   0x00000002   PAD
    0x08004b0c   0x08004b0c   0x00000094   Code   RO         3273    i.USBD_CDC_DeInit   usbd_cdc.o
    0x08004ba0   0x08004ba0   0x00000036   Code   RO         3274    i.USBD_CDC_EP0_RxReady  usbd_cdc.o
    0x08004bd6   0x08004bd6   0x00000002   PAD
    0x08004bd8   0x08004bd8   0x0000000c   Code   RO         3275    i.USBD_CDC_GetDeviceQualifierDescriptor  usbd_cdc.o
    0x08004be4   0x08004be4   0x0000003c   Code   RO         3276    i.USBD_CDC_GetFSCfgDesc  usbd_cdc.o
    0x08004c20   0x08004c20   0x00000040   Code   RO         3277    i.USBD_CDC_GetHSCfgDesc  usbd_cdc.o
    0x08004c60   0x08004c60   0x0000003c   Code   RO         3278    i.USBD_CDC_GetOtherSpeedCfgDesc  usbd_cdc.o
    0x08004c9c   0x08004c9c   0x00000120   Code   RO         3279    i.USBD_CDC_Init     usbd_cdc.o
    0x08004dbc   0x08004dbc   0x00000038   Code   RO         3280    i.USBD_CDC_ReceivePacket  usbd_cdc.o
    0x08004df4   0x08004df4   0x00000016   Code   RO         3281    i.USBD_CDC_RegisterInterface  usbd_cdc.o
    0x08004e0a   0x08004e0a   0x0000001a   Code   RO         3282    i.USBD_CDC_SetRxBuffer  usbd_cdc.o
    0x08004e24   0x08004e24   0x0000001e   Code   RO         3283    i.USBD_CDC_SetTxBuffer  usbd_cdc.o
    0x08004e42   0x08004e42   0x000000d4   Code   RO         3284    i.USBD_CDC_Setup    usbd_cdc.o
    0x08004f16   0x08004f16   0x00000002   PAD
    0x08004f18   0x08004f18   0x00000050   Code   RO         3285    i.USBD_CDC_TransmitPacket  usbd_cdc.o
    0x08004f68   0x08004f68   0x00000014   Code   RO         2974    i.USBD_ClrClassConfig  usbd_core.o
    0x08004f7c   0x08004f7c   0x00000004   Code   RO         2975    i.USBD_CoreFindEP   usbd_core.o
    0x08004f80   0x08004f80   0x00000004   Code   RO         2976    i.USBD_CoreFindIF   usbd_core.o
    0x08004f84   0x08004f84   0x00000010   Code   RO         3211    i.USBD_CtlContinueRx  usbd_ioreq.o
    0x08004f94   0x08004f94   0x00000010   Code   RO         3212    i.USBD_CtlContinueSendData  usbd_ioreq.o
    0x08004fa4   0x08004fa4   0x00000016   Code   RO         3134    i.USBD_CtlError     usbd_ctlreq.o
    0x08004fba   0x08004fba   0x00000022   Code   RO         3213    i.USBD_CtlPrepareRx  usbd_ioreq.o
    0x08004fdc   0x08004fdc   0x00000016   Code   RO         3214    i.USBD_CtlReceiveStatus  usbd_ioreq.o
    0x08004ff2   0x08004ff2   0x0000001c   Code   RO         3215    i.USBD_CtlSendData  usbd_ioreq.o
    0x0800500e   0x0800500e   0x00000016   Code   RO         3216    i.USBD_CtlSendStatus  usbd_ioreq.o
    0x08005024   0x08005024   0x00000020   Code   RO          489    i.USBD_FS_ConfigStrDescriptor  usbd_desc.o
    0x08005044   0x08005044   0x0000000c   Code   RO          490    i.USBD_FS_DeviceDescriptor  usbd_desc.o
    0x08005050   0x08005050   0x00000024   Code   RO          491    i.USBD_FS_InterfaceStrDescriptor  usbd_desc.o
    0x08005074   0x08005074   0x0000000c   Code   RO          492    i.USBD_FS_LangIDStrDescriptor  usbd_desc.o
    0x08005080   0x08005080   0x00000028   Code   RO          493    i.USBD_FS_ManufacturerStrDescriptor  usbd_desc.o
    0x080050a8   0x080050a8   0x0000002c   Code   RO          494    i.USBD_FS_ProductStrDescriptor  usbd_desc.o
    0x080050d4   0x080050d4   0x00000038   Code   RO          495    i.USBD_FS_SerialStrDescriptor  usbd_desc.o
    0x0800510c   0x0800510c   0x000000e6   Code   RO         3135    i.USBD_GetDescriptor  usbd_ctlreq.o
    0x080051f2   0x080051f2   0x0000003a   Code   RO         2978    i.USBD_GetEpDesc    usbd_core.o
    0x0800522c   0x0800522c   0x00000014   Code   RO         3136    i.USBD_GetLen       usbd_ctlreq.o
    0x08005240   0x08005240   0x0000000e   Code   RO         2979    i.USBD_GetNextDesc  usbd_core.o
    0x0800524e   0x0800524e   0x0000004e   Code   RO         3137    i.USBD_GetString    usbd_ctlreq.o
    0x0800529c   0x0800529c   0x00000018   Code   RO          644    i.USBD_Get_USB_Status  usbd_conf.o
    0x080052b4   0x080052b4   0x00000026   Code   RO         2980    i.USBD_Init         usbd_core.o
    0x080052da   0x080052da   0x00000012   Code   RO          645    i.USBD_LL_ClearStallEP  usbd_conf.o
    0x080052ec   0x080052ec   0x00000012   Code   RO          646    i.USBD_LL_CloseEP   usbd_conf.o
    0x080052fe   0x080052fe   0x000000b8   Code   RO         2981    i.USBD_LL_DataInStage  usbd_core.o
    0x080053b6   0x080053b6   0x00000094   Code   RO         2982    i.USBD_LL_DataOutStage  usbd_core.o
    0x0800544a   0x0800544a   0x00000004   Code   RO         2983    i.USBD_LL_DevConnected  usbd_core.o
    0x0800544e   0x0800544e   0x0000001e   Code   RO         2984    i.USBD_LL_DevDisconnected  usbd_core.o
    0x0800546c   0x0800546c   0x00000008   Code   RO          650    i.USBD_LL_GetRxDataSize  usbd_conf.o
    0x08005474   0x08005474   0x00000060   Code   RO          651    i.USBD_LL_Init      usbd_conf.o
    0x080054d4   0x080054d4   0x0000001e   Code   RO          652    i.USBD_LL_IsStallEP  usbd_conf.o
    0x080054f2   0x080054f2   0x00000028   Code   RO         2985    i.USBD_LL_IsoINIncomplete  usbd_core.o
    0x0800551a   0x0800551a   0x00000028   Code   RO         2986    i.USBD_LL_IsoOUTIncomplete  usbd_core.o
    0x08005542   0x08005542   0x00000018   Code   RO          653    i.USBD_LL_OpenEP    usbd_conf.o
    0x0800555a   0x0800555a   0x00000012   Code   RO          654    i.USBD_LL_PrepareReceive  usbd_conf.o
    0x0800556c   0x0800556c   0x0000005e   Code   RO         2987    i.USBD_LL_Reset     usbd_core.o
    0x080055ca   0x080055ca   0x00000014   Code   RO         2988    i.USBD_LL_Resume    usbd_core.o
    0x080055de   0x080055de   0x0000001a   Code   RO         2989    i.USBD_LL_SOF       usbd_core.o
    0x080055f8   0x080055f8   0x00000006   Code   RO         2990    i.USBD_LL_SetSpeed  usbd_core.o
    0x080055fe   0x080055fe   0x00000012   Code   RO          655    i.USBD_LL_SetUSBAddress  usbd_conf.o
    0x08005610   0x08005610   0x00000060   Code   RO         2991    i.USBD_LL_SetupStage  usbd_core.o
    0x08005670   0x08005670   0x00000012   Code   RO          656    i.USBD_LL_StallEP   usbd_conf.o
    0x08005682   0x08005682   0x00000012   Code   RO          657    i.USBD_LL_Start     usbd_conf.o
    0x08005694   0x08005694   0x0000001a   Code   RO         2992    i.USBD_LL_Suspend   usbd_core.o
    0x080056ae   0x080056ae   0x00000012   Code   RO          659    i.USBD_LL_Transmit  usbd_conf.o
    0x080056c0   0x080056c0   0x0000002c   Code   RO         3138    i.USBD_ParseSetupRequest  usbd_ctlreq.o
    0x080056ec   0x080056ec   0x0000003a   Code   RO         2993    i.USBD_RegisterClass  usbd_core.o
    0x08005726   0x08005726   0x00000014   Code   RO         2995    i.USBD_SetClassConfig  usbd_core.o
    0x0800573a   0x0800573a   0x00000002   PAD
    0x0800573c   0x0800573c   0x000000b8   Code   RO         3139    i.USBD_SetConfig    usbd_ctlreq.o
    0x080057f4   0x080057f4   0x00000004   Code   RO         2996    i.USBD_Start        usbd_core.o
    0x080057f8   0x080057f8   0x0000012c   Code   RO         3140    i.USBD_StdDevReq    usbd_ctlreq.o
    0x08005924   0x08005924   0x00000166   Code   RO         3141    i.USBD_StdEPReq     usbd_ctlreq.o
    0x08005a8a   0x08005a8a   0x00000072   Code   RO         3142    i.USBD_StdItfReq    usbd_ctlreq.o
    0x08005afc   0x08005afc   0x00000002   Code   RO          660    i.USBD_static_free  usbd_conf.o
    0x08005afe   0x08005afe   0x00000002   PAD
    0x08005b00   0x08005b00   0x00000008   Code   RO          661    i.USBD_static_malloc  usbd_conf.o
    0x08005b08   0x08005b08   0x00000080   Code   RO         1119    i.USB_ActivateEndpoint  stm32f4xx_ll_usb.o
    0x08005b88   0x08005b88   0x0000001c   Code   RO         1121    i.USB_ActivateSetup  stm32f4xx_ll_usb.o
    0x08005ba4   0x08005ba4   0x00000084   Code   RO         1123    i.USB_CoreInit      stm32f4xx_ll_usb.o
    0x08005c28   0x08005c28   0x00000044   Code   RO         1124    i.USB_CoreReset     stm32f4xx_ll_usb.o
    0x08005c6c   0x08005c6c   0x000000cc   Code   RO         1127    i.USB_DeactivateEndpoint  stm32f4xx_ll_usb.o
    0x08005d38   0x08005d38   0x0000001c   Code   RO         1128    i.USB_DevConnect    stm32f4xx_ll_usb.o
    0x08005d54   0x08005d54   0x0000001c   Code   RO         1129    i.USB_DevDisconnect  stm32f4xx_ll_usb.o
    0x08005d70   0x08005d70   0x0000017c   Code   RO         1130    i.USB_DevInit       stm32f4xx_ll_usb.o
    0x08005eec   0x08005eec   0x0000000c   Code   RO         1131    i.USB_DisableGlobalInt  stm32f4xx_ll_usb.o
    0x08005ef8   0x08005ef8   0x00000058   Code   RO         1134    i.USB_EP0_OutStart  stm32f4xx_ll_usb.o
    0x08005f50   0x08005f50   0x00000058   Code   RO         1135    i.USB_EPClearStall  stm32f4xx_ll_usb.o
    0x08005fa8   0x08005fa8   0x00000058   Code   RO         1136    i.USB_EPSetStall    stm32f4xx_ll_usb.o
    0x08006000   0x08006000   0x00000238   Code   RO         1137    i.USB_EPStartXfer   stm32f4xx_ll_usb.o
    0x08006238   0x08006238   0x0000009e   Code   RO         1138    i.USB_EPStopXfer    stm32f4xx_ll_usb.o
    0x080062d6   0x080062d6   0x0000000c   Code   RO         1139    i.USB_EnableGlobalInt  stm32f4xx_ll_usb.o
    0x080062e2   0x080062e2   0x00000038   Code   RO         1140    i.USB_FlushRxFifo   stm32f4xx_ll_usb.o
    0x0800631a   0x0800631a   0x0000003c   Code   RO         1141    i.USB_FlushTxFifo   stm32f4xx_ll_usb.o
    0x08006356   0x08006356   0x0000001a   Code   RO         1143    i.USB_GetDevSpeed   stm32f4xx_ll_usb.o
    0x08006370   0x08006370   0x00000008   Code   RO         1145    i.USB_GetMode       stm32f4xx_ll_usb.o
    0x08006378   0x08006378   0x0000000e   Code   RO         1153    i.USB_ReadDevAllInEpInterrupt  stm32f4xx_ll_usb.o
    0x08006386   0x08006386   0x0000000e   Code   RO         1154    i.USB_ReadDevAllOutEpInterrupt  stm32f4xx_ll_usb.o
    0x08006394   0x08006394   0x00000024   Code   RO         1155    i.USB_ReadDevInEPInterrupt  stm32f4xx_ll_usb.o
    0x080063b8   0x080063b8   0x00000010   Code   RO         1156    i.USB_ReadDevOutEPInterrupt  stm32f4xx_ll_usb.o
    0x080063c8   0x080063c8   0x00000008   Code   RO         1157    i.USB_ReadInterrupts  stm32f4xx_ll_usb.o
    0x080063d0   0x080063d0   0x0000003e   Code   RO         1158    i.USB_ReadPacket    stm32f4xx_ll_usb.o
    0x0800640e   0x0800640e   0x0000005c   Code   RO         1160    i.USB_SetCurrentMode  stm32f4xx_ll_usb.o
    0x0800646a   0x0800646a   0x00000022   Code   RO         1161    i.USB_SetDevAddress  stm32f4xx_ll_usb.o
    0x0800648c   0x0800648c   0x000000e8   Code   RO         1163    i.USB_SetTurnaroundTime  stm32f4xx_ll_usb.o
    0x08006574   0x08006574   0x00000028   Code   RO         1166    i.USB_WritePacket   stm32f4xx_ll_usb.o
    0x0800659c   0x0800659c   0x00000002   Code   RO          318    i.UsageFault_Handler  stm32f4xx_it.o
    0x0800659e   0x0800659e   0x00000020   Code   RO         2183    i.__NVIC_SetPriority  stm32f4xx_hal_cortex.o
    0x080065be   0x080065be   0x0000000e   Code   RO         4096    i._is_digit         c_w.l(__printf_wp.o)
    0x080065cc   0x080065cc   0x00000014   Code   RO         3801    i.local_strnlen     emm_v5_app.o
    0x080065e0   0x080065e0   0x000000a2   Code   RO           15    i.main              main.o
    0x08006682   0x08006682   0x00000002   PAD
    0x08006684   0x08006684   0x0000002c   Code   RO         4202    locale$$code        c_w.l(lc_ctype_c.o)
    0x080066b0   0x080066b0   0x0000000a   Code   RO         4268    x$fpl$fpinit        fz_wm.l(fpinit.o)
    0x080066ba   0x080066ba   0x00000008   Data   RO         1897    .constdata          stm32f4xx_hal_dma.o
    0x080066c2   0x080066c2   0x00000010   Data   RO         2938    .constdata          system_stm32f4xx.o
    0x080066d2   0x080066d2   0x00000008   Data   RO         2939    .constdata          system_stm32f4xx.o
    0x080066da   0x080066da   0x00000028   Data   RO         4069    .constdata          c_w.l(_printf_hex_int.o)
    0x08006702   0x08006702   0x00000011   Data   RO         4104    .constdata          c_w.l(__printf_flags_ss_wp.o)
    0x08006713   0x08006713   0x00000001   PAD
    0x08006714   0x08006714   0x000000c2   Data   RO         3803    .conststring        emm_v5_app.o
    0x080067d6   0x080067d6   0x00000002   PAD
    0x080067d8   0x080067d8   0x00000020   Data   RO         4323    Region$$Table       anon$$obj.o
    0x080067f8   0x080067f8   0x00000110   Data   RO         4201    locale$$data        c_w.l(lc_ctype_c.o)


    Execution Region RW_IRAM1 (Exec base: 0x20000000, Load base: 0x08006908, Size: 0x000034f0, Max: 0x0001c000, ABSOLUTE, COMPRESSED[0x000000b8])

    Exec Addr    Load Addr    Size         Type   Attr      Idx    E Section Name        Object

    0x20000000   COMPRESSED   0x0000001c   Data   RW          497    .data               usbd_desc.o
    0x2000001c   COMPRESSED   0x00000032   Data   RW          498    .data               usbd_desc.o
    0x2000004e   COMPRESSED   0x00000002   PAD
    0x20000050   COMPRESSED   0x00000014   Data   RW          581    .data               usbd_cdc_if.o
    0x20000064   COMPRESSED   0x0000000c   Data   RW         2342    .data               stm32f4xx_hal.o
    0x20000070   COMPRESSED   0x00000004   Data   RW         2940    .data               system_stm32f4xx.o
    0x20000074   COMPRESSED   0x00000001   Data   RW         3143    .data               usbd_ctlreq.o
    0x20000075   COMPRESSED   0x00000003   PAD
    0x20000078   COMPRESSED   0x00000053   Data   RW         3286    .data               usbd_cdc.o
    0x200000cb   COMPRESSED   0x00000001   PAD
    0x200000cc   COMPRESSED   0x00000038   Data   RW         3287    .data               usbd_cdc.o
    0x20000104   COMPRESSED   0x00000010   Data   RW         3804    .data               emm_v5_app.o
    0x20000114   COMPRESSED   0x00000034   Data   RW         3968    .data               uart1_dma.o
    0x20000148        -       0x00000210   Zero   RW          260    .bss                usart.o
    0x20000358        -       0x000002dc   Zero   RW          441    .bss                usb_device.o
    0x20000634        -       0x00000200   Zero   RW          496    .bss                usbd_desc.o
    0x20000834        -       0x00001000   Zero   RW          580    .bss                usbd_cdc_if.o
    0x20001834        -       0x00000704   Zero   RW          662    .bss                usbd_conf.o
    0x20001f38        -       0x000008d4   Zero   RW         3438    .bss                emm_v5.o
    0x2000280c        -       0x000001f8   Zero   RW         3802    .bss                emm_v5_app.o
    0x20002a04        -       0x00000488   Zero   RW         3967    .bss                uart1_dma.o
    0x20002e8c        -       0x00000060   Zero   RW         4190    .bss                c_w.l(libspace.o)
    0x20002eec   COMPRESSED   0x00000004   PAD
    0x20002ef0        -       0x00000200   Zero   RW            2    HEAP                startup_stm32f407xx.o
    0x200030f0        -       0x00000400   Zero   RW            1    STACK               startup_stm32f407xx.o


    Execution Region RW_IRAM2 (Exec base: 0x2001c000, Load base: 0x080069c0, Size: 0x00000000, Max: 0x00004000, ABSOLUTE)

    **** No section assigned to this execution region ****


==============================================================================

Image component sizes


      Code (inc. data)   RO Data    RW Data    ZI Data      Debug   Object Name

       108          4          0          0          0        862   dma.o
       204         26          0          0       2260      23062   emm_v5.o
      3662        428        194         16        504      28369   emm_v5_app.o
       140         10          0          0          0        987   gpio.o
       314          8          0          0          0     675216   main.o
        64         26        392          0       1536        856   startup_stm32f407xx.o
       180         28          0         12          0       9445   stm32f4xx_hal.o
       198         14          0          0          0      33543   stm32f4xx_hal_cortex.o
      1088         16          8          0          0       7241   stm32f4xx_hal_dma.o
       506         46          0          0          0       2052   stm32f4xx_hal_gpio.o
        48          6          0          0          0        886   stm32f4xx_hal_msp.o
      2576         12          0          0          0      12072   stm32f4xx_hal_pcd.o
        78          0          0          0          0       2297   stm32f4xx_hal_pcd_ex.o
      1356         78          0          0          0       5612   stm32f4xx_hal_rcc.o
      2382         40          0          0          0      15461   stm32f4xx_hal_uart.o
       100         34          0          0          0       7266   stm32f4xx_it.o
      2708        116          0          0          0      21392   stm32f4xx_ll_usb.o
        16          4         24          4          0       1163   system_stm32f4xx.o
       900        106          0         52       1160       8534   uart1_dma.o
       516         52          0          0        528       2811   usart.o
        84         18          0          0        732       2659   usb_device.o
      1290         38          0        139          0      13493   usbd_cdc.o
       124         22          0         20       4096       3984   usbd_cdc_if.o
       642         24          0          0       1796      16128   usbd_conf.o
       934          0          0          0          0      14699   usbd_core.o
      1360         28          0          1          0      14220   usbd_ctlreq.o
       288        104          0         78        512       6005   usbd_desc.o
       138          0          0          0          0       4304   usbd_ioreq.o

    ----------------------------------------------------------------------
     22040       1288        652        328      13124     934619   Object Totals
         0          0         32          0          0          0   (incl. Generated)
        36          0          2          6          0          0   (incl. Padding)

    ----------------------------------------------------------------------

      Code (inc. data)   RO Data    RW Data    ZI Data      Debug   Library Member Name

        60          8          0          0          0         84   __0sscanf.o
        90          0          0          0          0          0   __dczerorl2.o
         8          0          0          0          0         68   __main.o
       392          4         17          0          0         92   __printf_flags_ss_wp.o
        14          0          0          0          0         68   __printf_wp.o
         0          0          0          0          0          0   __rtentry.o
        12          0          0          0          0          0   __rtentry2.o
         6          0          0          0          0          0   __rtentry4.o
        52          8          0          0          0          0   __scatter.o
        28          0          0          0          0          0   __scatter_zi.o
        28          0          0          0          0         68   _chval.o
        48          6          0          0          0         96   _printf_char_common.o
         6          0          0          0          0          0   _printf_d.o
       120         16          0          0          0         92   _printf_dec.o
        88          4         40          0          0         88   _printf_hex_int.o
       178          0          0          0          0         88   _printf_intcommon.o
        78          0          0          0          0        108   _printf_pad.o
         0          0          0          0          0          0   _printf_percent.o
         4          0          0          0          0          0   _printf_percent_end.o
         6          0          0          0          0          0   _printf_u.o
         6          0          0          0          0          0   _printf_x.o
       884          6          0          0          0        100   _scanf.o
       332          0          0          0          0         96   _scanf_int.o
       224          0          0          0          0         96   _scanf_str.o
        64          0          0          0          0         84   _sgetc.o
        16          0          0          0          0         68   _snputc.o
        10          0          0          0          0         68   _sputc.o
        12          0          0          0          0         72   exit.o
         6          0          0          0          0        152   heapauxi.o
         0          0          0          0          0          0   indicate_semi.o
        18          0          0          0          0         76   isspace.o
        44         10        272          0          0         76   lc_ctype_c.o
         2          0          0          0          0          0   libinit.o
        24          0          0          0          0          0   libinit2.o
         2          0          0          0          0          0   libshutdown.o
         2          0          0          0          0          0   libshutdown2.o
         8          4          0          0         96         68   libspace.o
       238          0          0          0          0        100   lludivv7m.o
        52          4          0          0          0         84   noretval__2snprintf.o
        16          4          0          0          0         76   rt_ctype_table.o
         8          4          0          0          0         68   rt_locale_intlibspace.o
        68          0          0          0          0         68   rt_memclr.o
        78          0          0          0          0         80   rt_memclr_w.o
       138          0          0          0          0         68   rt_memcpy_v6.o
       100          0          0          0          0         80   rt_memcpy_w.o
         2          0          0          0          0          0   rtexit.o
        10          0          0          0          0          0   rtexit2.o
        44          8          0          0          0         84   scanf_char.o
       128          0          0          0          0         68   strcmpv7m.o
        12          4          0          0          0         68   sys_exit.o
        74          0          0          0          0         80   sys_stackheap_outer.o
         2          0          0          0          0         68   use_no_semi.o
        10          0          0          0          0        116   fpinit.o

    ----------------------------------------------------------------------
      3866         90        330          0        100       2916   Library Totals
        14          0          1          0          4          0   (incl. Padding)

    ----------------------------------------------------------------------

      Code (inc. data)   RO Data    RW Data    ZI Data      Debug   Library Name

      3842         90        329          0         96       2800   c_w.l
        10          0          0          0          0        116   fz_wm.l

    ----------------------------------------------------------------------
      3866         90        330          0        100       2916   Library Totals

    ----------------------------------------------------------------------

==============================================================================


      Code (inc. data)   RO Data    RW Data    ZI Data      Debug   

     25906       1378        982        328      13224     910975   Grand Totals
     25906       1378        982        184      13224     910975   ELF Image Totals (compressed)
     25906       1378        982        184          0          0   ROM Totals

==============================================================================

    Total RO  Size (Code + RO Data)                26888 (  26.26kB)
    Total RW  Size (RW Data + ZI Data)             13552 (  13.23kB)
    Total ROM Size (Code + RO Data + RW Data)      27072 (  26.44kB)

==============================================================================

